Archive member included to satisfy reference by file (symbol)

C:/ST/STM32CubeIDE_1.12.1/STM32CubeIDE/plugins/com.st.stm32cube.ide.mcu.externaltools.gnu-tools-for-stm32.11.3.rel1.win32_1.1.0.202305231506/tools/bin/../lib/gcc/arm-none-eabi/11.3.1/../../../../arm-none-eabi/lib/thumb/v7e-m+fp/hard\libc_nano.a(libc_a-assert.o)
                              ./Modules/modbus/functions/mbutils.o (__assert_func)
C:/ST/STM32CubeIDE_1.12.1/STM32CubeIDE/plugins/com.st.stm32cube.ide.mcu.externaltools.gnu-tools-for-stm32.11.3.rel1.win32_1.1.0.202305231506/tools/bin/../lib/gcc/arm-none-eabi/11.3.1/../../../../arm-none-eabi/lib/thumb/v7e-m+fp/hard\libc_nano.a(libc_a-exit.o)
                              C:/ST/STM32CubeIDE_1.12.1/STM32CubeIDE/plugins/com.st.stm32cube.ide.mcu.externaltools.gnu-tools-for-stm32.11.3.rel1.win32_1.1.0.202305231506/tools/bin/../lib/gcc/arm-none-eabi/11.3.1/../../../../arm-none-eabi/lib/thumb/v7e-m+fp/hard/crt0.o (exit)
C:/ST/STM32CubeIDE_1.12.1/STM32CubeIDE/plugins/com.st.stm32cube.ide.mcu.externaltools.gnu-tools-for-stm32.11.3.rel1.win32_1.1.0.202305231506/tools/bin/../lib/gcc/arm-none-eabi/11.3.1/../../../../arm-none-eabi/lib/thumb/v7e-m+fp/hard\libc_nano.a(libc_a-findfp.o)
                              C:/ST/STM32CubeIDE_1.12.1/STM32CubeIDE/plugins/com.st.stm32cube.ide.mcu.externaltools.gnu-tools-for-stm32.11.3.rel1.win32_1.1.0.202305231506/tools/bin/../lib/gcc/arm-none-eabi/11.3.1/../../../../arm-none-eabi/lib/thumb/v7e-m+fp/hard\libc_nano.a(libc_a-exit.o) (__stdio_exit_handler)
C:/ST/STM32CubeIDE_1.12.1/STM32CubeIDE/plugins/com.st.stm32cube.ide.mcu.externaltools.gnu-tools-for-stm32.11.3.rel1.win32_1.1.0.202305231506/tools/bin/../lib/gcc/arm-none-eabi/11.3.1/../../../../arm-none-eabi/lib/thumb/v7e-m+fp/hard\libc_nano.a(libc_a-fprintf.o)
                              C:/ST/STM32CubeIDE_1.12.1/STM32CubeIDE/plugins/com.st.stm32cube.ide.mcu.externaltools.gnu-tools-for-stm32.11.3.rel1.win32_1.1.0.202305231506/tools/bin/../lib/gcc/arm-none-eabi/11.3.1/../../../../arm-none-eabi/lib/thumb/v7e-m+fp/hard\libc_nano.a(libc_a-assert.o) (fiprintf)
C:/ST/STM32CubeIDE_1.12.1/STM32CubeIDE/plugins/com.st.stm32cube.ide.mcu.externaltools.gnu-tools-for-stm32.11.3.rel1.win32_1.1.0.202305231506/tools/bin/../lib/gcc/arm-none-eabi/11.3.1/../../../../arm-none-eabi/lib/thumb/v7e-m+fp/hard\libc_nano.a(libc_a-fwalk.o)
                              C:/ST/STM32CubeIDE_1.12.1/STM32CubeIDE/plugins/com.st.stm32cube.ide.mcu.externaltools.gnu-tools-for-stm32.11.3.rel1.win32_1.1.0.202305231506/tools/bin/../lib/gcc/arm-none-eabi/11.3.1/../../../../arm-none-eabi/lib/thumb/v7e-m+fp/hard\libc_nano.a(libc_a-findfp.o) (_fwalk_sglue)
C:/ST/STM32CubeIDE_1.12.1/STM32CubeIDE/plugins/com.st.stm32cube.ide.mcu.externaltools.gnu-tools-for-stm32.11.3.rel1.win32_1.1.0.202305231506/tools/bin/../lib/gcc/arm-none-eabi/11.3.1/../../../../arm-none-eabi/lib/thumb/v7e-m+fp/hard\libc_nano.a(libc_a-stdio.o)
                              C:/ST/STM32CubeIDE_1.12.1/STM32CubeIDE/plugins/com.st.stm32cube.ide.mcu.externaltools.gnu-tools-for-stm32.11.3.rel1.win32_1.1.0.202305231506/tools/bin/../lib/gcc/arm-none-eabi/11.3.1/../../../../arm-none-eabi/lib/thumb/v7e-m+fp/hard\libc_nano.a(libc_a-findfp.o) (__sread)
C:/ST/STM32CubeIDE_1.12.1/STM32CubeIDE/plugins/com.st.stm32cube.ide.mcu.externaltools.gnu-tools-for-stm32.11.3.rel1.win32_1.1.0.202305231506/tools/bin/../lib/gcc/arm-none-eabi/11.3.1/../../../../arm-none-eabi/lib/thumb/v7e-m+fp/hard\libc_nano.a(libc_a-memset.o)
                              C:/ST/STM32CubeIDE_1.12.1/STM32CubeIDE/plugins/com.st.stm32cube.ide.mcu.externaltools.gnu-tools-for-stm32.11.3.rel1.win32_1.1.0.202305231506/tools/bin/../lib/gcc/arm-none-eabi/11.3.1/../../../../arm-none-eabi/lib/thumb/v7e-m+fp/hard/crt0.o (memset)
C:/ST/STM32CubeIDE_1.12.1/STM32CubeIDE/plugins/com.st.stm32cube.ide.mcu.externaltools.gnu-tools-for-stm32.11.3.rel1.win32_1.1.0.202305231506/tools/bin/../lib/gcc/arm-none-eabi/11.3.1/../../../../arm-none-eabi/lib/thumb/v7e-m+fp/hard\libc_nano.a(libc_a-closer.o)
                              C:/ST/STM32CubeIDE_1.12.1/STM32CubeIDE/plugins/com.st.stm32cube.ide.mcu.externaltools.gnu-tools-for-stm32.11.3.rel1.win32_1.1.0.202305231506/tools/bin/../lib/gcc/arm-none-eabi/11.3.1/../../../../arm-none-eabi/lib/thumb/v7e-m+fp/hard\libc_nano.a(libc_a-stdio.o) (_close_r)
C:/ST/STM32CubeIDE_1.12.1/STM32CubeIDE/plugins/com.st.stm32cube.ide.mcu.externaltools.gnu-tools-for-stm32.11.3.rel1.win32_1.1.0.202305231506/tools/bin/../lib/gcc/arm-none-eabi/11.3.1/../../../../arm-none-eabi/lib/thumb/v7e-m+fp/hard\libc_nano.a(libc_a-reent.o)
                              C:/ST/STM32CubeIDE_1.12.1/STM32CubeIDE/plugins/com.st.stm32cube.ide.mcu.externaltools.gnu-tools-for-stm32.11.3.rel1.win32_1.1.0.202305231506/tools/bin/../lib/gcc/arm-none-eabi/11.3.1/../../../../arm-none-eabi/lib/thumb/v7e-m+fp/hard\libc_nano.a(libc_a-closer.o) (errno)
[...]
Memory Configuration

Name             Origin             Length             Attributes
CCMRAM           0x0000000010000000 0x0000000000010000 xrw
RAM              0x0000000020000000 0x0000000000020000 xrw
FLASH            0x0000000008000000 0x0000000000100000 xr
*default*        0x0000000000000000 0xffffffffffffffff

Linker script and memory map

LOAD C:/ST/STM32CubeIDE_1.12.1/STM32CubeIDE/plugins/com.st.stm32cube.ide.mcu.externaltools.gnu-tools-for-stm32.11.3.rel1.win32_1.1.0.202305231506/tools/bin/../lib/gcc/arm-none-eabi/11.3.1/thumb/v7e-m+fp/hard/crti.o
LOAD C:/ST/STM32CubeIDE_1.12.1/STM32CubeIDE/plugins/com.st.stm32cube.ide.mcu.externaltools.gnu-tools-for-stm32.11.3.rel1.win32_1.1.0.202305231506/tools/bin/../lib/gcc/arm-none-eabi/11.3.1/thumb/v7e-m+fp/hard/crtbegin.o
LOAD C:/ST/STM32CubeIDE_1.12.1/STM32CubeIDE/plugins/com.st.stm32cube.ide.mcu.externaltools.gnu-tools-for-stm32.11.3.rel1.win32_1.1.0.202305231506/tools/bin/../lib/gcc/arm-none-eabi/11.3.1/../../../../arm-none-eabi/lib/thumb/v7e-m+fp/hard/crt0.o
LOAD ./Core/Src/main.o
LOAD ./Core/Src/stm32f4xx_hal_msp.o
LOAD ./Core/Src/stm32f4xx_it.o
LOAD ./Core/Src/syscalls.o
LOAD ./Core/Src/sysmem.o
LOAD ./Core/Src/system_stm32f4xx.o
LOAD ./Core/Startup/startup_stm32f407ighx.o
LOAD ./Drivers/STM32F4xx_HAL_Driver/Src/stm32f4xx_hal.o
LOAD ./Drivers/STM32F4xx_HAL_Driver/Src/stm32f4xx_hal_cortex.o
LOAD ./Drivers/STM32F4xx_HAL_Driver/Src/stm32f4xx_hal_dma.o
LOAD ./Drivers/STM32F4xx_HAL_Driver/Src/stm32f4xx_hal_dma_ex.o
LOAD ./Drivers/STM32F4xx_HAL_Driver/Src/stm32f4xx_hal_exti.o
LOAD ./Drivers/STM32F4xx_HAL_Driver/Src/stm32f4xx_hal_flash.o
LOAD ./Drivers/STM32F4xx_HAL_Driver/Src/stm32f4xx_hal_flash_ex.o
LOAD ./Drivers/STM32F4xx_HAL_Driver/Src/stm32f4xx_hal_flash_ramfunc.o
LOAD ./Drivers/STM32F4xx_HAL_Driver/Src/stm32f4xx_hal_gpio.o
LOAD ./Drivers/STM32F4xx_HAL_Driver/Src/stm32f4xx_hal_pwr.o
LOAD ./Drivers/STM32F4xx_HAL_Driver/Src/stm32f4xx_hal_pwr_ex.o
LOAD ./Drivers/STM32F4xx_HAL_Driver/Src/stm32f4xx_hal_rcc.o
LOAD ./Drivers/STM32F4xx_HAL_Driver/Src/stm32f4xx_hal_rcc_ex.o
LOAD ./Drivers/STM32F4xx_HAL_Driver/Src/stm32f4xx_hal_tim.o
LOAD ./Drivers/STM32F4xx_HAL_Driver/Src/stm32f4xx_hal_tim_ex.o
LOAD ./Drivers/STM32F4xx_HAL_Driver/Src/stm32f4xx_hal_uart.o
LOAD ./Modules/modbus/ascii/mbascii.o
LOAD ./Modules/modbus/functions/mbfunccoils.o
LOAD ./Modules/modbus/functions/mbfuncdiag.o
LOAD ./Modules/modbus/functions/mbfuncdisc.o
LOAD ./Modules/modbus/functions/mbfuncholding.o
LOAD ./Modules/modbus/functions/mbfuncinput.o
LOAD ./Modules/modbus/functions/mbfuncother.o
LOAD ./Modules/modbus/functions/mbutils.o
LOAD ./Modules/modbus/mb.o
LOAD ./Modules/modbus/port/mt_port.o
LOAD ./Modules/modbus/port/portevent.o
LOAD ./Modules/modbus/port/portserial.o
LOAD ./Modules/modbus/port/porttimer.o
LOAD ./Modules/modbus/rtu/mbcrc.o
LOAD ./Modules/modbus/rtu/mbrtu.o
LOAD ./Modules/modbus/tcp/mbtcp.o
START GROUP
LOAD C:/ST/STM32CubeIDE_1.12.1/STM32CubeIDE/plugins/com.st.stm32cube.ide.mcu.externaltools.gnu-tools-for-stm32.11.3.rel1.win32_1.1.0.202305231506/tools/bin/../lib/gcc/arm-none-eabi/11.3.1/../../../../arm-none-eabi/lib/thumb/v7e-m+fp/hard\libc_nano.a
LOAD C:/ST/STM32CubeIDE_1.12.1/STM32CubeIDE/plugins/com.st.stm32cube.ide.mcu.externaltools.gnu-tools-for-stm32.11.3.rel1.win32_1.1.0.202305231506/tools/bin/../lib/gcc/arm-none-eabi/11.3.1/../../../../arm-none-eabi/lib/thumb/v7e-m+fp/hard\libm.a
END GROUP
START GROUP
LOAD C:/ST/STM32CubeIDE_1.12.1/STM32CubeIDE/plugins/com.st.stm32cube.ide.mcu.externaltools.gnu-tools-for-stm32.11.3.rel1.win32_1.1.0.202305231506/tools/bin/../lib/gcc/arm-none-eabi/11.3.1/thumb/v7e-m+fp/hard\libgcc.a
LOAD C:/ST/STM32CubeIDE_1.12.1/STM32CubeIDE/plugins/com.st.stm32cube.ide.mcu.externaltools.gnu-tools-for-stm32.11.3.rel1.win32_1.1.0.202305231506/tools/bin/../lib/gcc/arm-none-eabi/11.3.1/../../../../arm-none-eabi/lib/thumb/v7e-m+fp/hard\libc_nano.a
END GROUP
START GROUP
LOAD C:/ST/STM32CubeIDE_1.12.1/STM32CubeIDE/plugins/com.st.stm32cube.ide.mcu.externaltools.gnu-tools-for-stm32.11.3.rel1.win32_1.1.0.202305231506/tools/bin/../lib/gcc/arm-none-eabi/11.3.1/thumb/v7e-m+fp/hard\libgcc.a
LOAD C:/ST/STM32CubeIDE_1.12.1/STM32CubeIDE/plugins/com.st.stm32cube.ide.mcu.externaltools.gnu-tools-for-stm32.11.3.rel1.win32_1.1.0.202305231506/tools/bin/../lib/gcc/arm-none-eabi/11.3.1/../../../../arm-none-eabi/lib/thumb/v7e-m+fp/hard\libc_nano.a
LOAD C:/ST/STM32CubeIDE_1.12.1/STM32CubeIDE/plugins/com.st.stm32cube.ide.mcu.externaltools.gnu-tools-for-stm32.11.3.rel1.win32_1.1.0.202305231506/tools/bin/../lib/gcc/arm-none-eabi/11.3.1/../../../../arm-none-eabi/lib/thumb/v7e-m+fp/hard\libnosys.a
END GROUP
START GROUP
LOAD C:/ST/STM32CubeIDE_1.12.1/STM32CubeIDE/plugins/com.st.stm32cube.ide.mcu.externaltools.gnu-tools-for-stm32.11.3.rel1.win32_1.1.0.202305231506/tools/bin/../lib/gcc/arm-none-eabi/11.3.1/thumb/v7e-m+fp/hard\libgcc.a
LOAD C:/ST/STM32CubeIDE_1.12.1/STM32CubeIDE/plugins/com.st.stm32cube.ide.mcu.externaltools.gnu-tools-for-stm32.11.3.rel1.win32_1.1.0.202305231506/tools/bin/../lib/gcc/arm-none-eabi/11.3.1/../../../../arm-none-eabi/lib/thumb/v7e-m+fp/hard\libc_nano.a
LOAD C:/ST/STM32CubeIDE_1.12.1/STM32CubeIDE/plugins/com.st.stm32cube.ide.mcu.externaltools.gnu-tools-for-stm32.11.3.rel1.win32_1.1.0.202305231506/tools/bin/../lib/gcc/arm-none-eabi/11.3.1/../../../../arm-none-eabi/lib/thumb/v7e-m+fp/hard\libnosys.a
END GROUP
LOAD C:/ST/STM32CubeIDE_1.12.1/STM32CubeIDE/plugins/com.st.stm32cube.ide.mcu.externaltools.gnu-tools-for-stm32.11.3.rel1.win32_1.1.0.202305231506/tools/bin/../lib/gcc/arm-none-eabi/11.3.1/thumb/v7e-m+fp/hard/crtend.o
LOAD C:/ST/STM32CubeIDE_1.12.1/STM32CubeIDE/plugins/com.st.stm32cube.ide.mcu.externaltools.gnu-tools-for-stm32.11.3.rel1.win32_1.1.0.202305231506/tools/bin/../lib/gcc/arm-none-eabi/11.3.1/thumb/v7e-m+fp/hard/crtn.o
                0x0000000020020000                _estack = (ORIGIN (RAM) + LENGTH (RAM))
                0x0000000000000200                _Min_Heap_Size = 0x200
                0x0000000000000400                _Min_Stack_Size = 0x400

.isr_vector     0x0000000008000000      0x188
                0x0000000008000000                . = ALIGN (0x4)
 *(.isr_vector)
 .isr_vector    0x0000000008000000      0x188 ./Core/Startup/startup_stm32f407ighx.o
                0x0000000008000000                g_pfnVectors
                0x0000000008000188                . = ALIGN (0x4)

.text           0x0000000008000190     0x64f4
                0x0000000008000190                . = ALIGN (0x4)
 *(.text)
 .text          0x0000000008000190       0x40 C:/ST/STM32CubeIDE_1.12.1/STM32CubeIDE/plugins/com.st.stm32cube.ide.mcu.externaltools.gnu-tools-for-stm32.11.3.rel1.win32_1.1.0.202305231506/tools/bin/../lib/gcc/arm-none-eabi/11.3.1/thumb/v7e-m+fp/hard/crtbegin.o
 .text          0x00000000080001d0       0xa0 C:/ST/STM32CubeIDE_1.12.1/STM32CubeIDE/plugins/com.st.stm32cube.ide.mcu.externaltools.gnu-tools-for-stm32.11.3.rel1.win32_1.1.0.202305231506/tools/bin/../lib/gcc/arm-none-eabi/11.3.1/../../../../arm-none-eabi/lib/thumb/v7e-m+fp/hard\libc_nano.a(libc_a-memchr.o)
                0x00000000080001d0                memchr
 .text          0x0000000008000270       0x30 C:/ST/STM32CubeIDE_1.12.1/STM32CubeIDE/plugins/com.st.stm32cube.ide.mcu.externaltools.gnu-tools-for-stm32.11.3.rel1.win32_1.1.0.202305231506/tools/bin/../lib/gcc/arm-none-eabi/11.3.1/thumb/v7e-m+fp/hard\libgcc.a(_aeabi_uldivmod.o)
                0x0000000008000270                __aeabi_uldivmod
 .text          0x00000000080002a0      0x2c8 C:/ST/STM32CubeIDE_1.12.1/STM32CubeIDE/plugins/com.st.stm32cube.ide.mcu.externaltools.gnu-tools-for-stm32.11.3.rel1.win32_1.1.0.202305231506/tools/bin/../lib/gcc/arm-none-eabi/11.3.1/thumb/v7e-m+fp/hard\libgcc.a(_udivmoddi4.o)
                0x00000000080002a0                __udivmoddi4
 .text          0x0000000008000568        0x4 C:/ST/STM32CubeIDE_1.12.1/STM32CubeIDE/plugins/com.st.stm32cube.ide.mcu.externaltools.gnu-tools-for-stm32.11.3.rel1.win32_1.1.0.202305231506/tools/bin/../lib/gcc/arm-none-eabi/11.3.1/thumb/v7e-m+fp/hard\libgcc.a(_dvmd_tls.o)
                0x0000000008000568                __aeabi_idiv0
                0x0000000008000568                __aeabi_ldiv0
 *(.text*)
 .text.main     0x000000000800056c      0x114 ./Core/Src/main.o
                0x000000000800056c                main
 .text.SystemClock_Config
                0x0000000008000680       0xbc ./Core/Src/main.o
                0x0000000008000680                SystemClock_Config
 .text.MX_NVIC_Init
                0x000000000800073c       0x48 ./Core/Src/main.o
 .text.MX_TIM3_Init
                0x0000000008000784       0x98 ./Core/Src/main.o
 .text.MX_TIM10_Init
                0x000000000800081c       0x48 ./Core/Src/main.o
 .text.MX_UART4_Init
                0x0000000008000864       0x54 ./Core/Src/main.o
 .text.MX_USART1_UART_Init
                0x00000000080008b8       0x54 ./Core/Src/main.o
 .text.MX_GPIO_Init
                0x000000000800090c      0x238 ./Core/Src/main.o
 .text.HAL_GPIO_EXTI_Callback
                0x0000000008000b44      0x108 ./Core/Src/main.o
                0x0000000008000b44                HAL_GPIO_EXTI_Callback
 .text.HAL_UART_RxCpltCallback
                0x0000000008000c4c       0x16 ./Core/Src/main.o
                0x0000000008000c4c                HAL_UART_RxCpltCallback
 .text.HAL_UART_TxCpltCallback
                0x0000000008000c62       0x16 ./Core/Src/main.o
                0x0000000008000c62                HAL_UART_TxCpltCallback
 .text.HAL_TIM_PeriodElapsedCallback
                0x0000000008000c78       0xa4 ./Core/Src/main.o
                0x0000000008000c78                HAL_TIM_PeriodElapsedCallback
 .text.Init_SpeedMeasure
                0x0000000008000d1c       0x40 ./Core/Src/main.o
 .text.Calculate_Speed
                0x0000000008000d5c       0x80 ./Core/Src/main.o
 .text.eMBRegInputCB
                0x0000000008000ddc       0x84 ./Core/Src/main.o
                0x0000000008000ddc                eMBRegInputCB
 .text.eMBRegHoldingCB
                0x0000000008000e60       0xe8 ./Core/Src/main.o
                0x0000000008000e60                eMBRegHoldingCB
 .text.eMBRegCoilsCB
                0x0000000008000f48       0xd8 ./Core/Src/main.o
                0x0000000008000f48                eMBRegCoilsCB
 .text.eMBRegDiscreteCB
                0x0000000008001020       0x1e ./Core/Src/main.o
                0x0000000008001020                eMBRegDiscreteCB
 *fill*         0x000000000800103e        0x2 
 .text.CtrlRegister_Handler
                0x0000000008001040       0x84 ./Core/Src/main.o
 .text.Error_Handler
                0x00000000080010c4        0xa ./Core/Src/main.o
                0x00000000080010c4                Error_Handler
 *fill*         0x00000000080010ce        0x2 
 .text.HAL_MspInit
                0x00000000080010d0       0x50 ./Core/Src/stm32f4xx_hal_msp.o
                0x00000000080010d0                HAL_MspInit
 .text.HAL_TIM_Base_MspInit
                0x0000000008001120       0x7c ./Core/Src/stm32f4xx_hal_msp.o
                0x0000000008001120                HAL_TIM_Base_MspInit
 .text.HAL_UART_MspInit
                0x000000000800119c      0x110 ./Core/Src/stm32f4xx_hal_msp.o
                0x000000000800119c                HAL_UART_MspInit
 .text.NMI_Handler
                0x00000000080012ac        0xa ./Core/Src/stm32f4xx_it.o
                0x00000000080012ac                NMI_Handler
 .text.HardFault_Handler
                0x00000000080012b6        0x6 ./Core/Src/stm32f4xx_it.o
                0x00000000080012b6                HardFault_Handler
 .text.MemManage_Handler
                0x00000000080012bc        0x6 ./Core/Src/stm32f4xx_it.o
                0x00000000080012bc                MemManage_Handler
 .text.BusFault_Handler
                0x00000000080012c2        0x6 ./Core/Src/stm32f4xx_it.o
                0x00000000080012c2                BusFault_Handler
 .text.UsageFault_Handler
                0x00000000080012c8        0x6 ./Core/Src/stm32f4xx_it.o
                0x00000000080012c8                UsageFault_Handler
 .text.SVC_Handler
                0x00000000080012ce        0xe ./Core/Src/stm32f4xx_it.o
                0x00000000080012ce                SVC_Handler
 .text.DebugMon_Handler
                0x00000000080012dc        0xe ./Core/Src/stm32f4xx_it.o
                0x00000000080012dc                DebugMon_Handler
 .text.PendSV_Handler
                0x00000000080012ea        0xe ./Core/Src/stm32f4xx_it.o
                0x00000000080012ea                PendSV_Handler
 .text.SysTick_Handler
                0x00000000080012f8        0xc ./Core/Src/stm32f4xx_it.o
                0x00000000080012f8                SysTick_Handler
 .text.EXTI0_IRQHandler
                0x0000000008001304        0xe ./Core/Src/stm32f4xx_it.o
                0x0000000008001304                EXTI0_IRQHandler
 .text.EXTI1_IRQHandler
                0x0000000008001312        0xe ./Core/Src/stm32f4xx_it.o
                0x0000000008001312                EXTI1_IRQHandler
 .text.TIM1_UP_TIM10_IRQHandler
                0x0000000008001320       0x14 ./Core/Src/stm32f4xx_it.o
                0x0000000008001320                TIM1_UP_TIM10_IRQHandler
 .text.TIM3_IRQHandler
                0x0000000008001334       0x14 ./Core/Src/stm32f4xx_it.o
                0x0000000008001334                TIM3_IRQHandler
 .text.USART1_IRQHandler
                0x0000000008001348       0x14 ./Core/Src/stm32f4xx_it.o
                0x0000000008001348                USART1_IRQHandler
 .text.UART4_IRQHandler
                0x000000000800135c       0x14 ./Core/Src/stm32f4xx_it.o
                0x000000000800135c                UART4_IRQHandler
 .text._getpid  0x0000000008001370       0x10 ./Core/Src/syscalls.o
                0x0000000008001370                _getpid
 .text._kill    0x0000000008001380       0x20 ./Core/Src/syscalls.o
                0x0000000008001380                _kill
 .text._exit    0x00000000080013a0       0x14 ./Core/Src/syscalls.o
                0x00000000080013a0                _exit
 .text._read    0x00000000080013b4       0x3a ./Core/Src/syscalls.o
                0x00000000080013b4                _read
 .text._write   0x00000000080013ee       0x38 ./Core/Src/syscalls.o
                0x00000000080013ee                _write
 .text._close   0x0000000008001426       0x18 ./Core/Src/syscalls.o
                0x0000000008001426                _close
 .text._fstat   0x000000000800143e       0x20 ./Core/Src/syscalls.o
                0x000000000800143e                _fstat
 .text._isatty  0x000000000800145e       0x16 ./Core/Src/syscalls.o
                0x000000000800145e                _isatty
 .text._lseek   0x0000000008001474       0x1a ./Core/Src/syscalls.o
                0x0000000008001474                _lseek
 *fill*         0x000000000800148e        0x2 
 .text._sbrk    0x0000000008001490       0x6c ./Core/Src/sysmem.o
                0x0000000008001490                _sbrk
 .text.SystemInit
                0x00000000080014fc       0x24 ./Core/Src/system_stm32f4xx.o
                0x00000000080014fc                SystemInit
 .text.Reset_Handler
                0x0000000008001520       0x50 ./Core/Startup/startup_stm32f407ighx.o
                0x0000000008001520                Reset_Handler
 .text.Default_Handler
                0x0000000008001570        0x2 ./Core/Startup/startup_stm32f407ighx.o
                0x0000000008001570                RTC_Alarm_IRQHandler
                0x0000000008001570                HASH_RNG_IRQHandler
                0x0000000008001570                EXTI2_IRQHandler
                0x0000000008001570                TIM8_CC_IRQHandler
                0x0000000008001570                TIM1_CC_IRQHandler
                0x0000000008001570                DMA2_Stream5_IRQHandler
                0x0000000008001570                DMA1_Stream5_IRQHandler
                0x0000000008001570                PVD_IRQHandler
                0x0000000008001570                SDIO_IRQHandler
                0x0000000008001570                TAMP_STAMP_IRQHandler
                0x0000000008001570                CAN2_RX1_IRQHandler
                0x0000000008001570                EXTI3_IRQHandler
                0x0000000008001570                TIM8_TRG_COM_TIM14_IRQHandler
                0x0000000008001570                TIM8_UP_TIM13_IRQHandler
                0x0000000008001570                I2C3_ER_IRQHandler
                0x0000000008001570                I2C2_EV_IRQHandler
                0x0000000008001570                DMA1_Stream2_IRQHandler
                0x0000000008001570                CAN1_RX0_IRQHandler
                0x0000000008001570                FPU_IRQHandler
                0x0000000008001570                OTG_HS_WKUP_IRQHandler
                0x0000000008001570                CAN2_SCE_IRQHandler
                0x0000000008001570                DMA2_Stream2_IRQHandler
                0x0000000008001570                SPI1_IRQHandler
                0x0000000008001570                TIM6_DAC_IRQHandler
                0x0000000008001570                TIM1_BRK_TIM9_IRQHandler
                0x0000000008001570                DCMI_IRQHandler
                0x0000000008001570                CAN2_RX0_IRQHandler
                0x0000000008001570                DMA2_Stream3_IRQHandler
                0x0000000008001570                USART6_IRQHandler
                0x0000000008001570                USART3_IRQHandler
                0x0000000008001570                CAN1_RX1_IRQHandler
                0x0000000008001570                UART5_IRQHandler
                0x0000000008001570                DMA2_Stream0_IRQHandler
                0x0000000008001570                TIM4_IRQHandler
                0x0000000008001570                I2C1_EV_IRQHandler
                0x0000000008001570                DMA1_Stream6_IRQHandler
                0x0000000008001570                DMA1_Stream1_IRQHandler
                0x0000000008001570                RCC_IRQHandler
                0x0000000008001570                TIM8_BRK_TIM12_IRQHandler
                0x0000000008001570                Default_Handler
                0x0000000008001570                EXTI15_10_IRQHandler
                0x0000000008001570                ADC_IRQHandler
                0x0000000008001570                DMA1_Stream7_IRQHandler
                0x0000000008001570                TIM7_IRQHandler
                0x0000000008001570                CAN2_TX_IRQHandler
                0x0000000008001570                TIM5_IRQHandler
                0x0000000008001570                DMA2_Stream7_IRQHandler
                0x0000000008001570                I2C3_EV_IRQHandler
                0x0000000008001570                EXTI9_5_IRQHandler
                0x0000000008001570                RTC_WKUP_IRQHandler
                0x0000000008001570                ETH_WKUP_IRQHandler
                0x0000000008001570                SPI2_IRQHandler
                0x0000000008001570                OTG_HS_EP1_IN_IRQHandler
                0x0000000008001570                DMA1_Stream0_IRQHandler
                0x0000000008001570                CAN1_TX_IRQHandler
                0x0000000008001570                EXTI4_IRQHandler
                0x0000000008001570                FSMC_IRQHandler
                0x0000000008001570                ETH_IRQHandler
                0x0000000008001570                OTG_HS_EP1_OUT_IRQHandler
                0x0000000008001570                WWDG_IRQHandler
                0x0000000008001570                TIM2_IRQHandler
                0x0000000008001570                OTG_FS_WKUP_IRQHandler
                0x0000000008001570                TIM1_TRG_COM_TIM11_IRQHandler
                0x0000000008001570                OTG_HS_IRQHandler
                0x0000000008001570                USART2_IRQHandler
                0x0000000008001570                I2C2_ER_IRQHandler
                0x0000000008001570                DMA2_Stream1_IRQHandler
                0x0000000008001570                CAN1_SCE_IRQHandler
                0x0000000008001570                FLASH_IRQHandler
                0x0000000008001570                DMA2_Stream4_IRQHandler
                0x0000000008001570                OTG_FS_IRQHandler
                0x0000000008001570                SPI3_IRQHandler
                0x0000000008001570                DMA1_Stream4_IRQHandler
                0x0000000008001570                I2C1_ER_IRQHandler
                0x0000000008001570                DMA2_Stream6_IRQHandler
                0x0000000008001570                DMA1_Stream3_IRQHandler
 *fill*         0x0000000008001572        0x2 
 .text.HAL_Init
                0x0000000008001574       0x44 ./Drivers/STM32F4xx_HAL_Driver/Src/stm32f4xx_hal.o
                0x0000000008001574                HAL_Init
 .text.HAL_InitTick
                0x00000000080015b8       0x60 ./Drivers/STM32F4xx_HAL_Driver/Src/stm32f4xx_hal.o
                0x00000000080015b8                HAL_InitTick
 .text.HAL_IncTick
                0x0000000008001618       0x28 ./Drivers/STM32F4xx_HAL_Driver/Src/stm32f4xx_hal.o
                0x0000000008001618                HAL_IncTick
 .text.HAL_GetTick
                0x0000000008001640       0x18 ./Drivers/STM32F4xx_HAL_Driver/Src/stm32f4xx_hal.o
                0x0000000008001640                HAL_GetTick
 .text.__NVIC_SetPriorityGrouping
                0x0000000008001658       0x48 ./Drivers/STM32F4xx_HAL_Driver/Src/stm32f4xx_hal_cortex.o
 .text.__NVIC_GetPriorityGrouping
                0x00000000080016a0       0x1c ./Drivers/STM32F4xx_HAL_Driver/Src/stm32f4xx_hal_cortex.o
 .text.__NVIC_EnableIRQ
                0x00000000080016bc       0x3c ./Drivers/STM32F4xx_HAL_Driver/Src/stm32f4xx_hal_cortex.o
 .text.__NVIC_DisableIRQ
                0x00000000080016f8       0x48 ./Drivers/STM32F4xx_HAL_Driver/Src/stm32f4xx_hal_cortex.o
 .text.__NVIC_GetPendingIRQ
                0x0000000008001740       0x44 ./Drivers/STM32F4xx_HAL_Driver/Src/stm32f4xx_hal_cortex.o
 .text.__NVIC_ClearPendingIRQ
                0x0000000008001784       0x3c ./Drivers/STM32F4xx_HAL_Driver/Src/stm32f4xx_hal_cortex.o
 .text.__NVIC_SetPriority
                0x00000000080017c0       0x54 ./Drivers/STM32F4xx_HAL_Driver/Src/stm32f4xx_hal_cortex.o
 .text.NVIC_EncodePriority
                0x0000000008001814       0x66 ./Drivers/STM32F4xx_HAL_Driver/Src/stm32f4xx_hal_cortex.o
 *fill*         0x000000000800187a        0x2 
 .text.SysTick_Config
                0x000000000800187c       0x44 ./Drivers/STM32F4xx_HAL_Driver/Src/stm32f4xx_hal_cortex.o
 .text.HAL_NVIC_SetPriorityGrouping
                0x00000000080018c0       0x16 ./Drivers/STM32F4xx_HAL_Driver/Src/stm32f4xx_hal_cortex.o
                0x00000000080018c0                HAL_NVIC_SetPriorityGrouping
 .text.HAL_NVIC_SetPriority
                0x00000000080018d6       0x38 ./Drivers/STM32F4xx_HAL_Driver/Src/stm32f4xx_hal_cortex.o
                0x00000000080018d6                HAL_NVIC_SetPriority
 .text.HAL_NVIC_EnableIRQ
                0x000000000800190e       0x1c ./Drivers/STM32F4xx_HAL_Driver/Src/stm32f4xx_hal_cortex.o
                0x000000000800190e                HAL_NVIC_EnableIRQ
 .text.HAL_NVIC_DisableIRQ
                0x000000000800192a       0x1c ./Drivers/STM32F4xx_HAL_Driver/Src/stm32f4xx_hal_cortex.o
                0x000000000800192a                HAL_NVIC_DisableIRQ
 .text.HAL_SYSTICK_Config
                0x0000000008001946       0x18 ./Drivers/STM32F4xx_HAL_Driver/Src/stm32f4xx_hal_cortex.o
                0x0000000008001946                HAL_SYSTICK_Config
 .text.HAL_NVIC_GetPendingIRQ
                0x000000000800195e       0x1e ./Drivers/STM32F4xx_HAL_Driver/Src/stm32f4xx_hal_cortex.o
                0x000000000800195e                HAL_NVIC_GetPendingIRQ
 .text.HAL_NVIC_ClearPendingIRQ
                0x000000000800197c       0x1c ./Drivers/STM32F4xx_HAL_Driver/Src/stm32f4xx_hal_cortex.o
                0x000000000800197c                HAL_NVIC_ClearPendingIRQ
 .text.HAL_DMA_Abort
                0x0000000008001998       0xe0 ./Drivers/STM32F4xx_HAL_Driver/Src/stm32f4xx_hal_dma.o
                0x0000000008001998                HAL_DMA_Abort
 .text.HAL_DMA_Abort_IT
                0x0000000008001a78       0x44 ./Drivers/STM32F4xx_HAL_Driver/Src/stm32f4xx_hal_dma.o
                0x0000000008001a78                HAL_DMA_Abort_IT
 .text.HAL_GPIO_Init
                0x0000000008001abc      0x338 ./Drivers/STM32F4xx_HAL_Driver/Src/stm32f4xx_hal_gpio.o
                0x0000000008001abc                HAL_GPIO_Init
 .text.HAL_GPIO_WritePin
                0x0000000008001df4       0x32 ./Drivers/STM32F4xx_HAL_Driver/Src/stm32f4xx_hal_gpio.o
                0x0000000008001df4                HAL_GPIO_WritePin
 .text.HAL_GPIO_TogglePin
                0x0000000008001e26       0x34 ./Drivers/STM32F4xx_HAL_Driver/Src/stm32f4xx_hal_gpio.o
                0x0000000008001e26                HAL_GPIO_TogglePin
 .text.HAL_GPIO_LockPin
                0x0000000008001e5a       0x50 ./Drivers/STM32F4xx_HAL_Driver/Src/stm32f4xx_hal_gpio.o
                0x0000000008001e5a                HAL_GPIO_LockPin
 *fill*         0x0000000008001eaa        0x2 
 .text.HAL_GPIO_EXTI_IRQHandler
                0x0000000008001eac       0x30 ./Drivers/STM32F4xx_HAL_Driver/Src/stm32f4xx_hal_gpio.o
                0x0000000008001eac                HAL_GPIO_EXTI_IRQHandler
 .text.HAL_RCC_OscConfig
                0x0000000008001edc      0x4f0 ./Drivers/STM32F4xx_HAL_Driver/Src/stm32f4xx_hal_rcc.o
                0x0000000008001edc                HAL_RCC_OscConfig
 .text.HAL_RCC_ClockConfig
                0x00000000080023cc      0x1cc ./Drivers/STM32F4xx_HAL_Driver/Src/stm32f4xx_hal_rcc.o
                0x00000000080023cc                HAL_RCC_ClockConfig
 .text.HAL_RCC_EnableCSS
                0x0000000008002598       0x18 ./Drivers/STM32F4xx_HAL_Driver/Src/stm32f4xx_hal_rcc.o
                0x0000000008002598                HAL_RCC_EnableCSS
 .text.HAL_RCC_GetSysClockFreq
                0x00000000080025b0      0x18c ./Drivers/STM32F4xx_HAL_Driver/Src/stm32f4xx_hal_rcc.o
                0x00000000080025b0                HAL_RCC_GetSysClockFreq
 .text.HAL_RCC_GetHCLKFreq
                0x000000000800273c       0x18 ./Drivers/STM32F4xx_HAL_Driver/Src/stm32f4xx_hal_rcc.o
                0x000000000800273c                HAL_RCC_GetHCLKFreq
 .text.HAL_RCC_GetPCLK1Freq
                0x0000000008002754       0x28 ./Drivers/STM32F4xx_HAL_Driver/Src/stm32f4xx_hal_rcc.o
                0x0000000008002754                HAL_RCC_GetPCLK1Freq
 .text.HAL_RCC_GetPCLK2Freq
                0x000000000800277c       0x28 ./Drivers/STM32F4xx_HAL_Driver/Src/stm32f4xx_hal_rcc.o
                0x000000000800277c                HAL_RCC_GetPCLK2Freq
 .text.HAL_RCC_NMI_IRQHandler
                0x00000000080027a4       0x28 ./Drivers/STM32F4xx_HAL_Driver/Src/stm32f4xx_hal_rcc.o
                0x00000000080027a4                HAL_RCC_NMI_IRQHandler
 .text.HAL_RCC_CSSCallback
                0x00000000080027cc        0xe ./Drivers/STM32F4xx_HAL_Driver/Src/stm32f4xx_hal_rcc.o
                0x00000000080027cc                HAL_RCC_CSSCallback
 .text.HAL_TIM_Base_Init
                0x00000000080027da       0x9e ./Drivers/STM32F4xx_HAL_Driver/Src/stm32f4xx_hal_tim.o
                0x00000000080027da                HAL_TIM_Base_Init
 .text.HAL_TIM_Base_Start_IT
                0x0000000008002878       0xe0 ./Drivers/STM32F4xx_HAL_Driver/Src/stm32f4xx_hal_tim.o
                0x0000000008002878                HAL_TIM_Base_Start_IT
 .text.HAL_TIM_Base_Stop_IT
                0x0000000008002958       0x5e ./Drivers/STM32F4xx_HAL_Driver/Src/stm32f4xx_hal_tim.o
                0x0000000008002958                HAL_TIM_Base_Stop_IT
 .text.HAL_TIM_IRQHandler
                0x00000000080029b6      0x210 ./Drivers/STM32F4xx_HAL_Driver/Src/stm32f4xx_hal_tim.o
                0x00000000080029b6                HAL_TIM_IRQHandler
 .text.HAL_TIM_ConfigClockSource
                0x0000000008002bc6      0x18e ./Drivers/STM32F4xx_HAL_Driver/Src/stm32f4xx_hal_tim.o
                0x0000000008002bc6                HAL_TIM_ConfigClockSource
 .text.HAL_TIM_OC_DelayElapsedCallback
                0x0000000008002d54       0x14 ./Drivers/STM32F4xx_HAL_Driver/Src/stm32f4xx_hal_tim.o
                0x0000000008002d54                HAL_TIM_OC_DelayElapsedCallback
 .text.HAL_TIM_IC_CaptureCallback
                0x0000000008002d68       0x14 ./Drivers/STM32F4xx_HAL_Driver/Src/stm32f4xx_hal_tim.o
                0x0000000008002d68                HAL_TIM_IC_CaptureCallback
 .text.HAL_TIM_PWM_PulseFinishedCallback
                0x0000000008002d7c       0x14 ./Drivers/STM32F4xx_HAL_Driver/Src/stm32f4xx_hal_tim.o
                0x0000000008002d7c                HAL_TIM_PWM_PulseFinishedCallback
 .text.HAL_TIM_TriggerCallback
                0x0000000008002d90       0x14 ./Drivers/STM32F4xx_HAL_Driver/Src/stm32f4xx_hal_tim.o
                0x0000000008002d90                HAL_TIM_TriggerCallback
 .text.TIM_Base_SetConfig
                0x0000000008002da4      0x140 ./Drivers/STM32F4xx_HAL_Driver/Src/stm32f4xx_hal_tim.o
                0x0000000008002da4                TIM_Base_SetConfig
 .text.TIM_TI1_ConfigInputStage
                0x0000000008002ee4       0x5e ./Drivers/STM32F4xx_HAL_Driver/Src/stm32f4xx_hal_tim.o
 .text.TIM_TI2_ConfigInputStage
                0x0000000008002f42       0x60 ./Drivers/STM32F4xx_HAL_Driver/Src/stm32f4xx_hal_tim.o
 .text.TIM_ITRx_SetConfig
                0x0000000008002fa2       0x36 ./Drivers/STM32F4xx_HAL_Driver/Src/stm32f4xx_hal_tim.o
 .text.TIM_ETR_SetConfig
                0x0000000008002fd8       0x40 ./Drivers/STM32F4xx_HAL_Driver/Src/stm32f4xx_hal_tim.o
                0x0000000008002fd8                TIM_ETR_SetConfig
 .text.HAL_TIMEx_MasterConfigSynchronization
                0x0000000008003018       0xf8 ./Drivers/STM32F4xx_HAL_Driver/Src/stm32f4xx_hal_tim_ex.o
                0x0000000008003018                HAL_TIMEx_MasterConfigSynchronization
 .text.HAL_TIMEx_CommutCallback
                0x0000000008003110       0x14 ./Drivers/STM32F4xx_HAL_Driver/Src/stm32f4xx_hal_tim_ex.o
                0x0000000008003110                HAL_TIMEx_CommutCallback
 .text.HAL_TIMEx_BreakCallback
                0x0000000008003124       0x14 ./Drivers/STM32F4xx_HAL_Driver/Src/stm32f4xx_hal_tim_ex.o
                0x0000000008003124                HAL_TIMEx_BreakCallback
 .text.HAL_UART_Init
                0x0000000008003138       0x9a ./Drivers/STM32F4xx_HAL_Driver/Src/stm32f4xx_hal_uart.o
                0x0000000008003138                HAL_UART_Init
 .text.HAL_UART_Transmit_IT
                0x00000000080031d2       0x8a ./Drivers/STM32F4xx_HAL_Driver/Src/stm32f4xx_hal_uart.o
                0x00000000080031d2                HAL_UART_Transmit_IT
 .text.HAL_UART_Receive_IT
                0x000000000800325c       0x60 ./Drivers/STM32F4xx_HAL_Driver/Src/stm32f4xx_hal_uart.o
                0x000000000800325c                HAL_UART_Receive_IT
 .text.HAL_UART_AbortTransmit_IT
                0x00000000080032bc       0xe8 ./Drivers/STM32F4xx_HAL_Driver/Src/stm32f4xx_hal_uart.o
                0x00000000080032bc                HAL_UART_AbortTransmit_IT
 .text.HAL_UART_AbortReceive_IT
                0x00000000080033a4      0x164 ./Drivers/STM32F4xx_HAL_Driver/Src/stm32f4xx_hal_uart.o
                0x00000000080033a4                HAL_UART_AbortReceive_IT
 .text.HAL_UART_IRQHandler
                0x0000000008003508      0x51c ./Drivers/STM32F4xx_HAL_Driver/Src/stm32f4xx_hal_uart.o
                0x0000000008003508                HAL_UART_IRQHandler
 .text.HAL_UART_ErrorCallback
                0x0000000008003a24       0x14 ./Drivers/STM32F4xx_HAL_Driver/Src/stm32f4xx_hal_uart.o
                0x0000000008003a24                HAL_UART_ErrorCallback
 .text.HAL_UART_AbortTransmitCpltCallback
                0x0000000008003a38       0x14 ./Drivers/STM32F4xx_HAL_Driver/Src/stm32f4xx_hal_uart.o
                0x0000000008003a38                HAL_UART_AbortTransmitCpltCallback
 .text.HAL_UART_AbortReceiveCpltCallback
                0x0000000008003a4c       0x14 ./Drivers/STM32F4xx_HAL_Driver/Src/stm32f4xx_hal_uart.o
                0x0000000008003a4c                HAL_UART_AbortReceiveCpltCallback
 .text.HAL_UARTEx_RxEventCallback
                0x0000000008003a60       0x18 ./Drivers/STM32F4xx_HAL_Driver/Src/stm32f4xx_hal_uart.o
                0x0000000008003a60                HAL_UARTEx_RxEventCallback
 .text.UART_Start_Receive_IT
                0x0000000008003a78       0x7c ./Drivers/STM32F4xx_HAL_Driver/Src/stm32f4xx_hal_uart.o
                0x0000000008003a78                UART_Start_Receive_IT
 .text.UART_EndRxTransfer
                0x0000000008003af4       0xc6 ./Drivers/STM32F4xx_HAL_Driver/Src/stm32f4xx_hal_uart.o
 .text.UART_DMAAbortOnError
                0x0000000008003bba       0x28 ./Drivers/STM32F4xx_HAL_Driver/Src/stm32f4xx_hal_uart.o
 .text.UART_DMATxOnlyAbortCallback
                0x0000000008003be2       0x2a ./Drivers/STM32F4xx_HAL_Driver/Src/stm32f4xx_hal_uart.o
 .text.UART_DMARxOnlyAbortCallback
                0x0000000008003c0c       0x30 ./Drivers/STM32F4xx_HAL_Driver/Src/stm32f4xx_hal_uart.o
 .text.UART_Transmit_IT
                0x0000000008003c3c       0xa0 ./Drivers/STM32F4xx_HAL_Driver/Src/stm32f4xx_hal_uart.o
 .text.UART_EndTransmit_IT
                0x0000000008003cdc       0x30 ./Drivers/STM32F4xx_HAL_Driver/Src/stm32f4xx_hal_uart.o
 .text.UART_Receive_IT
                0x0000000008003d0c      0x176 ./Drivers/STM32F4xx_HAL_Driver/Src/stm32f4xx_hal_uart.o
 *fill*         0x0000000008003e82        0x2 
 .text.UART_SetConfig
                0x0000000008003e84      0x4e8 ./Drivers/STM32F4xx_HAL_Driver/Src/stm32f4xx_hal_uart.o
 .text.eMBFuncReadCoils
                0x000000000800436c       0xfe ./Modules/modbus/functions/mbfunccoils.o
                0x000000000800436c                eMBFuncReadCoils
 .text.eMBFuncWriteCoil
                0x000000000800446a       0xa6 ./Modules/modbus/functions/mbfunccoils.o
                0x000000000800446a                eMBFuncWriteCoil
 .text.eMBFuncWriteMultipleCoils
                0x0000000008004510       0xce ./Modules/modbus/functions/mbfunccoils.o
                0x0000000008004510                eMBFuncWriteMultipleCoils
 .text.eMBFuncReadDiscreteInputs
                0x00000000080045de       0xfe ./Modules/modbus/functions/mbfuncdisc.o
                0x00000000080045de                eMBFuncReadDiscreteInputs
 .text.eMBFuncWriteHoldingRegister
                0x00000000080046dc       0x6a ./Modules/modbus/functions/mbfuncholding.o
                0x00000000080046dc                eMBFuncWriteHoldingRegister
 .text.eMBFuncWriteMultipleHoldingRegister
                0x0000000008004746       0xb2 ./Modules/modbus/functions/mbfuncholding.o
                0x0000000008004746                eMBFuncWriteMultipleHoldingRegister
 .text.eMBFuncReadHoldingRegister
                0x00000000080047f8       0xde ./Modules/modbus/functions/mbfuncholding.o
                0x00000000080047f8                eMBFuncReadHoldingRegister
 .text.eMBFuncReadWriteMultipleHoldingRegister
                0x00000000080048d6      0x154 ./Modules/modbus/functions/mbfuncholding.o
                0x00000000080048d6                eMBFuncReadWriteMultipleHoldingRegister
 .text.eMBFuncReadInputRegister
                0x0000000008004a2a       0xe4 ./Modules/modbus/functions/mbfuncinput.o
                0x0000000008004a2a                eMBFuncReadInputRegister
 *fill*         0x0000000008004b0e        0x2 
 .text.eMBFuncReportSlaveID
                0x0000000008004b10       0x38 ./Modules/modbus/functions/mbfuncother.o
                0x0000000008004b10                eMBFuncReportSlaveID
 .text.xMBUtilSetBits
                0x0000000008004b48       0xd8 ./Modules/modbus/functions/mbutils.o
                0x0000000008004b48                xMBUtilSetBits
 .text.xMBUtilGetBits
                0x0000000008004c20       0x74 ./Modules/modbus/functions/mbutils.o
                0x0000000008004c20                xMBUtilGetBits
 .text.prveMBError2Exception
                0x0000000008004c94       0x44 ./Modules/modbus/functions/mbutils.o
                0x0000000008004c94                prveMBError2Exception
 .text.eMBInit  0x0000000008004cd8       0xf8 ./Modules/modbus/mb.o
                0x0000000008004cd8                eMBInit
 .text.eMBEnable
                0x0000000008004dd0       0x38 ./Modules/modbus/mb.o
                0x0000000008004dd0                eMBEnable
 .text.eMBPoll  0x0000000008004e08      0x174 ./Modules/modbus/mb.o
                0x0000000008004e08                eMBPoll
 .text.EnterCriticalSection
                0x0000000008004f7c       0x20 ./Modules/modbus/port/mt_port.o
                0x0000000008004f7c                EnterCriticalSection
 .text.ExitCriticalSection
                0x0000000008004f9c       0x28 ./Modules/modbus/port/mt_port.o
                0x0000000008004f9c                ExitCriticalSection
 .text.MT_PORT_SetTimerModule
                0x0000000008004fc4       0x20 ./Modules/modbus/port/mt_port.o
                0x0000000008004fc4                MT_PORT_SetTimerModule
 .text.MT_PORT_SetUartModule
                0x0000000008004fe4       0x20 ./Modules/modbus/port/mt_port.o
                0x0000000008004fe4                MT_PORT_SetUartModule
 .text.xMBPortEventInit
                0x0000000008005004       0x1c ./Modules/modbus/port/portevent.o
                0x0000000008005004                xMBPortEventInit
 .text.xMBPortEventPost
                0x0000000008005020       0x2c ./Modules/modbus/port/portevent.o
                0x0000000008005020                xMBPortEventPost
 .text.xMBPortEventGet
                0x000000000800504c       0x3c ./Modules/modbus/port/portevent.o
                0x000000000800504c                xMBPortEventGet
 .text.vMBPortSerialEnable
                0x0000000008005088       0x64 ./Modules/modbus/port/portserial.o
                0x0000000008005088                vMBPortSerialEnable
 .text.xMBPortSerialInit
                0x00000000080050ec       0x26 ./Modules/modbus/port/portserial.o
                0x00000000080050ec                xMBPortSerialInit
 *fill*         0x0000000008005112        0x2 
 .text.xMBPortSerialPutByte
                0x0000000008005114       0x30 ./Modules/modbus/port/portserial.o
                0x0000000008005114                xMBPortSerialPutByte
 .text.xMBPortSerialGetByte
                0x0000000008005144       0x30 ./Modules/modbus/port/portserial.o
                0x0000000008005144                xMBPortSerialGetByte
 .text.prvvUARTTxReadyISR
                0x0000000008005174       0x14 ./Modules/modbus/port/portserial.o
 .text.prvvUARTRxISR
                0x0000000008005188       0x14 ./Modules/modbus/port/portserial.o
 .text.HAL_UART_TxCpltCallback_modbus
                0x000000000800519c       0x28 ./Modules/modbus/port/portserial.o
                0x000000000800519c                HAL_UART_TxCpltCallback_modbus
 .text.HAL_UART_RxCpltCallback_modbus
                0x00000000080051c4       0x28 ./Modules/modbus/port/portserial.o
                0x00000000080051c4                HAL_UART_RxCpltCallback_modbus
 .text.xMBPortTimersInit
                0x00000000080051ec       0x24 ./Modules/modbus/port/porttimer.o
                0x00000000080051ec                xMBPortTimersInit
 .text.vMBPortTimersEnable
                0x0000000008005210       0x20 ./Modules/modbus/port/porttimer.o
                0x0000000008005210                vMBPortTimersEnable
 .text.vMBPortTimersDisable
                0x0000000008005230       0x18 ./Modules/modbus/port/porttimer.o
                0x0000000008005230                vMBPortTimersDisable
 .text.prvvTIMERExpiredISR
                0x0000000008005248       0x14 ./Modules/modbus/port/porttimer.o
 .text.HAL_TIM_PeriodElapsedCallback_Modbus
                0x000000000800525c       0x48 ./Modules/modbus/port/porttimer.o
                0x000000000800525c                HAL_TIM_PeriodElapsedCallback_Modbus
 .text.usMBCRC16
                0x00000000080052a4       0x6c ./Modules/modbus/rtu/mbcrc.o
                0x00000000080052a4                usMBCRC16
 .text.eMBRTUInit
                0x0000000008005310       0x78 ./Modules/modbus/rtu/mbrtu.o
                0x0000000008005310                eMBRTUInit
 .text.eMBRTUStart
                0x0000000008005388       0x28 ./Modules/modbus/rtu/mbrtu.o
                0x0000000008005388                eMBRTUStart
 .text.eMBRTUStop
                0x00000000080053b0       0x1c ./Modules/modbus/rtu/mbrtu.o
                0x00000000080053b0                eMBRTUStop
 .text.eMBRTUReceive
                0x00000000080053cc       0x94 ./Modules/modbus/rtu/mbrtu.o
                0x00000000080053cc                eMBRTUReceive
 .text.eMBRTUSend
                0x0000000008005460       0xc8 ./Modules/modbus/rtu/mbrtu.o
                0x0000000008005460                eMBRTUSend
 .text.xMBRTUReceiveFSM
                0x0000000008005528       0xd0 ./Modules/modbus/rtu/mbrtu.o
                0x0000000008005528                xMBRTUReceiveFSM
 .text.xMBRTUTransmitFSM
                0x00000000080055f8       0xb0 ./Modules/modbus/rtu/mbrtu.o
                0x00000000080055f8                xMBRTUTransmitFSM
 .text.xMBRTUTimerT35Expired
                0x00000000080056a8       0x8c ./Modules/modbus/rtu/mbrtu.o
                0x00000000080056a8                xMBRTUTimerT35Expired
 .text.__assert_func
                0x0000000008005734       0x3c C:/ST/STM32CubeIDE_1.12.1/STM32CubeIDE/plugins/com.st.stm32cube.ide.mcu.externaltools.gnu-tools-for-stm32.11.3.rel1.win32_1.1.0.202305231506/tools/bin/../lib/gcc/arm-none-eabi/11.3.1/../../../../arm-none-eabi/lib/thumb/v7e-m+fp/hard\libc_nano.a(libc_a-assert.o)
                0x0000000008005734                __assert_func
 .text.std      0x0000000008005770       0x48 C:/ST/STM32CubeIDE_1.12.1/STM32CubeIDE/plugins/com.st.stm32cube.ide.mcu.externaltools.gnu-tools-for-stm32.11.3.rel1.win32_1.1.0.202305231506/tools/bin/../lib/gcc/arm-none-eabi/11.3.1/../../../../arm-none-eabi/lib/thumb/v7e-m+fp/hard\libc_nano.a(libc_a-findfp.o)
 .text.stdio_exit_handler
                0x00000000080057b8       0x18 C:/ST/STM32CubeIDE_1.12.1/STM32CubeIDE/plugins/com.st.stm32cube.ide.mcu.externaltools.gnu-tools-for-stm32.11.3.rel1.win32_1.1.0.202305231506/tools/bin/../lib/gcc/arm-none-eabi/11.3.1/../../../../arm-none-eabi/lib/thumb/v7e-m+fp/hard\libc_nano.a(libc_a-findfp.o)
 .text.cleanup_stdio
                0x00000000080057d0       0x40 C:/ST/STM32CubeIDE_1.12.1/STM32CubeIDE/plugins/com.st.stm32cube.ide.mcu.externaltools.gnu-tools-for-stm32.11.3.rel1.win32_1.1.0.202305231506/tools/bin/../lib/gcc/arm-none-eabi/11.3.1/../../../../arm-none-eabi/lib/thumb/v7e-m+fp/hard\libc_nano.a(libc_a-findfp.o)
 .text.global_stdio_init.part.0
                0x0000000008005810       0x3c C:/ST/STM32CubeIDE_1.12.1/STM32CubeIDE/plugins/com.st.stm32cube.ide.mcu.externaltools.gnu-tools-for-stm32.11.3.rel1.win32_1.1.0.202305231506/tools/bin/../lib/gcc/arm-none-eabi/11.3.1/../../../../arm-none-eabi/lib/thumb/v7e-m+fp/hard\libc_nano.a(libc_a-findfp.o)
 .text.__sfp_lock_acquire
                0x000000000800584c        0xc C:/ST/STM32CubeIDE_1.12.1/STM32CubeIDE/plugins/com.st.stm32cube.ide.mcu.externaltools.gnu-tools-for-stm32.11.3.rel1.win32_1.1.0.202305231506/tools/bin/../lib/gcc/arm-none-eabi/11.3.1/../../../../arm-none-eabi/lib/thumb/v7e-m+fp/hard\libc_nano.a(libc_a-findfp.o)
                0x000000000800584c                __sfp_lock_acquire
 .text.__sfp_lock_release
                0x0000000008005858        0xc C:/ST/STM32CubeIDE_1.12.1/STM32CubeIDE/plugins/com.st.stm32cube.ide.mcu.externaltools.gnu-tools-for-stm32.11.3.rel1.win32_1.1.0.202305231506/tools/bin/../lib/gcc/arm-none-eabi/11.3.1/../../../../arm-none-eabi/lib/thumb/v7e-m+fp/hard\libc_nano.a(libc_a-findfp.o)
                0x0000000008005858                __sfp_lock_release
 .text.__sinit  0x0000000008005864       0x30 C:/ST/STM32CubeIDE_1.12.1/STM32CubeIDE/plugins/com.st.stm32cube.ide.mcu.externaltools.gnu-tools-for-stm32.11.3.rel1.win32_1.1.0.202305231506/tools/bin/../lib/gcc/arm-none-eabi/11.3.1/../../../../arm-none-eabi/lib/thumb/v7e-m+fp/hard\libc_nano.a(libc_a-findfp.o)
                0x0000000008005864                __sinit
 .text.fprintf  0x0000000008005894       0x24 C:/ST/STM32CubeIDE_1.12.1/STM32CubeIDE/plugins/com.st.stm32cube.ide.mcu.externaltools.gnu-tools-for-stm32.11.3.rel1.win32_1.1.0.202305231506/tools/bin/../lib/gcc/arm-none-eabi/11.3.1/../../../../arm-none-eabi/lib/thumb/v7e-m+fp/hard\libc_nano.a(libc_a-fprintf.o)
                0x0000000008005894                fiprintf
                0x0000000008005894                fprintf
 .text._fwalk_sglue
                0x00000000080058b8       0x3c C:/ST/STM32CubeIDE_1.12.1/STM32CubeIDE/plugins/com.st.stm32cube.ide.mcu.externaltools.gnu-tools-for-stm32.11.3.rel1.win32_1.1.0.202305231506/tools/bin/../lib/gcc/arm-none-eabi/11.3.1/../../../../arm-none-eabi/lib/thumb/v7e-m+fp/hard\libc_nano.a(libc_a-fwalk.o)
                0x00000000080058b8                _fwalk_sglue
 .text.__sread  0x00000000080058f4       0x22 C:/ST/STM32CubeIDE_1.12.1/STM32CubeIDE/plugins/com.st.stm32cube.ide.mcu.externaltools.gnu-tools-for-stm32.11.3.rel1.win32_1.1.0.202305231506/tools/bin/../lib/gcc/arm-none-eabi/11.3.1/../../../../arm-none-eabi/lib/thumb/v7e-m+fp/hard\libc_nano.a(libc_a-stdio.o)
                0x00000000080058f4                __sread
 .text.__swrite
                0x0000000008005916       0x38 C:/ST/STM32CubeIDE_1.12.1/STM32CubeIDE/plugins/com.st.stm32cube.ide.mcu.externaltools.gnu-tools-for-stm32.11.3.rel1.win32_1.1.0.202305231506/tools/bin/../lib/gcc/arm-none-eabi/11.3.1/../../../../arm-none-eabi/lib/thumb/v7e-m+fp/hard\libc_nano.a(libc_a-stdio.o)
                0x0000000008005916                __swrite
 .text.__sseek  0x000000000800594e       0x24 C:/ST/STM32CubeIDE_1.12.1/STM32CubeIDE/plugins/com.st.stm32cube.ide.mcu.externaltools.gnu-tools-for-stm32.11.3.rel1.win32_1.1.0.202305231506/tools/bin/../lib/gcc/arm-none-eabi/11.3.1/../../../../arm-none-eabi/lib/thumb/v7e-m+fp/hard\libc_nano.a(libc_a-stdio.o)
                0x000000000800594e                __sseek
 .text.__sclose
                0x0000000008005972        0x8 C:/ST/STM32CubeIDE_1.12.1/STM32CubeIDE/plugins/com.st.stm32cube.ide.mcu.externaltools.gnu-tools-for-stm32.11.3.rel1.win32_1.1.0.202305231506/tools/bin/../lib/gcc/arm-none-eabi/11.3.1/../../../../arm-none-eabi/lib/thumb/v7e-m+fp/hard\libc_nano.a(libc_a-stdio.o)
                0x0000000008005972                __sclose
 .text.memset   0x000000000800597a       0x10 C:/ST/STM32CubeIDE_1.12.1/STM32CubeIDE/plugins/com.st.stm32cube.ide.mcu.externaltools.gnu-tools-for-stm32.11.3.rel1.win32_1.1.0.202305231506/tools/bin/../lib/gcc/arm-none-eabi/11.3.1/../../../../arm-none-eabi/lib/thumb/v7e-m+fp/hard\libc_nano.a(libc_a-memset.o)
                0x000000000800597a                memset
 *fill*         0x000000000800598a        0x2 
 .text._close_r
                0x000000000800598c       0x20 C:/ST/STM32CubeIDE_1.12.1/STM32CubeIDE/plugins/com.st.stm32cube.ide.mcu.externaltools.gnu-tools-for-stm32.11.3.rel1.win32_1.1.0.202305231506/tools/bin/../lib/gcc/arm-none-eabi/11.3.1/../../../../arm-none-eabi/lib/thumb/v7e-m+fp/hard\libc_nano.a(libc_a-closer.o)
                0x000000000800598c                _close_r
 .text._lseek_r
                0x00000000080059ac       0x24 C:/ST/STM32CubeIDE_1.12.1/STM32CubeIDE/plugins/com.st.stm32cube.ide.mcu.externaltools.gnu-tools-for-stm32.11.3.rel1.win32_1.1.0.202305231506/tools/bin/../lib/gcc/arm-none-eabi/11.3.1/../../../../arm-none-eabi/lib/thumb/v7e-m+fp/hard\libc_nano.a(libc_a-lseekr.o)
                0x00000000080059ac                _lseek_r
 .text._read_r  0x00000000080059d0       0x24 C:/ST/STM32CubeIDE_1.12.1/STM32CubeIDE/plugins/com.st.stm32cube.ide.mcu.externaltools.gnu-tools-for-stm32.11.3.rel1.win32_1.1.0.202305231506/tools/bin/../lib/gcc/arm-none-eabi/11.3.1/../../../../arm-none-eabi/lib/thumb/v7e-m+fp/hard\libc_nano.a(libc_a-readr.o)
                0x00000000080059d0                _read_r
 .text._write_r
                0x00000000080059f4       0x24 C:/ST/STM32CubeIDE_1.12.1/STM32CubeIDE/plugins/com.st.stm32cube.ide.mcu.externaltools.gnu-tools-for-stm32.11.3.rel1.win32_1.1.0.202305231506/tools/bin/../lib/gcc/arm-none-eabi/11.3.1/../../../../arm-none-eabi/lib/thumb/v7e-m+fp/hard\libc_nano.a(libc_a-writer.o)
                0x00000000080059f4                _write_r
 .text.__errno  0x0000000008005a18        0xc C:/ST/STM32CubeIDE_1.12.1/STM32CubeIDE/plugins/com.st.stm32cube.ide.mcu.externaltools.gnu-tools-for-stm32.11.3.rel1.win32_1.1.0.202305231506/tools/bin/../lib/gcc/arm-none-eabi/11.3.1/../../../../arm-none-eabi/lib/thumb/v7e-m+fp/hard\libc_nano.a(libc_a-errno.o)
                0x0000000008005a18                __errno
 .text.__libc_init_array
                0x0000000008005a24       0x48 C:/ST/STM32CubeIDE_1.12.1/STM32CubeIDE/plugins/com.st.stm32cube.ide.mcu.externaltools.gnu-tools-for-stm32.11.3.rel1.win32_1.1.0.202305231506/tools/bin/../lib/gcc/arm-none-eabi/11.3.1/../../../../arm-none-eabi/lib/thumb/v7e-m+fp/hard\libc_nano.a(libc_a-init.o)
                0x0000000008005a24                __libc_init_array
 .text.__retarget_lock_acquire_recursive
                0x0000000008005a6c        0x2 C:/ST/STM32CubeIDE_1.12.1/STM32CubeIDE/plugins/com.st.stm32cube.ide.mcu.externaltools.gnu-tools-for-stm32.11.3.rel1.win32_1.1.0.202305231506/tools/bin/../lib/gcc/arm-none-eabi/11.3.1/../../../../arm-none-eabi/lib/thumb/v7e-m+fp/hard\libc_nano.a(libc_a-lock.o)
                0x0000000008005a6c                __retarget_lock_acquire_recursive
 .text.__retarget_lock_release_recursive
                0x0000000008005a6e        0x2 C:/ST/STM32CubeIDE_1.12.1/STM32CubeIDE/plugins/com.st.stm32cube.ide.mcu.externaltools.gnu-tools-for-stm32.11.3.rel1.win32_1.1.0.202305231506/tools/bin/../lib/gcc/arm-none-eabi/11.3.1/../../../../arm-none-eabi/lib/thumb/v7e-m+fp/hard\libc_nano.a(libc_a-lock.o)
                0x0000000008005a6e                __retarget_lock_release_recursive
 .text.memcpy   0x0000000008005a70       0x1c C:/ST/STM32CubeIDE_1.12.1/STM32CubeIDE/plugins/com.st.stm32cube.ide.mcu.externaltools.gnu-tools-for-stm32.11.3.rel1.win32_1.1.0.202305231506/tools/bin/../lib/gcc/arm-none-eabi/11.3.1/../../../../arm-none-eabi/lib/thumb/v7e-m+fp/hard\libc_nano.a(libc_a-memcpy-stub.o)
                0x0000000008005a70                memcpy
 .text.abort    0x0000000008005a8c        0xe C:/ST/STM32CubeIDE_1.12.1/STM32CubeIDE/plugins/com.st.stm32cube.ide.mcu.externaltools.gnu-tools-for-stm32.11.3.rel1.win32_1.1.0.202305231506/tools/bin/../lib/gcc/arm-none-eabi/11.3.1/../../../../arm-none-eabi/lib/thumb/v7e-m+fp/hard\libc_nano.a(libc_a-abort.o)
                0x0000000008005a8c                abort
 *fill*         0x0000000008005a9a        0x2 
 .text._free_r  0x0000000008005a9c       0x98 C:/ST/STM32CubeIDE_1.12.1/STM32CubeIDE/plugins/com.st.stm32cube.ide.mcu.externaltools.gnu-tools-for-stm32.11.3.rel1.win32_1.1.0.202305231506/tools/bin/../lib/gcc/arm-none-eabi/11.3.1/../../../../arm-none-eabi/lib/thumb/v7e-m+fp/hard\libc_nano.a(libc_a-freer.o)
                0x0000000008005a9c                _free_r
 .text.sbrk_aligned
                0x0000000008005b34       0x40 C:/ST/STM32CubeIDE_1.12.1/STM32CubeIDE/plugins/com.st.stm32cube.ide.mcu.externaltools.gnu-tools-for-stm32.11.3.rel1.win32_1.1.0.202305231506/tools/bin/../lib/gcc/arm-none-eabi/11.3.1/../../../../arm-none-eabi/lib/thumb/v7e-m+fp/hard\libc_nano.a(libc_a-mallocr.o)
 .text._malloc_r
                0x0000000008005b74      0x100 C:/ST/STM32CubeIDE_1.12.1/STM32CubeIDE/plugins/com.st.stm32cube.ide.mcu.externaltools.gnu-tools-for-stm32.11.3.rel1.win32_1.1.0.202305231506/tools/bin/../lib/gcc/arm-none-eabi/11.3.1/../../../../arm-none-eabi/lib/thumb/v7e-m+fp/hard\libc_nano.a(libc_a-mallocr.o)
                0x0000000008005b74                _malloc_r
 .text.__malloc_lock
                0x0000000008005c74        0xc C:/ST/STM32CubeIDE_1.12.1/STM32CubeIDE/plugins/com.st.stm32cube.ide.mcu.externaltools.gnu-tools-for-stm32.11.3.rel1.win32_1.1.0.202305231506/tools/bin/../lib/gcc/arm-none-eabi/11.3.1/../../../../arm-none-eabi/lib/thumb/v7e-m+fp/hard\libc_nano.a(libc_a-mlock.o)
                0x0000000008005c74                __malloc_lock
 .text.__malloc_unlock
                0x0000000008005c80        0xc C:/ST/STM32CubeIDE_1.12.1/STM32CubeIDE/plugins/com.st.stm32cube.ide.mcu.externaltools.gnu-tools-for-stm32.11.3.rel1.win32_1.1.0.202305231506/tools/bin/../lib/gcc/arm-none-eabi/11.3.1/../../../../arm-none-eabi/lib/thumb/v7e-m+fp/hard\libc_nano.a(libc_a-mlock.o)
                0x0000000008005c80                __malloc_unlock
 .text.__sfputc_r
                0x0000000008005c8c       0x2e C:/ST/STM32CubeIDE_1.12.1/STM32CubeIDE/plugins/com.st.stm32cube.ide.mcu.externaltools.gnu-tools-for-stm32.11.3.rel1.win32_1.1.0.202305231506/tools/bin/../lib/gcc/arm-none-eabi/11.3.1/../../../../arm-none-eabi/lib/thumb/v7e-m+fp/hard\libc_nano.a(libc_a-nano-vfprintf.o)
 .text.__sfputs_r
                0x0000000008005cba       0x24 C:/ST/STM32CubeIDE_1.12.1/STM32CubeIDE/plugins/com.st.stm32cube.ide.mcu.externaltools.gnu-tools-for-stm32.11.3.rel1.win32_1.1.0.202305231506/tools/bin/../lib/gcc/arm-none-eabi/11.3.1/../../../../arm-none-eabi/lib/thumb/v7e-m+fp/hard\libc_nano.a(libc_a-nano-vfprintf.o)
                0x0000000008005cba                __sfputs_r
 *fill*         0x0000000008005cde        0x2 
 .text._vfprintf_r
                0x0000000008005ce0      0x234 C:/ST/STM32CubeIDE_1.12.1/STM32CubeIDE/plugins/com.st.stm32cube.ide.mcu.externaltools.gnu-tools-for-stm32.11.3.rel1.win32_1.1.0.202305231506/tools/bin/../lib/gcc/arm-none-eabi/11.3.1/../../../../arm-none-eabi/lib/thumb/v7e-m+fp/hard\libc_nano.a(libc_a-nano-vfprintf.o)
                0x0000000008005ce0                _vfprintf_r
                0x0000000008005ce0                _vfiprintf_r
 .text._printf_common
                0x0000000008005f14       0xda C:/ST/STM32CubeIDE_1.12.1/STM32CubeIDE/plugins/com.st.stm32cube.ide.mcu.externaltools.gnu-tools-for-stm32.11.3.rel1.win32_1.1.0.202305231506/tools/bin/../lib/gcc/arm-none-eabi/11.3.1/../../../../arm-none-eabi/lib/thumb/v7e-m+fp/hard\libc_nano.a(libc_a-nano-vfprintf_i.o)
                0x0000000008005f14                _printf_common
 *fill*         0x0000000008005fee        0x2 
 .text._printf_i
                0x0000000008005ff0      0x244 C:/ST/STM32CubeIDE_1.12.1/STM32CubeIDE/plugins/com.st.stm32cube.ide.mcu.externaltools.gnu-tools-for-stm32.11.3.rel1.win32_1.1.0.202305231506/tools/bin/../lib/gcc/arm-none-eabi/11.3.1/../../../../arm-none-eabi/lib/thumb/v7e-m+fp/hard\libc_nano.a(libc_a-nano-vfprintf_i.o)
                0x0000000008005ff0                _printf_i
 .text.__sflush_r
                0x0000000008006234      0x10c C:/ST/STM32CubeIDE_1.12.1/STM32CubeIDE/plugins/com.st.stm32cube.ide.mcu.externaltools.gnu-tools-for-stm32.11.3.rel1.win32_1.1.0.202305231506/tools/bin/../lib/gcc/arm-none-eabi/11.3.1/../../../../arm-none-eabi/lib/thumb/v7e-m+fp/hard\libc_nano.a(libc_a-fflush.o)
                0x0000000008006234                __sflush_r
 .text._fflush_r
                0x0000000008006340       0x50 C:/ST/STM32CubeIDE_1.12.1/STM32CubeIDE/plugins/com.st.stm32cube.ide.mcu.externaltools.gnu-tools-for-stm32.11.3.rel1.win32_1.1.0.202305231506/tools/bin/../lib/gcc/arm-none-eabi/11.3.1/../../../../arm-none-eabi/lib/thumb/v7e-m+fp/hard\libc_nano.a(libc_a-fflush.o)
                0x0000000008006340                _fflush_r
 .text.__swbuf_r
                0x0000000008006390       0x7a C:/ST/STM32CubeIDE_1.12.1/STM32CubeIDE/plugins/com.st.stm32cube.ide.mcu.externaltools.gnu-tools-for-stm32.11.3.rel1.win32_1.1.0.202305231506/tools/bin/../lib/gcc/arm-none-eabi/11.3.1/../../../../arm-none-eabi/lib/thumb/v7e-m+fp/hard\libc_nano.a(libc_a-wbuf.o)
                0x0000000008006390                __swbuf_r
 *fill*         0x000000000800640a        0x2 
 .text.__swsetup_r
                0x000000000800640c       0xb0 C:/ST/STM32CubeIDE_1.12.1/STM32CubeIDE/plugins/com.st.stm32cube.ide.mcu.externaltools.gnu-tools-for-stm32.11.3.rel1.win32_1.1.0.202305231506/tools/bin/../lib/gcc/arm-none-eabi/11.3.1/../../../../arm-none-eabi/lib/thumb/v7e-m+fp/hard\libc_nano.a(libc_a-wsetup.o)
                0x000000000800640c                __swsetup_r
 .text._raise_r
                0x00000000080064bc       0x50 C:/ST/STM32CubeIDE_1.12.1/STM32CubeIDE/plugins/com.st.stm32cube.ide.mcu.externaltools.gnu-tools-for-stm32.11.3.rel1.win32_1.1.0.202305231506/tools/bin/../lib/gcc/arm-none-eabi/11.3.1/../../../../arm-none-eabi/lib/thumb/v7e-m+fp/hard\libc_nano.a(libc_a-signal.o)
                0x00000000080064bc                _raise_r
 .text.raise    0x000000000800650c       0x10 C:/ST/STM32CubeIDE_1.12.1/STM32CubeIDE/plugins/com.st.stm32cube.ide.mcu.externaltools.gnu-tools-for-stm32.11.3.rel1.win32_1.1.0.202305231506/tools/bin/../lib/gcc/arm-none-eabi/11.3.1/../../../../arm-none-eabi/lib/thumb/v7e-m+fp/hard\libc_nano.a(libc_a-signal.o)
                0x000000000800650c                raise
 .text._kill_r  0x000000000800651c       0x24 C:/ST/STM32CubeIDE_1.12.1/STM32CubeIDE/plugins/com.st.stm32cube.ide.mcu.externaltools.gnu-tools-for-stm32.11.3.rel1.win32_1.1.0.202305231506/tools/bin/../lib/gcc/arm-none-eabi/11.3.1/../../../../arm-none-eabi/lib/thumb/v7e-m+fp/hard\libc_nano.a(libc_a-signalr.o)
                0x000000000800651c                _kill_r
 .text._getpid_r
                0x0000000008006540        0x4 C:/ST/STM32CubeIDE_1.12.1/STM32CubeIDE/plugins/com.st.stm32cube.ide.mcu.externaltools.gnu-tools-for-stm32.11.3.rel1.win32_1.1.0.202305231506/tools/bin/../lib/gcc/arm-none-eabi/11.3.1/../../../../arm-none-eabi/lib/thumb/v7e-m+fp/hard\libc_nano.a(libc_a-signalr.o)
                0x0000000008006540                _getpid_r
 .text._sbrk_r  0x0000000008006544       0x20 C:/ST/STM32CubeIDE_1.12.1/STM32CubeIDE/plugins/com.st.stm32cube.ide.mcu.externaltools.gnu-tools-for-stm32.11.3.rel1.win32_1.1.0.202305231506/tools/bin/../lib/gcc/arm-none-eabi/11.3.1/../../../../arm-none-eabi/lib/thumb/v7e-m+fp/hard\libc_nano.a(libc_a-sbrkr.o)
                0x0000000008006544                _sbrk_r
 .text.__swhatbuf_r
                0x0000000008006564       0x4c C:/ST/STM32CubeIDE_1.12.1/STM32CubeIDE/plugins/com.st.stm32cube.ide.mcu.externaltools.gnu-tools-for-stm32.11.3.rel1.win32_1.1.0.202305231506/tools/bin/../lib/gcc/arm-none-eabi/11.3.1/../../../../arm-none-eabi/lib/thumb/v7e-m+fp/hard\libc_nano.a(libc_a-makebuf.o)
                0x0000000008006564                __swhatbuf_r
 .text.__smakebuf_r
                0x00000000080065b0       0x78 C:/ST/STM32CubeIDE_1.12.1/STM32CubeIDE/plugins/com.st.stm32cube.ide.mcu.externaltools.gnu-tools-for-stm32.11.3.rel1.win32_1.1.0.202305231506/tools/bin/../lib/gcc/arm-none-eabi/11.3.1/../../../../arm-none-eabi/lib/thumb/v7e-m+fp/hard\libc_nano.a(libc_a-makebuf.o)
                0x00000000080065b0                __smakebuf_r
 .text._fstat_r
                0x0000000008006628       0x24 C:/ST/STM32CubeIDE_1.12.1/STM32CubeIDE/plugins/com.st.stm32cube.ide.mcu.externaltools.gnu-tools-for-stm32.11.3.rel1.win32_1.1.0.202305231506/tools/bin/../lib/gcc/arm-none-eabi/11.3.1/../../../../arm-none-eabi/lib/thumb/v7e-m+fp/hard\libc_nano.a(libc_a-fstatr.o)
                0x0000000008006628                _fstat_r
 .text._isatty_r
                0x000000000800664c       0x20 C:/ST/STM32CubeIDE_1.12.1/STM32CubeIDE/plugins/com.st.stm32cube.ide.mcu.externaltools.gnu-tools-for-stm32.11.3.rel1.win32_1.1.0.202305231506/tools/bin/../lib/gcc/arm-none-eabi/11.3.1/../../../../arm-none-eabi/lib/thumb/v7e-m+fp/hard\libc_nano.a(libc_a-isattyr.o)
                0x000000000800664c                _isatty_r
 *(.glue_7)
 .glue_7        0x000000000800666c        0x0 linker stubs
 *(.glue_7t)
 .glue_7t       0x000000000800666c        0x0 linker stubs
 *(.eh_frame)
 .eh_frame      0x000000000800666c        0x0 C:/ST/STM32CubeIDE_1.12.1/STM32CubeIDE/plugins/com.st.stm32cube.ide.mcu.externaltools.gnu-tools-for-stm32.11.3.rel1.win32_1.1.0.202305231506/tools/bin/../lib/gcc/arm-none-eabi/11.3.1/thumb/v7e-m+fp/hard/crtbegin.o
 *(.init)
 .init          0x000000000800666c        0x4 C:/ST/STM32CubeIDE_1.12.1/STM32CubeIDE/plugins/com.st.stm32cube.ide.mcu.externaltools.gnu-tools-for-stm32.11.3.rel1.win32_1.1.0.202305231506/tools/bin/../lib/gcc/arm-none-eabi/11.3.1/thumb/v7e-m+fp/hard/crti.o
                0x000000000800666c                _init
 .init          0x0000000008006670        0x8 C:/ST/STM32CubeIDE_1.12.1/STM32CubeIDE/plugins/com.st.stm32cube.ide.mcu.externaltools.gnu-tools-for-stm32.11.3.rel1.win32_1.1.0.202305231506/tools/bin/../lib/gcc/arm-none-eabi/11.3.1/thumb/v7e-m+fp/hard/crtn.o
 *(.fini)
 .fini          0x0000000008006678        0x4 C:/ST/STM32CubeIDE_1.12.1/STM32CubeIDE/plugins/com.st.stm32cube.ide.mcu.externaltools.gnu-tools-for-stm32.11.3.rel1.win32_1.1.0.202305231506/tools/bin/../lib/gcc/arm-none-eabi/11.3.1/thumb/v7e-m+fp/hard/crti.o
                0x0000000008006678                _fini
 .fini          0x000000000800667c        0x8 C:/ST/STM32CubeIDE_1.12.1/STM32CubeIDE/plugins/com.st.stm32cube.ide.mcu.externaltools.gnu-tools-for-stm32.11.3.rel1.win32_1.1.0.202305231506/tools/bin/../lib/gcc/arm-none-eabi/11.3.1/thumb/v7e-m+fp/hard/crtn.o
                0x0000000008006684                . = ALIGN (0x4)
                0x0000000008006684                _etext = .

.vfp11_veneer   0x0000000008006684        0x0
 .vfp11_veneer  0x0000000008006684        0x0 linker stubs

.v4_bx          0x0000000008006684        0x0
 .v4_bx         0x0000000008006684        0x0 linker stubs

.iplt           0x0000000008006684        0x0
 .iplt          0x0000000008006684        0x0 C:/ST/STM32CubeIDE_1.12.1/STM32CubeIDE/plugins/com.st.stm32cube.ide.mcu.externaltools.gnu-tools-for-stm32.11.3.rel1.win32_1.1.0.202305231506/tools/bin/../lib/gcc/arm-none-eabi/11.3.1/thumb/v7e-m+fp/hard/crtbegin.o

.rodata         0x0000000008006684      0x404
                0x0000000008006684                . = ALIGN (0x4)
 *(.rodata)
 .rodata        0x0000000008006684       0x36 ./Modules/modbus/functions/mbutils.o
 *fill*         0x00000000080066ba        0x2 
 .rodata        0x00000000080066bc       0xe3 ./Modules/modbus/rtu/mbrtu.o
 *(.rodata*)
 *fill*         0x000000000800679f        0x1 
 .rodata.AHBPrescTable
                0x00000000080067a0       0x10 ./Core/Src/system_stm32f4xx.o
                0x00000000080067a0                AHBPrescTable
 .rodata.APBPrescTable
                0x00000000080067b0        0x8 ./Core/Src/system_stm32f4xx.o
                0x00000000080067b0                APBPrescTable
 .rodata.__func__.0
                0x00000000080067b8        0xf ./Modules/modbus/functions/mbutils.o
 *fill*         0x00000000080067c7        0x1 
 .rodata.aucCRCHi
                0x00000000080067c8      0x100 ./Modules/modbus/rtu/mbcrc.o
 .rodata.aucCRCLo
                0x00000000080068c8      0x100 ./Modules/modbus/rtu/mbcrc.o
 .rodata.__func__.3
                0x00000000080069c8        0xe ./Modules/modbus/rtu/mbrtu.o
 *fill*         0x00000000080069d6        0x2 
 .rodata.__func__.2
                0x00000000080069d8       0x11 ./Modules/modbus/rtu/mbrtu.o
 *fill*         0x00000000080069e9        0x3 
 .rodata.__func__.1
                0x00000000080069ec       0x12 ./Modules/modbus/rtu/mbrtu.o
 *fill*         0x00000000080069fe        0x2 
 .rodata.__func__.0
                0x0000000008006a00       0x16 ./Modules/modbus/rtu/mbrtu.o
 .rodata.__assert_func.str1.1
                0x0000000008006a16       0x3c C:/ST/STM32CubeIDE_1.12.1/STM32CubeIDE/plugins/com.st.stm32cube.ide.mcu.externaltools.gnu-tools-for-stm32.11.3.rel1.win32_1.1.0.202305231506/tools/bin/../lib/gcc/arm-none-eabi/11.3.1/../../../../arm-none-eabi/lib/thumb/v7e-m+fp/hard\libc_nano.a(libc_a-assert.o)
                                         0x3d (size before relaxing)
 .rodata._vfprintf_r.str1.1
                0x0000000008006a52       0x11 C:/ST/STM32CubeIDE_1.12.1/STM32CubeIDE/plugins/com.st.stm32cube.ide.mcu.externaltools.gnu-tools-for-stm32.11.3.rel1.win32_1.1.0.202305231506/tools/bin/../lib/gcc/arm-none-eabi/11.3.1/../../../../arm-none-eabi/lib/thumb/v7e-m+fp/hard\libc_nano.a(libc_a-nano-vfprintf.o)
 .rodata._printf_i.str1.1
                0x0000000008006a63       0x22 C:/ST/STM32CubeIDE_1.12.1/STM32CubeIDE/plugins/com.st.stm32cube.ide.mcu.externaltools.gnu-tools-for-stm32.11.3.rel1.win32_1.1.0.202305231506/tools/bin/../lib/gcc/arm-none-eabi/11.3.1/../../../../arm-none-eabi/lib/thumb/v7e-m+fp/hard\libc_nano.a(libc_a-nano-vfprintf_i.o)
                0x0000000008006a88                . = ALIGN (0x4)
 *fill*         0x0000000008006a85        0x3 

.ARM.extab      0x0000000008006a88        0x0
                0x0000000008006a88                . = ALIGN (0x4)
 *(.ARM.extab* .gnu.linkonce.armextab.*)
                0x0000000008006a88                . = ALIGN (0x4)

.ARM            0x0000000008006a88        0x8
                0x0000000008006a88                . = ALIGN (0x4)
                0x0000000008006a88                __exidx_start = .
 *(.ARM.exidx*)
 .ARM.exidx     0x0000000008006a88        0x8 C:/ST/STM32CubeIDE_1.12.1/STM32CubeIDE/plugins/com.st.stm32cube.ide.mcu.externaltools.gnu-tools-for-stm32.11.3.rel1.win32_1.1.0.202305231506/tools/bin/../lib/gcc/arm-none-eabi/11.3.1/thumb/v7e-m+fp/hard\libgcc.a(_udivmoddi4.o)
                0x0000000008006a90                __exidx_end = .
                0x0000000008006a90                . = ALIGN (0x4)

.rel.dyn        0x0000000008006a90        0x0
 .rel.iplt      0x0000000008006a90        0x0 C:/ST/STM32CubeIDE_1.12.1/STM32CubeIDE/plugins/com.st.stm32cube.ide.mcu.externaltools.gnu-tools-for-stm32.11.3.rel1.win32_1.1.0.202305231506/tools/bin/../lib/gcc/arm-none-eabi/11.3.1/thumb/v7e-m+fp/hard/crtbegin.o

.preinit_array  0x0000000008006a90        0x0
                0x0000000008006a90                . = ALIGN (0x4)
                0x0000000008006a90                PROVIDE (__preinit_array_start = .)
 *(.preinit_array*)
                0x0000000008006a90                PROVIDE (__preinit_array_end = .)
                0x0000000008006a90                . = ALIGN (0x4)

.init_array     0x0000000008006a90        0x4
                0x0000000008006a90                . = ALIGN (0x4)
                0x0000000008006a90                PROVIDE (__init_array_start = .)
 *(SORT_BY_NAME(.init_array.*))
 *(.init_array*)
 .init_array    0x0000000008006a90        0x4 C:/ST/STM32CubeIDE_1.12.1/STM32CubeIDE/plugins/com.st.stm32cube.ide.mcu.externaltools.gnu-tools-for-stm32.11.3.rel1.win32_1.1.0.202305231506/tools/bin/../lib/gcc/arm-none-eabi/11.3.1/thumb/v7e-m+fp/hard/crtbegin.o
                0x0000000008006a94                PROVIDE (__init_array_end = .)
                0x0000000008006a94                . = ALIGN (0x4)

.fini_array     0x0000000008006a94        0x4
                0x0000000008006a94                . = ALIGN (0x4)
                [!provide]                        PROVIDE (__fini_array_start = .)
 *(SORT_BY_NAME(.fini_array.*))
 *(.fini_array*)
 .fini_array    0x0000000008006a94        0x4 C:/ST/STM32CubeIDE_1.12.1/STM32CubeIDE/plugins/com.st.stm32cube.ide.mcu.externaltools.gnu-tools-for-stm32.11.3.rel1.win32_1.1.0.202305231506/tools/bin/../lib/gcc/arm-none-eabi/11.3.1/thumb/v7e-m+fp/hard/crtbegin.o
                [!provide]                        PROVIDE (__fini_array_end = .)
                0x0000000008006a98                . = ALIGN (0x4)
                0x0000000008006a98                _sidata = LOADADDR (.data)

.data           0x0000000020000000       0xf8 load address 0x0000000008006a98
                0x0000000020000000                . = ALIGN (0x4)
                0x0000000020000000                _sdata = .
 *(.data)
 *(.data*)
 .data.Modbus_Data_Array
                0x0000000020000000       0x10 ./Core/Src/main.o
                0x0000000020000000                Modbus_Data_Array
 .data.SystemCoreClock
                0x0000000020000010        0x4 ./Core/Src/system_stm32f4xx.o
                0x0000000020000010                SystemCoreClock
 .data.uwTickPrio
                0x0000000020000014        0x4 ./Drivers/STM32F4xx_HAL_Driver/Src/stm32f4xx_hal.o
                0x0000000020000014                uwTickPrio
 .data.uwTickFreq
                0x0000000020000018        0x1 ./Drivers/STM32F4xx_HAL_Driver/Src/stm32f4xx_hal.o
                0x0000000020000018                uwTickFreq
 .data.eMBState
                0x0000000020000019        0x1 ./Modules/modbus/mb.o
 *fill*         0x000000002000001a        0x2 
 .data.xFuncHandlers
                0x000000002000001c       0x80 ./Modules/modbus/mb.o
 .data.__sglue  0x000000002000009c        0xc C:/ST/STM32CubeIDE_1.12.1/STM32CubeIDE/plugins/com.st.stm32cube.ide.mcu.externaltools.gnu-tools-for-stm32.11.3.rel1.win32_1.1.0.202305231506/tools/bin/../lib/gcc/arm-none-eabi/11.3.1/../../../../arm-none-eabi/lib/thumb/v7e-m+fp/hard\libc_nano.a(libc_a-findfp.o)
                0x000000002000009c                __sglue
 .data._impure_data
                0x00000000200000a8       0x4c C:/ST/STM32CubeIDE_1.12.1/STM32CubeIDE/plugins/com.st.stm32cube.ide.mcu.externaltools.gnu-tools-for-stm32.11.3.rel1.win32_1.1.0.202305231506/tools/bin/../lib/gcc/arm-none-eabi/11.3.1/../../../../arm-none-eabi/lib/thumb/v7e-m+fp/hard\libc_nano.a(libc_a-impure.o)
                0x00000000200000a8                _impure_data
 .data._impure_ptr
                0x00000000200000f4        0x4 C:/ST/STM32CubeIDE_1.12.1/STM32CubeIDE/plugins/com.st.stm32cube.ide.mcu.externaltools.gnu-tools-for-stm32.11.3.rel1.win32_1.1.0.202305231506/tools/bin/../lib/gcc/arm-none-eabi/11.3.1/../../../../arm-none-eabi/lib/thumb/v7e-m+fp/hard\libc_nano.a(libc_a-impure.o)
                0x00000000200000f4                _impure_ptr
 *(.RamFunc)
 *(.RamFunc*)
                0x00000000200000f8                . = ALIGN (0x4)
                0x00000000200000f8                _edata = .
                0x0000000008006b90                _siccmram = LOADADDR (.ccmram)

.igot.plt       0x00000000200000f8        0x0 load address 0x0000000008006b90
 .igot.plt      0x00000000200000f8        0x0 C:/ST/STM32CubeIDE_1.12.1/STM32CubeIDE/plugins/com.st.stm32cube.ide.mcu.externaltools.gnu-tools-for-stm32.11.3.rel1.win32_1.1.0.202305231506/tools/bin/../lib/gcc/arm-none-eabi/11.3.1/thumb/v7e-m+fp/hard/crtbegin.o

.ccmram         0x0000000010000000        0x0 load address 0x0000000008006b90
                0x0000000010000000                . = ALIGN (0x4)
                0x0000000010000000                _sccmram = .
 *(.ccmram)
 *(.ccmram*)
                0x0000000010000000                . = ALIGN (0x4)
                0x0000000010000000                _eccmram = .
                0x0000000010000000                . = ALIGN (0x4)

.bss            0x00000000200000f8      0x410
                0x00000000200000f8                _sbss = .
                0x00000000200000f8                __bss_start__ = _sbss
 *(.bss)
 .bss           0x00000000200000f8       0x1c C:/ST/STM32CubeIDE_1.12.1/STM32CubeIDE/plugins/com.st.stm32cube.ide.mcu.externaltools.gnu-tools-for-stm32.11.3.rel1.win32_1.1.0.202305231506/tools/bin/../lib/gcc/arm-none-eabi/11.3.1/thumb/v7e-m+fp/hard/crtbegin.o
 *(.bss*)
 .bss.htim3     0x0000000020000114       0x48 ./Core/Src/main.o
                0x0000000020000114                htim3
 .bss.htim10    0x000000002000015c       0x48 ./Core/Src/main.o
                0x000000002000015c                htim10
 .bss.huart4    0x00000000200001a4       0x44 ./Core/Src/main.o
                0x00000000200001a4                huart4
 .bss.huart1    0x00000000200001e8       0x44 ./Core/Src/main.o
                0x00000000200001e8                huart1
 .bss.tim10_elapsed_cnt
                0x000000002000022c        0x4 ./Core/Src/main.o
                0x000000002000022c                tim10_elapsed_cnt
 .bss.tim10_reminder
                0x0000000020000230        0x4 ./Core/Src/main.o
                0x0000000020000230                tim10_reminder
 .bss.f_calc    0x0000000020000234        0x1 ./Core/Src/main.o
                0x0000000020000234                f_calc
 .bss.f_error   0x0000000020000235        0x1 ./Core/Src/main.o
                0x0000000020000235                f_error
 .bss.f_start   0x0000000020000236        0x1 ./Core/Src/main.o
                0x0000000020000236                f_start
 *fill*         0x0000000020000237        0x1 
 .bss.object_speed
                0x0000000020000238        0x2 ./Core/Src/main.o
                0x0000000020000238                object_speed
 *fill*         0x000000002000023a        0x2 
 .bss.object_time_us
                0x000000002000023c        0x4 ./Core/Src/main.o
                0x000000002000023c                object_time_us
 .bss.measure_cnt
                0x0000000020000240        0x2 ./Core/Src/main.o
                0x0000000020000240                measure_cnt
 .bss.Modbus_Ctrl_Reg
                0x0000000020000242        0x1 ./Core/Src/main.o
                0x0000000020000242                Modbus_Ctrl_Reg
 *fill*         0x0000000020000243        0x1 
 .bss.__sbrk_heap_end
                0x0000000020000244        0x4 ./Core/Src/sysmem.o
 .bss.uwTick    0x0000000020000248        0x4 ./Drivers/STM32F4xx_HAL_Driver/Src/stm32f4xx_hal.o
                0x0000000020000248                uwTick
 .bss.ucMBSlaveID
                0x000000002000024c       0x20 ./Modules/modbus/functions/mbfuncother.o
 .bss.usMBSlaveIDLen
                0x000000002000026c        0x2 ./Modules/modbus/functions/mbfuncother.o
 .bss.ucMBAddress
                0x000000002000026e        0x1 ./Modules/modbus/mb.o
 .bss.eMBCurrentMode
                0x000000002000026f        0x1 ./Modules/modbus/mb.o
 .bss.peMBFrameSendCur
                0x0000000020000270        0x4 ./Modules/modbus/mb.o
 .bss.pvMBFrameStartCur
                0x0000000020000274        0x4 ./Modules/modbus/mb.o
 .bss.pvMBFrameStopCur
                0x0000000020000278        0x4 ./Modules/modbus/mb.o
 .bss.peMBFrameReceiveCur
                0x000000002000027c        0x4 ./Modules/modbus/mb.o
 .bss.pvMBFrameCloseCur
                0x0000000020000280        0x4 ./Modules/modbus/mb.o
 .bss.pxMBFrameCBByteReceived
                0x0000000020000284        0x4 ./Modules/modbus/mb.o
                0x0000000020000284                pxMBFrameCBByteReceived
 .bss.pxMBFrameCBTransmitterEmpty
                0x0000000020000288        0x4 ./Modules/modbus/mb.o
                0x0000000020000288                pxMBFrameCBTransmitterEmpty
 .bss.pxMBPortCBTimerExpired
                0x000000002000028c        0x4 ./Modules/modbus/mb.o
                0x000000002000028c                pxMBPortCBTimerExpired
 .bss.ucRcvAddress.4
                0x0000000020000290        0x1 ./Modules/modbus/mb.o
 *fill*         0x0000000020000291        0x3 
 .bss.ucMBFrame.3
                0x0000000020000294        0x4 ./Modules/modbus/mb.o
 .bss.usLength.2
                0x0000000020000298        0x2 ./Modules/modbus/mb.o
 .bss.ucFunctionCode.1
                0x000000002000029a        0x1 ./Modules/modbus/mb.o
 .bss.eException.0
                0x000000002000029b        0x1 ./Modules/modbus/mb.o
 .bss.lockCounter
                0x000000002000029c        0x4 ./Modules/modbus/port/mt_port.o
 .bss.modbusUart
                0x00000000200002a0        0x4 ./Modules/modbus/port/mt_port.o
                0x00000000200002a0                modbusUart
 .bss.modbusTimer
                0x00000000200002a4        0x4 ./Modules/modbus/port/mt_port.o
                0x00000000200002a4                modbusTimer
 .bss.eQueuedEvent
                0x00000000200002a8        0x1 ./Modules/modbus/port/portevent.o
 .bss.xEventInQueue
                0x00000000200002a9        0x1 ./Modules/modbus/port/portevent.o
 .bss.txByte    0x00000000200002aa        0x1 ./Modules/modbus/port/portserial.o
                0x00000000200002aa                txByte
 .bss.rxByte    0x00000000200002ab        0x1 ./Modules/modbus/port/portserial.o
                0x00000000200002ab                rxByte
 .bss.timerPeriod
                0x00000000200002ac        0x2 ./Modules/modbus/port/porttimer.o
                0x00000000200002ac                timerPeriod
 .bss.timerCounter
                0x00000000200002ae        0x2 ./Modules/modbus/port/porttimer.o
                0x00000000200002ae                timerCounter
 .bss.eSndState
                0x00000000200002b0        0x1 ./Modules/modbus/rtu/mbrtu.o
 .bss.eRcvState
                0x00000000200002b1        0x1 ./Modules/modbus/rtu/mbrtu.o
 *fill*         0x00000000200002b2        0x2 
 .bss.ucRTUBuf  0x00000000200002b4      0x100 ./Modules/modbus/rtu/mbrtu.o
                0x00000000200002b4                ucRTUBuf
 .bss.pucSndBufferCur
                0x00000000200003b4        0x4 ./Modules/modbus/rtu/mbrtu.o
 .bss.usSndBufferCount
                0x00000000200003b8        0x2 ./Modules/modbus/rtu/mbrtu.o
 .bss.usRcvBufferPos
                0x00000000200003ba        0x2 ./Modules/modbus/rtu/mbrtu.o
 .bss.__sf      0x00000000200003bc      0x138 C:/ST/STM32CubeIDE_1.12.1/STM32CubeIDE/plugins/com.st.stm32cube.ide.mcu.externaltools.gnu-tools-for-stm32.11.3.rel1.win32_1.1.0.202305231506/tools/bin/../lib/gcc/arm-none-eabi/11.3.1/../../../../arm-none-eabi/lib/thumb/v7e-m+fp/hard\libc_nano.a(libc_a-findfp.o)
                0x00000000200003bc                __sf
 .bss.__stdio_exit_handler
                0x00000000200004f4        0x4 C:/ST/STM32CubeIDE_1.12.1/STM32CubeIDE/plugins/com.st.stm32cube.ide.mcu.externaltools.gnu-tools-for-stm32.11.3.rel1.win32_1.1.0.202305231506/tools/bin/../lib/gcc/arm-none-eabi/11.3.1/../../../../arm-none-eabi/lib/thumb/v7e-m+fp/hard\libc_nano.a(libc_a-findfp.o)
                0x00000000200004f4                __stdio_exit_handler
 .bss.errno     0x00000000200004f8        0x4 C:/ST/STM32CubeIDE_1.12.1/STM32CubeIDE/plugins/com.st.stm32cube.ide.mcu.externaltools.gnu-tools-for-stm32.11.3.rel1.win32_1.1.0.202305231506/tools/bin/../lib/gcc/arm-none-eabi/11.3.1/../../../../arm-none-eabi/lib/thumb/v7e-m+fp/hard\libc_nano.a(libc_a-reent.o)
                0x00000000200004f8                errno
 .bss.__lock___malloc_recursive_mutex
                0x00000000200004fc        0x1 C:/ST/STM32CubeIDE_1.12.1/STM32CubeIDE/plugins/com.st.stm32cube.ide.mcu.externaltools.gnu-tools-for-stm32.11.3.rel1.win32_1.1.0.202305231506/tools/bin/../lib/gcc/arm-none-eabi/11.3.1/../../../../arm-none-eabi/lib/thumb/v7e-m+fp/hard\libc_nano.a(libc_a-lock.o)
                0x00000000200004fc                __lock___malloc_recursive_mutex
 .bss.__lock___sfp_recursive_mutex
                0x00000000200004fd        0x1 C:/ST/STM32CubeIDE_1.12.1/STM32CubeIDE/plugins/com.st.stm32cube.ide.mcu.externaltools.gnu-tools-for-stm32.11.3.rel1.win32_1.1.0.202305231506/tools/bin/../lib/gcc/arm-none-eabi/11.3.1/../../../../arm-none-eabi/lib/thumb/v7e-m+fp/hard\libc_nano.a(libc_a-lock.o)
                0x00000000200004fd                __lock___sfp_recursive_mutex
 *fill*         0x00000000200004fe        0x2 
 .bss.__malloc_free_list
                0x0000000020000500        0x4 C:/ST/STM32CubeIDE_1.12.1/STM32CubeIDE/plugins/com.st.stm32cube.ide.mcu.externaltools.gnu-tools-for-stm32.11.3.rel1.win32_1.1.0.202305231506/tools/bin/../lib/gcc/arm-none-eabi/11.3.1/../../../../arm-none-eabi/lib/thumb/v7e-m+fp/hard\libc_nano.a(libc_a-mallocr.o)
                0x0000000020000500                __malloc_free_list
 .bss.__malloc_sbrk_start
                0x0000000020000504        0x4 C:/ST/STM32CubeIDE_1.12.1/STM32CubeIDE/plugins/com.st.stm32cube.ide.mcu.externaltools.gnu-tools-for-stm32.11.3.rel1.win32_1.1.0.202305231506/tools/bin/../lib/gcc/arm-none-eabi/11.3.1/../../../../arm-none-eabi/lib/thumb/v7e-m+fp/hard\libc_nano.a(libc_a-mallocr.o)
                0x0000000020000504                __malloc_sbrk_start
 *(COMMON)
                0x0000000020000508                . = ALIGN (0x4)
                0x0000000020000508                _ebss = .
                0x0000000020000508                __bss_end__ = _ebss

._user_heap_stack
                0x0000000020000508      0x600
                0x0000000020000508                . = ALIGN (0x8)
                [!provide]                        PROVIDE (end = .)
                0x0000000020000508                PROVIDE (_end = .)
                0x0000000020000708                . = (. + _Min_Heap_Size)
 *fill*         0x0000000020000508      0x200 
                0x0000000020000b08                . = (. + _Min_Stack_Size)
 *fill*         0x0000000020000708      0x400 
                0x0000000020000b08                . = ALIGN (0x8)

/DISCARD/
 libc.a(*)
 libm.a(*)
 libgcc.a(*)

.ARM.attributes
                0x0000000000000000       0x30
 *(.ARM.attributes)
 .ARM.attributes
                0x0000000000000000       0x1e C:/ST/STM32CubeIDE_1.12.1/STM32CubeIDE/plugins/com.st.stm32cube.ide.mcu.externaltools.gnu-tools-for-stm32.11.3.rel1.win32_1.1.0.202305231506/tools/bin/../lib/gcc/arm-none-eabi/11.3.1/thumb/v7e-m+fp/hard/crti.o
 .ARM.attributes
                0x000000000000001e       0x34 C:/ST/STM32CubeIDE_1.12.1/STM32CubeIDE/plugins/com.st.stm32cube.ide.mcu.externaltools.gnu-tools-for-stm32.11.3.rel1.win32_1.1.0.202305231506/tools/bin/../lib/gcc/arm-none-eabi/11.3.1/thumb/v7e-m+fp/hard/crtbegin.o
 .ARM.attributes
                0x0000000000000052       0x34 ./Core/Src/main.o
 .ARM.attributes
                0x0000000000000086       0x34 ./Core/Src/stm32f4xx_hal_msp.o
 .ARM.attributes
                0x00000000000000ba       0x34 ./Core/Src/stm32f4xx_it.o
 .ARM.attributes
                0x00000000000000ee       0x34 ./Core/Src/syscalls.o
 .ARM.attributes
                0x0000000000000122       0x34 ./Core/Src/sysmem.o
 .ARM.attributes
                0x0000000000000156       0x34 ./Core/Src/system_stm32f4xx.o
 .ARM.attributes
                0x000000000000018a       0x21 ./Core/Startup/startup_stm32f407ighx.o
 .ARM.attributes
                0x00000000000001ab       0x34 ./Drivers/STM32F4xx_HAL_Driver/Src/stm32f4xx_hal.o
 .ARM.attributes
                0x00000000000001df       0x34 ./Drivers/STM32F4xx_HAL_Driver/Src/stm32f4xx_hal_cortex.o
 .ARM.attributes
                0x0000000000000213       0x34 ./Drivers/STM32F4xx_HAL_Driver/Src/stm32f4xx_hal_dma.o
 .ARM.attributes
                0x0000000000000247       0x34 ./Drivers/STM32F4xx_HAL_Driver/Src/stm32f4xx_hal_gpio.o
 .ARM.attributes
                0x000000000000027b       0x34 ./Drivers/STM32F4xx_HAL_Driver/Src/stm32f4xx_hal_rcc.o
 .ARM.attributes
                0x00000000000002af       0x34 ./Drivers/STM32F4xx_HAL_Driver/Src/stm32f4xx_hal_tim.o
 .ARM.attributes
                0x00000000000002e3       0x34 ./Drivers/STM32F4xx_HAL_Driver/Src/stm32f4xx_hal_tim_ex.o
 .ARM.attributes
                0x0000000000000317       0x34 ./Drivers/STM32F4xx_HAL_Driver/Src/stm32f4xx_hal_uart.o
 .ARM.attributes
                0x000000000000034b       0x34 ./Modules/modbus/functions/mbfunccoils.o
 .ARM.attributes
                0x000000000000037f       0x34 ./Modules/modbus/functions/mbfuncdisc.o
 .ARM.attributes
                0x00000000000003b3       0x34 ./Modules/modbus/functions/mbfuncholding.o
 .ARM.attributes
                0x00000000000003e7       0x34 ./Modules/modbus/functions/mbfuncinput.o
 .ARM.attributes
                0x000000000000041b       0x34 ./Modules/modbus/functions/mbfuncother.o
 .ARM.attributes
                0x000000000000044f       0x34 ./Modules/modbus/functions/mbutils.o
 .ARM.attributes
                0x0000000000000483       0x34 ./Modules/modbus/mb.o
 .ARM.attributes
                0x00000000000004b7       0x34 ./Modules/modbus/port/mt_port.o
 .ARM.attributes
                0x00000000000004eb       0x34 ./Modules/modbus/port/portevent.o
 .ARM.attributes
                0x000000000000051f       0x34 ./Modules/modbus/port/portserial.o
 .ARM.attributes
                0x0000000000000553       0x34 ./Modules/modbus/port/porttimer.o
 .ARM.attributes
                0x0000000000000587       0x34 ./Modules/modbus/rtu/mbcrc.o
 .ARM.attributes
                0x00000000000005bb       0x34 ./Modules/modbus/rtu/mbrtu.o
 .ARM.attributes
                0x00000000000005ef       0x34 C:/ST/STM32CubeIDE_1.12.1/STM32CubeIDE/plugins/com.st.stm32cube.ide.mcu.externaltools.gnu-tools-for-stm32.11.3.rel1.win32_1.1.0.202305231506/tools/bin/../lib/gcc/arm-none-eabi/11.3.1/../../../../arm-none-eabi/lib/thumb/v7e-m+fp/hard\libc_nano.a(libc_a-assert.o)
 .ARM.attributes
                0x0000000000000623       0x34 C:/ST/STM32CubeIDE_1.12.1/STM32CubeIDE/plugins/com.st.stm32cube.ide.mcu.externaltools.gnu-tools-for-stm32.11.3.rel1.win32_1.1.0.202305231506/tools/bin/../lib/gcc/arm-none-eabi/11.3.1/../../../../arm-none-eabi/lib/thumb/v7e-m+fp/hard\libc_nano.a(libc_a-findfp.o)
 .ARM.attributes
                0x0000000000000657       0x34 C:/ST/STM32CubeIDE_1.12.1/STM32CubeIDE/plugins/com.st.stm32cube.ide.mcu.externaltools.gnu-tools-for-stm32.11.3.rel1.win32_1.1.0.202305231506/tools/bin/../lib/gcc/arm-none-eabi/11.3.1/../../../../arm-none-eabi/lib/thumb/v7e-m+fp/hard\libc_nano.a(libc_a-fprintf.o)
 .ARM.attributes
                0x000000000000068b       0x34 C:/ST/STM32CubeIDE_1.12.1/STM32CubeIDE/plugins/com.st.stm32cube.ide.mcu.externaltools.gnu-tools-for-stm32.11.3.rel1.win32_1.1.0.202305231506/tools/bin/../lib/gcc/arm-none-eabi/11.3.1/../../../../arm-none-eabi/lib/thumb/v7e-m+fp/hard\libc_nano.a(libc_a-fwalk.o)
 .ARM.attributes
                0x00000000000006bf       0x34 C:/ST/STM32CubeIDE_1.12.1/STM32CubeIDE/plugins/com.st.stm32cube.ide.mcu.externaltools.gnu-tools-for-stm32.11.3.rel1.win32_1.1.0.202305231506/tools/bin/../lib/gcc/arm-none-eabi/11.3.1/../../../../arm-none-eabi/lib/thumb/v7e-m+fp/hard\libc_nano.a(libc_a-stdio.o)
 .ARM.attributes
                0x00000000000006f3       0x34 C:/ST/STM32CubeIDE_1.12.1/STM32CubeIDE/plugins/com.st.stm32cube.ide.mcu.externaltools.gnu-tools-for-stm32.11.3.rel1.win32_1.1.0.202305231506/tools/bin/../lib/gcc/arm-none-eabi/11.3.1/../../../../arm-none-eabi/lib/thumb/v7e-m+fp/hard\libc_nano.a(libc_a-memset.o)
 .ARM.attributes
                0x0000000000000727       0x34 C:/ST/STM32CubeIDE_1.12.1/STM32CubeIDE/plugins/com.st.stm32cube.ide.mcu.externaltools.gnu-tools-for-stm32.11.3.rel1.win32_1.1.0.202305231506/tools/bin/../lib/gcc/arm-none-eabi/11.3.1/../../../../arm-none-eabi/lib/thumb/v7e-m+fp/hard\libc_nano.a(libc_a-closer.o)
 .ARM.attributes
                0x000000000000075b       0x34 C:/ST/STM32CubeIDE_1.12.1/STM32CubeIDE/plugins/com.st.stm32cube.ide.mcu.externaltools.gnu-tools-for-stm32.11.3.rel1.win32_1.1.0.202305231506/tools/bin/../lib/gcc/arm-none-eabi/11.3.1/../../../../arm-none-eabi/lib/thumb/v7e-m+fp/hard\libc_nano.a(libc_a-reent.o)
 .ARM.attributes
                0x000000000000078f       0x34 C:/ST/STM32CubeIDE_1.12.1/STM32CubeIDE/plugins/com.st.stm32cube.ide.mcu.externaltools.gnu-tools-for-stm32.11.3.rel1.win32_1.1.0.202305231506/tools/bin/../lib/gcc/arm-none-eabi/11.3.1/../../../../arm-none-eabi/lib/thumb/v7e-m+fp/hard\libc_nano.a(libc_a-impure.o)
 .ARM.attributes
                0x00000000000007c3       0x34 C:/ST/STM32CubeIDE_1.12.1/STM32CubeIDE/plugins/com.st.stm32cube.ide.mcu.externaltools.gnu-tools-for-stm32.11.3.rel1.win32_1.1.0.202305231506/tools/bin/../lib/gcc/arm-none-eabi/11.3.1/../../../../arm-none-eabi/lib/thumb/v7e-m+fp/hard\libc_nano.a(libc_a-lseekr.o)
 .ARM.attributes
                0x00000000000007f7       0x34 C:/ST/STM32CubeIDE_1.12.1/STM32CubeIDE/plugins/com.st.stm32cube.ide.mcu.externaltools.gnu-tools-for-stm32.11.3.rel1.win32_1.1.0.202305231506/tools/bin/../lib/gcc/arm-none-eabi/11.3.1/../../../../arm-none-eabi/lib/thumb/v7e-m+fp/hard\libc_nano.a(libc_a-readr.o)
 .ARM.attributes
                0x000000000000082b       0x34 C:/ST/STM32CubeIDE_1.12.1/STM32CubeIDE/plugins/com.st.stm32cube.ide.mcu.externaltools.gnu-tools-for-stm32.11.3.rel1.win32_1.1.0.202305231506/tools/bin/../lib/gcc/arm-none-eabi/11.3.1/../../../../arm-none-eabi/lib/thumb/v7e-m+fp/hard\libc_nano.a(libc_a-writer.o)
 .ARM.attributes
                0x000000000000085f       0x34 C:/ST/STM32CubeIDE_1.12.1/STM32CubeIDE/plugins/com.st.stm32cube.ide.mcu.externaltools.gnu-tools-for-stm32.11.3.rel1.win32_1.1.0.202305231506/tools/bin/../lib/gcc/arm-none-eabi/11.3.1/../../../../arm-none-eabi/lib/thumb/v7e-m+fp/hard\libc_nano.a(libc_a-errno.o)
 .ARM.attributes
                0x0000000000000893       0x34 C:/ST/STM32CubeIDE_1.12.1/STM32CubeIDE/plugins/com.st.stm32cube.ide.mcu.externaltools.gnu-tools-for-stm32.11.3.rel1.win32_1.1.0.202305231506/tools/bin/../lib/gcc/arm-none-eabi/11.3.1/../../../../arm-none-eabi/lib/thumb/v7e-m+fp/hard\libc_nano.a(libc_a-init.o)
 .ARM.attributes
                0x00000000000008c7       0x34 C:/ST/STM32CubeIDE_1.12.1/STM32CubeIDE/plugins/com.st.stm32cube.ide.mcu.externaltools.gnu-tools-for-stm32.11.3.rel1.win32_1.1.0.202305231506/tools/bin/../lib/gcc/arm-none-eabi/11.3.1/../../../../arm-none-eabi/lib/thumb/v7e-m+fp/hard\libc_nano.a(libc_a-lock.o)
 .ARM.attributes
                0x00000000000008fb       0x34 C:/ST/STM32CubeIDE_1.12.1/STM32CubeIDE/plugins/com.st.stm32cube.ide.mcu.externaltools.gnu-tools-for-stm32.11.3.rel1.win32_1.1.0.202305231506/tools/bin/../lib/gcc/arm-none-eabi/11.3.1/../../../../arm-none-eabi/lib/thumb/v7e-m+fp/hard\libc_nano.a(libc_a-memcpy-stub.o)
 .ARM.attributes
                0x000000000000092f       0x34 C:/ST/STM32CubeIDE_1.12.1/STM32CubeIDE/plugins/com.st.stm32cube.ide.mcu.externaltools.gnu-tools-for-stm32.11.3.rel1.win32_1.1.0.202305231506/tools/bin/../lib/gcc/arm-none-eabi/11.3.1/../../../../arm-none-eabi/lib/thumb/v7e-m+fp/hard\libc_nano.a(libc_a-abort.o)
 .ARM.attributes
                0x0000000000000963       0x34 C:/ST/STM32CubeIDE_1.12.1/STM32CubeIDE/plugins/com.st.stm32cube.ide.mcu.externaltools.gnu-tools-for-stm32.11.3.rel1.win32_1.1.0.202305231506/tools/bin/../lib/gcc/arm-none-eabi/11.3.1/../../../../arm-none-eabi/lib/thumb/v7e-m+fp/hard\libc_nano.a(libc_a-freer.o)
 .ARM.attributes
                0x0000000000000997       0x34 C:/ST/STM32CubeIDE_1.12.1/STM32CubeIDE/plugins/com.st.stm32cube.ide.mcu.externaltools.gnu-tools-for-stm32.11.3.rel1.win32_1.1.0.202305231506/tools/bin/../lib/gcc/arm-none-eabi/11.3.1/../../../../arm-none-eabi/lib/thumb/v7e-m+fp/hard\libc_nano.a(libc_a-mallocr.o)
 .ARM.attributes
                0x00000000000009cb       0x34 C:/ST/STM32CubeIDE_1.12.1/STM32CubeIDE/plugins/com.st.stm32cube.ide.mcu.externaltools.gnu-tools-for-stm32.11.3.rel1.win32_1.1.0.202305231506/tools/bin/../lib/gcc/arm-none-eabi/11.3.1/../../../../arm-none-eabi/lib/thumb/v7e-m+fp/hard\libc_nano.a(libc_a-mlock.o)
 .ARM.attributes
                0x00000000000009ff       0x34 C:/ST/STM32CubeIDE_1.12.1/STM32CubeIDE/plugins/com.st.stm32cube.ide.mcu.externaltools.gnu-tools-for-stm32.11.3.rel1.win32_1.1.0.202305231506/tools/bin/../lib/gcc/arm-none-eabi/11.3.1/../../../../arm-none-eabi/lib/thumb/v7e-m+fp/hard\libc_nano.a(libc_a-nano-vfprintf.o)
 .ARM.attributes
                0x0000000000000a33       0x34 C:/ST/STM32CubeIDE_1.12.1/STM32CubeIDE/plugins/com.st.stm32cube.ide.mcu.externaltools.gnu-tools-for-stm32.11.3.rel1.win32_1.1.0.202305231506/tools/bin/../lib/gcc/arm-none-eabi/11.3.1/../../../../arm-none-eabi/lib/thumb/v7e-m+fp/hard\libc_nano.a(libc_a-nano-vfprintf_i.o)
 .ARM.attributes
                0x0000000000000a67       0x34 C:/ST/STM32CubeIDE_1.12.1/STM32CubeIDE/plugins/com.st.stm32cube.ide.mcu.externaltools.gnu-tools-for-stm32.11.3.rel1.win32_1.1.0.202305231506/tools/bin/../lib/gcc/arm-none-eabi/11.3.1/../../../../arm-none-eabi/lib/thumb/v7e-m+fp/hard\libc_nano.a(libc_a-fflush.o)
 .ARM.attributes
                0x0000000000000a9b       0x34 C:/ST/STM32CubeIDE_1.12.1/STM32CubeIDE/plugins/com.st.stm32cube.ide.mcu.externaltools.gnu-tools-for-stm32.11.3.rel1.win32_1.1.0.202305231506/tools/bin/../lib/gcc/arm-none-eabi/11.3.1/../../../../arm-none-eabi/lib/thumb/v7e-m+fp/hard\libc_nano.a(libc_a-wbuf.o)
 .ARM.attributes
                0x0000000000000acf       0x34 C:/ST/STM32CubeIDE_1.12.1/STM32CubeIDE/plugins/com.st.stm32cube.ide.mcu.externaltools.gnu-tools-for-stm32.11.3.rel1.win32_1.1.0.202305231506/tools/bin/../lib/gcc/arm-none-eabi/11.3.1/../../../../arm-none-eabi/lib/thumb/v7e-m+fp/hard\libc_nano.a(libc_a-wsetup.o)
 .ARM.attributes
                0x0000000000000b03       0x34 C:/ST/STM32CubeIDE_1.12.1/STM32CubeIDE/plugins/com.st.stm32cube.ide.mcu.externaltools.gnu-tools-for-stm32.11.3.rel1.win32_1.1.0.202305231506/tools/bin/../lib/gcc/arm-none-eabi/11.3.1/../../../../arm-none-eabi/lib/thumb/v7e-m+fp/hard\libc_nano.a(libc_a-signal.o)
 .ARM.attributes
                0x0000000000000b37       0x34 C:/ST/STM32CubeIDE_1.12.1/STM32CubeIDE/plugins/com.st.stm32cube.ide.mcu.externaltools.gnu-tools-for-stm32.11.3.rel1.win32_1.1.0.202305231506/tools/bin/../lib/gcc/arm-none-eabi/11.3.1/../../../../arm-none-eabi/lib/thumb/v7e-m+fp/hard\libc_nano.a(libc_a-signalr.o)