Archive member included to satisfy reference by file (symbol)

C:/ST/STM32CubeIDE_1.12.1/STM32CubeIDE/plugins/com.st.stm32cube.ide.mcu.externaltools.gnu-tools-for-stm32.11.3.rel1.win32_1.1.0.202305231506/tools/bin/../lib/gcc/arm-none-eabi/11.3.1/../../../../arm-none-eabi/lib/thumb/v7e-m+fp/hard\libc_nano.a(libc_a-assert.o)
                              ./Modules/modbus/functions/mbutils.o (__assert_func)
C:/ST/STM32CubeIDE_1.12.1/STM32CubeIDE/plugins/com.st.stm32cube.ide.mcu.externaltools.gnu-tools-for-stm32.11.3.rel1.win32_1.1.0.202305231506/tools/bin/../lib/gcc/arm-none-eabi/11.3.1/../../../../arm-none-eabi/lib/thumb/v7e-m+fp/hard\libc_nano.a(libc_a-exit.o)
                              C:/ST/STM32CubeIDE_1.12.1/STM32CubeIDE/plugins/com.st.stm32cube.ide.mcu.externaltools.gnu-tools-for-stm32.11.3.rel1.win32_1.1.0.202305231506/tools/bin/../lib/gcc/arm-none-eabi/11.3.1/../../../../arm-none-eabi/lib/thumb/v7e-m+fp/hard/crt0.o (exit)
C:/ST/STM32CubeIDE_1.12.1/STM32CubeIDE/plugins/com.st.stm32cube.ide.mcu.externaltools.gnu-tools-for-stm32.11.3.rel1.win32_1.1.0.202305231506/tools/bin/../lib/gcc/arm-none-eabi/11.3.1/../../../../arm-none-eabi/lib/thumb/v7e-m+fp/hard\libc_nano.a(libc_a-findfp.o)
                              C:/ST/STM32CubeIDE_1.12.1/STM32CubeIDE/plugins/com.st.stm32cube.ide.mcu.externaltools.gnu-tools-for-stm32.11.3.rel1.win32_1.1.0.202305231506/tools/bin/../lib/gcc/arm-none-eabi/11.3.1/../../../../arm-none-eabi/lib/thumb/v7e-m+fp/hard\libc_nano.a(libc_a-exit.o) (__stdio_exit_handler)
C:/ST/STM32CubeIDE_1.12.1/STM32CubeIDE/plugins/com.st.stm32cube.ide.mcu.externaltools.gnu-tools-for-stm32.11.3.rel1.win32_1.1.0.202305231506/tools/bin/../lib/gcc/arm-none-eabi/11.3.1/../../../../arm-none-eabi/lib/thumb/v7e-m+fp/hard\libc_nano.a(libc_a-fprintf.o)
                              C:/ST/STM32CubeIDE_1.12.1/STM32CubeIDE/plugins/com.st.stm32cube.ide.mcu.externaltools.gnu-tools-for-stm32.11.3.rel1.win32_1.1.0.202305231506/tools/bin/../lib/gcc/arm-none-eabi/11.3.1/../../../../arm-none-eabi/lib/thumb/v7e-m+fp/hard\libc_nano.a(libc_a-assert.o) (fiprintf)
C:/ST/STM32CubeIDE_1.12.1/STM32CubeIDE/plugins/com.st.stm32cube.ide.mcu.externaltools.gnu-tools-for-stm32.11.3.rel1.win32_1.1.0.202305231506/tools/bin/../lib/gcc/arm-none-eabi/11.3.1/../../../../arm-none-eabi/lib/thumb/v7e-m+fp/hard\libc_nano.a(libc_a-fwalk.o)
                              C:/ST/STM32CubeIDE_1.12.1/STM32CubeIDE/plugins/com.st.stm32cube.ide.mcu.externaltools.gnu-tools-for-stm32.11.3.rel1.win32_1.1.0.202305231506/tools/bin/../lib/gcc/arm-none-eabi/11.3.1/../../../../arm-none-eabi/lib/thumb/v7e-m+fp/hard\libc_nano.a(libc_a-findfp.o) (_fwalk_sglue)
C:/ST/STM32CubeIDE_1.12.1/STM32CubeIDE/plugins/com.st.stm32cube.ide.mcu.externaltools.gnu-tools-for-stm32.11.3.rel1.win32_1.1.0.202305231506/tools/bin/../lib/gcc/arm-none-eabi/11.3.1/../../../../arm-none-eabi/lib/thumb/v7e-m+fp/hard\libc_nano.a(libc_a-stdio.o)
                              C:/ST/STM32CubeIDE_1.12.1/STM32CubeIDE/plugins/com.st.stm32cube.ide.mcu.externaltools.gnu-tools-for-stm32.11.3.rel1.win32_1.1.0.202305231506/tools/bin/../lib/gcc/arm-none-eabi/11.3.1/../../../../arm-none-eabi/lib/thumb/v7e-m+fp/hard\libc_nano.a(libc_a-findfp.o) (__sread)
C:/ST/STM32CubeIDE_1.12.1/STM32CubeIDE/plugins/com.st.stm32cube.ide.mcu.externaltools.gnu-tools-for-stm32.11.3.rel1.win32_1.1.0.202305231506/tools/bin/../lib/gcc/arm-none-eabi/11.3.1/../../../../arm-none-eabi/lib/thumb/v7e-m+fp/hard\libc_nano.a(libc_a-memset.o)
                              C:/ST/STM32CubeIDE_1.12.1/STM32CubeIDE/plugins/com.st.stm32cube.ide.mcu.externaltools.gnu-tools-for-stm32.11.3.rel1.win32_1.1.0.202305231506/tools/bin/../lib/gcc/arm-none-eabi/11.3.1/../../../../arm-none-eabi/lib/thumb/v7e-m+fp/hard/crt0.o (memset)
C:/ST/STM32CubeIDE_1.12.1/STM32CubeIDE/plugins/com.st.stm32cube.ide.mcu.externaltools.gnu-tools-for-stm32.11.3.rel1.win32_1.1.0.202305231506/tools/bin/../lib/gcc/arm-none-eabi/11.3.1/../../../../arm-none-eabi/lib/thumb/v7e-m+fp/hard\libc_nano.a(libc_a-closer.o)
                              C:/ST/STM32CubeIDE_1.12.1/STM32CubeIDE/plugins/com.st.stm32cube.ide.mcu.externaltools.gnu-tools-for-stm32.11.3.rel1.win32_1.1.0.202305231506/tools/bin/../lib/gcc/arm-none-eabi/11.3.1/../../../../arm-none-eabi/lib/thumb/v7e-m+fp/hard\libc_nano.a(libc_a-stdio.o) (_close_r)
C:/ST/STM32CubeIDE_1.12.1/STM32CubeIDE/plugins/com.st.stm32cube.ide.mcu.externaltools.gnu-tools-for-stm32.11.3.rel1.win32_1.1.0.202305231506/tools/bin/../lib/gcc/arm-none-eabi/11.3.1/../../../../arm-none-eabi/lib/thumb/v7e-m+fp/hard\libc_nano.a(libc_a-reent.o)
                              C:/ST/STM32CubeIDE_1.12.1/STM32CubeIDE/plugins/com.st.stm32cube.ide.mcu.externaltools.gnu-tools-for-stm32.11.3.rel1.win32_1.1.0.202305231506/tools/bin/../lib/gcc/arm-none-eabi/11.3.1/../../../../arm-none-eabi/lib/thumb/v7e-m+fp/hard\libc_nano.a(libc_a-closer.o) (errno)
[...]
Memory Configuration

Name             Origin             Length             Attributes
CCMRAM           0x0000000010000000 0x0000000000010000 xrw
RAM              0x0000000020000000 0x0000000000020000 xrw
FLASH            0x0000000008000000 0x0000000000100000 xr
*default*        0x0000000000000000 0xffffffffffffffff

Linker script and memory map

LOAD C:/ST/STM32CubeIDE_1.12.1/STM32CubeIDE/plugins/com.st.stm32cube.ide.mcu.externaltools.gnu-tools-for-stm32.11.3.rel1.win32_1.1.0.202305231506/tools/bin/../lib/gcc/arm-none-eabi/11.3.1/thumb/v7e-m+fp/hard/crti.o
LOAD C:/ST/STM32CubeIDE_1.12.1/STM32CubeIDE/plugins/com.st.stm32cube.ide.mcu.externaltools.gnu-tools-for-stm32.11.3.rel1.win32_1.1.0.202305231506/tools/bin/../lib/gcc/arm-none-eabi/11.3.1/thumb/v7e-m+fp/hard/crtbegin.o
LOAD C:/ST/STM32CubeIDE_1.12.1/STM32CubeIDE/plugins/com.st.stm32cube.ide.mcu.externaltools.gnu-tools-for-stm32.11.3.rel1.win32_1.1.0.202305231506/tools/bin/../lib/gcc/arm-none-eabi/11.3.1/../../../../arm-none-eabi/lib/thumb/v7e-m+fp/hard/crt0.o
LOAD ./Core/Src/main.o
LOAD ./Core/Src/stm32f4xx_hal_msp.o
LOAD ./Core/Src/stm32f4xx_it.o
LOAD ./Core/Src/syscalls.o
LOAD ./Core/Src/sysmem.o
LOAD ./Core/Src/system_stm32f4xx.o
LOAD ./Core/Startup/startup_stm32f407ighx.o
LOAD ./Drivers/STM32F4xx_HAL_Driver/Src/stm32f4xx_hal.o
LOAD ./Drivers/STM32F4xx_HAL_Driver/Src/stm32f4xx_hal_cortex.o
LOAD ./Drivers/STM32F4xx_HAL_Driver/Src/stm32f4xx_hal_dma.o
LOAD ./Drivers/STM32F4xx_HAL_Driver/Src/stm32f4xx_hal_dma_ex.o
LOAD ./Drivers/STM32F4xx_HAL_Driver/Src/stm32f4xx_hal_exti.o
LOAD ./Drivers/STM32F4xx_HAL_Driver/Src/stm32f4xx_hal_flash.o
LOAD ./Drivers/STM32F4xx_HAL_Driver/Src/stm32f4xx_hal_flash_ex.o
LOAD ./Drivers/STM32F4xx_HAL_Driver/Src/stm32f4xx_hal_flash_ramfunc.o
LOAD ./Drivers/STM32F4xx_HAL_Driver/Src/stm32f4xx_hal_gpio.o
LOAD ./Drivers/STM32F4xx_HAL_Driver/Src/stm32f4xx_hal_pwr.o
LOAD ./Drivers/STM32F4xx_HAL_Driver/Src/stm32f4xx_hal_pwr_ex.o
LOAD ./Drivers/STM32F4xx_HAL_Driver/Src/stm32f4xx_hal_rcc.o
LOAD ./Drivers/STM32F4xx_HAL_Driver/Src/stm32f4xx_hal_rcc_ex.o
LOAD ./Drivers/STM32F4xx_HAL_Driver/Src/stm32f4xx_hal_tim.o
LOAD ./Drivers/STM32F4xx_HAL_Driver/Src/stm32f4xx_hal_tim_ex.o
LOAD ./Drivers/STM32F4xx_HAL_Driver/Src/stm32f4xx_hal_uart.o
LOAD ./Modules/modbus/ascii/mbascii.o
LOAD ./Modules/modbus/functions/mbfunccoils.o
LOAD ./Modules/modbus/functions/mbfuncdiag.o
LOAD ./Modules/modbus/functions/mbfuncdisc.o
LOAD ./Modules/modbus/functions/mbfuncholding.o
LOAD ./Modules/modbus/functions/mbfuncinput.o
LOAD ./Modules/modbus/functions/mbfuncother.o
LOAD ./Modules/modbus/functions/mbutils.o
LOAD ./Modules/modbus/mb.o
LOAD ./Modules/modbus/port/mt_port.o
LOAD ./Modules/modbus/port/portevent.o
LOAD ./Modules/modbus/port/portserial.o
LOAD ./Modules/modbus/port/porttimer.o
LOAD ./Modules/modbus/rtu/mbcrc.o
LOAD ./Modules/modbus/rtu/mbrtu.o
LOAD ./Modules/modbus/tcp/mbtcp.o
START GROUP
LOAD C:/ST/STM32CubeIDE_1.12.1/STM32CubeIDE/plugins/com.st.stm32cube.ide.mcu.externaltools.gnu-tools-for-stm32.11.3.rel1.win32_1.1.0.202305231506/tools/bin/../lib/gcc/arm-none-eabi/11.3.1/../../../../arm-none-eabi/lib/thumb/v7e-m+fp/hard\libc_nano.a
LOAD C:/ST/STM32CubeIDE_1.12.1/STM32CubeIDE/plugins/com.st.stm32cube.ide.mcu.externaltools.gnu-tools-for-stm32.11.3.rel1.win32_1.1.0.202305231506/tools/bin/../lib/gcc/arm-none-eabi/11.3.1/../../../../arm-none-eabi/lib/thumb/v7e-m+fp/hard\libm.a
END GROUP
START GROUP
LOAD C:/ST/STM32CubeIDE_1.12.1/STM32CubeIDE/plugins/com.st.stm32cube.ide.mcu.externaltools.gnu-tools-for-stm32.11.3.rel1.win32_1.1.0.202305231506/tools/bin/../lib/gcc/arm-none-eabi/11.3.1/thumb/v7e-m+fp/hard\libgcc.a
LOAD C:/ST/STM32CubeIDE_1.12.1/STM32CubeIDE/plugins/com.st.stm32cube.ide.mcu.externaltools.gnu-tools-for-stm32.11.3.rel1.win32_1.1.0.202305231506/tools/bin/../lib/gcc/arm-none-eabi/11.3.1/../../../../arm-none-eabi/lib/thumb/v7e-m+fp/hard\libc_nano.a
END GROUP
START GROUP
LOAD C:/ST/STM32CubeIDE_1.12.1/STM32CubeIDE/plugins/com.st.stm32cube.ide.mcu.externaltools.gnu-tools-for-stm32.11.3.rel1.win32_1.1.0.202305231506/tools/bin/../lib/gcc/arm-none-eabi/11.3.1/thumb/v7e-m+fp/hard\libgcc.a
LOAD C:/ST/STM32CubeIDE_1.12.1/STM32CubeIDE/plugins/com.st.stm32cube.ide.mcu.externaltools.gnu-tools-for-stm32.11.3.rel1.win32_1.1.0.202305231506/tools/bin/../lib/gcc/arm-none-eabi/11.3.1/../../../../arm-none-eabi/lib/thumb/v7e-m+fp/hard\libc_nano.a
LOAD C:/ST/STM32CubeIDE_1.12.1/STM32CubeIDE/plugins/com.st.stm32cube.ide.mcu.externaltools.gnu-tools-for-stm32.11.3.rel1.win32_1.1.0.202305231506/tools/bin/../lib/gcc/arm-none-eabi/11.3.1/../../../../arm-none-eabi/lib/thumb/v7e-m+fp/hard\libnosys.a
END GROUP
START GROUP
LOAD C:/ST/STM32CubeIDE_1.12.1/STM32CubeIDE/plugins/com.st.stm32cube.ide.mcu.externaltools.gnu-tools-for-stm32.11.3.rel1.win32_1.1.0.202305231506/tools/bin/../lib/gcc/arm-none-eabi/11.3.1/thumb/v7e-m+fp/hard\libgcc.a
LOAD C:/ST/STM32CubeIDE_1.12.1/STM32CubeIDE/plugins/com.st.stm32cube.ide.mcu.externaltools.gnu-tools-for-stm32.11.3.rel1.win32_1.1.0.202305231506/tools/bin/../lib/gcc/arm-none-eabi/11.3.1/../../../../arm-none-eabi/lib/thumb/v7e-m+fp/hard\libc_nano.a
LOAD C:/ST/STM32CubeIDE_1.12.1/STM32CubeIDE/plugins/com.st.stm32cube.ide.mcu.externaltools.gnu-tools-for-stm32.11.3.rel1.win32_1.1.0.202305231506/tools/bin/../lib/gcc/arm-none-eabi/11.3.1/../../../../arm-none-eabi/lib/thumb/v7e-m+fp/hard\libnosys.a
END GROUP
LOAD C:/ST/STM32CubeIDE_1.12.1/STM32CubeIDE/plugins/com.st.stm32cube.ide.mcu.externaltools.gnu-tools-for-stm32.11.3.rel1.win32_1.1.0.202305231506/tools/bin/../lib/gcc/arm-none-eabi/11.3.1/thumb/v7e-m+fp/hard/crtend.o
LOAD C:/ST/STM32CubeIDE_1.12.1/STM32CubeIDE/plugins/com.st.stm32cube.ide.mcu.externaltools.gnu-tools-for-stm32.11.3.rel1.win32_1.1.0.202305231506/tools/bin/../lib/gcc/arm-none-eabi/11.3.1/thumb/v7e-m+fp/hard/crtn.o
                0x0000000020020000                _estack = (ORIGIN (RAM) + LENGTH (RAM))
                0x0000000000000200                _Min_Heap_Size = 0x200
                0x0000000000000400                _Min_Stack_Size = 0x400

.isr_vector     0x0000000008000000      0x188
                0x0000000008000000                . = ALIGN (0x4)
 *(.isr_vector)
 .isr_vector    0x0000000008000000      0x188 ./Core/Startup/startup_stm32f407ighx.o
                0x0000000008000000                g_pfnVectors
                0x0000000008000188                . = ALIGN (0x4)

.text           0x0000000008000190     0x654c
                0x0000000008000190                . = ALIGN (0x4)
 *(.text)
 .text          0x0000000008000190       0x40 C:/ST/STM32CubeIDE_1.12.1/STM32CubeIDE/plugins/com.st.stm32cube.ide.mcu.externaltools.gnu-tools-for-stm32.11.3.rel1.win32_1.1.0.202305231506/tools/bin/../lib/gcc/arm-none-eabi/11.3.1/thumb/v7e-m+fp/hard/crtbegin.o
 .text          0x00000000080001d0       0xa0 C:/ST/STM32CubeIDE_1.12.1/STM32CubeIDE/plugins/com.st.stm32cube.ide.mcu.externaltools.gnu-tools-for-stm32.11.3.rel1.win32_1.1.0.202305231506/tools/bin/../lib/gcc/arm-none-eabi/11.3.1/../../../../arm-none-eabi/lib/thumb/v7e-m+fp/hard\libc_nano.a(libc_a-memchr.o)
                0x00000000080001d0                memchr
 .text          0x0000000008000270       0x30 C:/ST/STM32CubeIDE_1.12.1/STM32CubeIDE/plugins/com.st.stm32cube.ide.mcu.externaltools.gnu-tools-for-stm32.11.3.rel1.win32_1.1.0.202305231506/tools/bin/../lib/gcc/arm-none-eabi/11.3.1/thumb/v7e-m+fp/hard\libgcc.a(_aeabi_uldivmod.o)
                0x0000000008000270                __aeabi_uldivmod
 .text          0x00000000080002a0      0x2c8 C:/ST/STM32CubeIDE_1.12.1/STM32CubeIDE/plugins/com.st.stm32cube.ide.mcu.externaltools.gnu-tools-for-stm32.11.3.rel1.win32_1.1.0.202305231506/tools/bin/../lib/gcc/arm-none-eabi/11.3.1/thumb/v7e-m+fp/hard\libgcc.a(_udivmoddi4.o)
                0x00000000080002a0                __udivmoddi4
 .text          0x0000000008000568        0x4 C:/ST/STM32CubeIDE_1.12.1/STM32CubeIDE/plugins/com.st.stm32cube.ide.mcu.externaltools.gnu-tools-for-stm32.11.3.rel1.win32_1.1.0.202305231506/tools/bin/../lib/gcc/arm-none-eabi/11.3.1/thumb/v7e-m+fp/hard\libgcc.a(_dvmd_tls.o)
                0x0000000008000568                __aeabi_idiv0
                0x0000000008000568                __aeabi_ldiv0
 *(.text*)
 .text.main     0x000000000800056c      0x114 ./Core/Src/main.o
                0x000000000800056c                main
 .text.SystemClock_Config
                0x0000000008000680       0xbc ./Core/Src/main.o
                0x0000000008000680                SystemClock_Config
 .text.MX_NVIC_Init
                0x000000000800073c       0x48 ./Core/Src/main.o
 .text.MX_TIM3_Init
                0x0000000008000784       0x98 ./Core/Src/main.o
 .text.MX_TIM10_Init
                0x000000000800081c       0x48 ./Core/Src/main.o
 .text.MX_UART4_Init
                0x0000000008000864       0x54 ./Core/Src/main.o
 .text.MX_USART1_UART_Init
                0x00000000080008b8       0x54 ./Core/Src/main.o
 .text.MX_GPIO_Init
                0x000000000800090c      0x238 ./Core/Src/main.o
 .text.HAL_GPIO_EXTI_Callback
                0x0000000008000b44      0x108 ./Core/Src/main.o
                0x0000000008000b44                HAL_GPIO_EXTI_Callback
 .text.HAL_UART_RxCpltCallback
                0x0000000008000c4c       0x16 ./Core/Src/main.o
                0x0000000008000c4c                HAL_UART_RxCpltCallback
 .text.HAL_UART_TxCpltCallback
                0x0000000008000c62       0x16 ./Core/Src/main.o
                0x0000000008000c62                HAL_UART_TxCpltCallback
 .text.HAL_TIM_PeriodElapsedCallback
                0x0000000008000c78       0xa4 ./Core/Src/main.o
                0x0000000008000c78                HAL_TIM_PeriodElapsedCallback
 .text.Init_SpeedMeasure
                0x0000000008000d1c       0x40 ./Core/Src/main.o
 .text.Calculate_Speed
                0x0000000008000d5c       0x80 ./Core/Src/main.o
 .text.eMBRegInputCB
                0x0000000008000ddc       0x84 ./Core/Src/main.o
                0x0000000008000ddc                eMBRegInputCB
 .text.eMBRegHoldingCB
                0x0000000008000e60       0xe8 ./Core/Src/main.o
                0x0000000008000e60                eMBRegHoldingCB
 .text.eMBRegCoilsCB
                0x0000000008000f48       0xd8 ./Core/Src/main.o
                0x0000000008000f48                eMBRegCoilsCB
 .text.eMBRegDiscreteCB
                0x0000000008001020       0x1e ./Core/Src/main.o
                0x0000000008001020                eMBRegDiscreteCB
 *fill*         0x000000000800103e        0x2 
 .text.CtrlRegister_Handler
                0x0000000008001040       0x84 ./Core/Src/main.o
 .text.LTC2870_RX485_En_Rx
                0x00000000080010c4       0x28 ./Core/Src/main.o
                0x00000000080010c4                LTC2870_RX485_En_Rx
 .text.LTC2870_RX485_En_Tx
                0x00000000080010ec       0x28 ./Core/Src/main.o
                0x00000000080010ec                LTC2870_RX485_En_Tx
 .text.Error_Handler
                0x0000000008001114        0xa ./Core/Src/main.o
                0x0000000008001114                Error_Handler
 *fill*         0x000000000800111e        0x2 
 .text.HAL_MspInit
                0x0000000008001120       0x50 ./Core/Src/stm32f4xx_hal_msp.o
                0x0000000008001120                HAL_MspInit
 .text.HAL_TIM_Base_MspInit
                0x0000000008001170       0x7c ./Core/Src/stm32f4xx_hal_msp.o
                0x0000000008001170                HAL_TIM_Base_MspInit
 .text.HAL_UART_MspInit
                0x00000000080011ec      0x110 ./Core/Src/stm32f4xx_hal_msp.o
                0x00000000080011ec                HAL_UART_MspInit
 .text.NMI_Handler
                0x00000000080012fc        0xa ./Core/Src/stm32f4xx_it.o
                0x00000000080012fc                NMI_Handler
 .text.HardFault_Handler
                0x0000000008001306        0x6 ./Core/Src/stm32f4xx_it.o
                0x0000000008001306                HardFault_Handler
 .text.MemManage_Handler
                0x000000000800130c        0x6 ./Core/Src/stm32f4xx_it.o
                0x000000000800130c                MemManage_Handler
 .text.BusFault_Handler
                0x0000000008001312        0x6 ./Core/Src/stm32f4xx_it.o
                0x0000000008001312                BusFault_Handler
 .text.UsageFault_Handler
                0x0000000008001318        0x6 ./Core/Src/stm32f4xx_it.o
                0x0000000008001318                UsageFault_Handler
 .text.SVC_Handler
                0x000000000800131e        0xe ./Core/Src/stm32f4xx_it.o
                0x000000000800131e                SVC_Handler
 .text.DebugMon_Handler
                0x000000000800132c        0xe ./Core/Src/stm32f4xx_it.o
                0x000000000800132c                DebugMon_Handler
 .text.PendSV_Handler
                0x000000000800133a        0xe ./Core/Src/stm32f4xx_it.o
                0x000000000800133a                PendSV_Handler
 .text.SysTick_Handler
                0x0000000008001348        0xc ./Core/Src/stm32f4xx_it.o
                0x0000000008001348                SysTick_Handler
 .text.EXTI0_IRQHandler
                0x0000000008001354        0xe ./Core/Src/stm32f4xx_it.o
                0x0000000008001354                EXTI0_IRQHandler
 .text.EXTI1_IRQHandler
                0x0000000008001362        0xe ./Core/Src/stm32f4xx_it.o
                0x0000000008001362                EXTI1_IRQHandler
 .text.TIM1_UP_TIM10_IRQHandler
                0x0000000008001370       0x14 ./Core/Src/stm32f4xx_it.o
                0x0000000008001370                TIM1_UP_TIM10_IRQHandler
 .text.TIM3_IRQHandler
                0x0000000008001384       0x14 ./Core/Src/stm32f4xx_it.o
                0x0000000008001384                TIM3_IRQHandler
 .text.USART1_IRQHandler
                0x0000000008001398       0x14 ./Core/Src/stm32f4xx_it.o
                0x0000000008001398                USART1_IRQHandler
 .text.UART4_IRQHandler
                0x00000000080013ac       0x14 ./Core/Src/stm32f4xx_it.o
                0x00000000080013ac                UART4_IRQHandler
 .text._getpid  0x00000000080013c0       0x10 ./Core/Src/syscalls.o
                0x00000000080013c0                _getpid
 .text._kill    0x00000000080013d0       0x20 ./Core/Src/syscalls.o
                0x00000000080013d0                _kill
 .text._exit    0x00000000080013f0       0x14 ./Core/Src/syscalls.o
                0x00000000080013f0                _exit
 .text._read    0x0000000008001404       0x3a ./Core/Src/syscalls.o
                0x0000000008001404                _read
 .text._write   0x000000000800143e       0x38 ./Core/Src/syscalls.o
                0x000000000800143e                _write
 .text._close   0x0000000008001476       0x18 ./Core/Src/syscalls.o
                0x0000000008001476                _close
 .text._fstat   0x000000000800148e       0x20 ./Core/Src/syscalls.o
                0x000000000800148e                _fstat
 .text._isatty  0x00000000080014ae       0x16 ./Core/Src/syscalls.o
                0x00000000080014ae                _isatty
 .text._lseek   0x00000000080014c4       0x1a ./Core/Src/syscalls.o
                0x00000000080014c4                _lseek
 *fill*         0x00000000080014de        0x2 
 .text._sbrk    0x00000000080014e0       0x6c ./Core/Src/sysmem.o
                0x00000000080014e0                _sbrk
 .text.SystemInit
                0x000000000800154c       0x24 ./Core/Src/system_stm32f4xx.o
                0x000000000800154c                SystemInit
 .text.Reset_Handler
                0x0000000008001570       0x50 ./Core/Startup/startup_stm32f407ighx.o
                0x0000000008001570                Reset_Handler
 .text.Default_Handler
                0x00000000080015c0        0x2 ./Core/Startup/startup_stm32f407ighx.o
                0x00000000080015c0                RTC_Alarm_IRQHandler
                0x00000000080015c0                HASH_RNG_IRQHandler
                0x00000000080015c0                EXTI2_IRQHandler
                0x00000000080015c0                TIM8_CC_IRQHandler
                0x00000000080015c0                TIM1_CC_IRQHandler
                0x00000000080015c0                DMA2_Stream5_IRQHandler
                0x00000000080015c0                DMA1_Stream5_IRQHandler
                0x00000000080015c0                PVD_IRQHandler
                0x00000000080015c0                SDIO_IRQHandler
                0x00000000080015c0                TAMP_STAMP_IRQHandler
                0x00000000080015c0                CAN2_RX1_IRQHandler
                0x00000000080015c0                EXTI3_IRQHandler
                0x00000000080015c0                TIM8_TRG_COM_TIM14_IRQHandler
                0x00000000080015c0                TIM8_UP_TIM13_IRQHandler
                0x00000000080015c0                I2C3_ER_IRQHandler
                0x00000000080015c0                I2C2_EV_IRQHandler
                0x00000000080015c0                DMA1_Stream2_IRQHandler
                0x00000000080015c0                CAN1_RX0_IRQHandler
                0x00000000080015c0                FPU_IRQHandler
                0x00000000080015c0                OTG_HS_WKUP_IRQHandler
                0x00000000080015c0                CAN2_SCE_IRQHandler
                0x00000000080015c0                DMA2_Stream2_IRQHandler
                0x00000000080015c0                SPI1_IRQHandler
                0x00000000080015c0                TIM6_DAC_IRQHandler
                0x00000000080015c0                TIM1_BRK_TIM9_IRQHandler
                0x00000000080015c0                DCMI_IRQHandler
                0x00000000080015c0                CAN2_RX0_IRQHandler
                0x00000000080015c0                DMA2_Stream3_IRQHandler
                0x00000000080015c0                USART6_IRQHandler
                0x00000000080015c0                USART3_IRQHandler
                0x00000000080015c0                CAN1_RX1_IRQHandler
                0x00000000080015c0                UART5_IRQHandler
                0x00000000080015c0                DMA2_Stream0_IRQHandler
                0x00000000080015c0                TIM4_IRQHandler
                0x00000000080015c0                I2C1_EV_IRQHandler
                0x00000000080015c0                DMA1_Stream6_IRQHandler
                0x00000000080015c0                DMA1_Stream1_IRQHandler
                0x00000000080015c0                RCC_IRQHandler
                0x00000000080015c0                TIM8_BRK_TIM12_IRQHandler
                0x00000000080015c0                Default_Handler
                0x00000000080015c0                EXTI15_10_IRQHandler
                0x00000000080015c0                ADC_IRQHandler
                0x00000000080015c0                DMA1_Stream7_IRQHandler
                0x00000000080015c0                TIM7_IRQHandler
                0x00000000080015c0                CAN2_TX_IRQHandler
                0x00000000080015c0                TIM5_IRQHandler
                0x00000000080015c0                DMA2_Stream7_IRQHandler
                0x00000000080015c0                I2C3_EV_IRQHandler
                0x00000000080015c0                EXTI9_5_IRQHandler
                0x00000000080015c0                RTC_WKUP_IRQHandler
                0x00000000080015c0                ETH_WKUP_IRQHandler
                0x00000000080015c0                SPI2_IRQHandler
                0x00000000080015c0                OTG_HS_EP1_IN_IRQHandler
                0x00000000080015c0                DMA1_Stream0_IRQHandler
                0x00000000080015c0                CAN1_TX_IRQHandler
                0x00000000080015c0                EXTI4_IRQHandler
                0x00000000080015c0                FSMC_IRQHandler
                0x00000000080015c0                ETH_IRQHandler
                0x00000000080015c0                OTG_HS_EP1_OUT_IRQHandler
                0x00000000080015c0                WWDG_IRQHandler
                0x00000000080015c0                TIM2_IRQHandler
                0x00000000080015c0                OTG_FS_WKUP_IRQHandler
                0x00000000080015c0                TIM1_TRG_COM_TIM11_IRQHandler
                0x00000000080015c0                OTG_HS_IRQHandler
                0x00000000080015c0                USART2_IRQHandler
                0x00000000080015c0                I2C2_ER_IRQHandler
                0x00000000080015c0                DMA2_Stream1_IRQHandler
                0x00000000080015c0                CAN1_SCE_IRQHandler
                0x00000000080015c0                FLASH_IRQHandler
                0x00000000080015c0                DMA2_Stream4_IRQHandler
                0x00000000080015c0                OTG_FS_IRQHandler
                0x00000000080015c0                SPI3_IRQHandler
                0x00000000080015c0                DMA1_Stream4_IRQHandler
                0x00000000080015c0                I2C1_ER_IRQHandler
                0x00000000080015c0                DMA2_Stream6_IRQHandler
                0x00000000080015c0                DMA1_Stream3_IRQHandler
 *fill*         0x00000000080015c2        0x2 
 .text.HAL_Init
                0x00000000080015c4       0x44 ./Drivers/STM32F4xx_HAL_Driver/Src/stm32f4xx_hal.o
                0x00000000080015c4                HAL_Init
 .text.HAL_InitTick
                0x0000000008001608       0x60 ./Drivers/STM32F4xx_HAL_Driver/Src/stm32f4xx_hal.o
                0x0000000008001608                HAL_InitTick
 .text.HAL_IncTick
                0x0000000008001668       0x28 ./Drivers/STM32F4xx_HAL_Driver/Src/stm32f4xx_hal.o
                0x0000000008001668                HAL_IncTick
 .text.HAL_GetTick
                0x0000000008001690       0x18 ./Drivers/STM32F4xx_HAL_Driver/Src/stm32f4xx_hal.o
                0x0000000008001690                HAL_GetTick
 .text.__NVIC_SetPriorityGrouping
                0x00000000080016a8       0x48 ./Drivers/STM32F4xx_HAL_Driver/Src/stm32f4xx_hal_cortex.o
 .text.__NVIC_GetPriorityGrouping
                0x00000000080016f0       0x1c ./Drivers/STM32F4xx_HAL_Driver/Src/stm32f4xx_hal_cortex.o
 .text.__NVIC_EnableIRQ
                0x000000000800170c       0x3c ./Drivers/STM32F4xx_HAL_Driver/Src/stm32f4xx_hal_cortex.o
 .text.__NVIC_DisableIRQ
                0x0000000008001748       0x48 ./Drivers/STM32F4xx_HAL_Driver/Src/stm32f4xx_hal_cortex.o
 .text.__NVIC_GetPendingIRQ
                0x0000000008001790       0x44 ./Drivers/STM32F4xx_HAL_Driver/Src/stm32f4xx_hal_cortex.o
 .text.__NVIC_ClearPendingIRQ
                0x00000000080017d4       0x3c ./Drivers/STM32F4xx_HAL_Driver/Src/stm32f4xx_hal_cortex.o
 .text.__NVIC_SetPriority
                0x0000000008001810       0x54 ./Drivers/STM32F4xx_HAL_Driver/Src/stm32f4xx_hal_cortex.o
 .text.NVIC_EncodePriority
                0x0000000008001864       0x66 ./Drivers/STM32F4xx_HAL_Driver/Src/stm32f4xx_hal_cortex.o
 *fill*         0x00000000080018ca        0x2 
 .text.SysTick_Config
                0x00000000080018cc       0x44 ./Drivers/STM32F4xx_HAL_Driver/Src/stm32f4xx_hal_cortex.o
 .text.HAL_NVIC_SetPriorityGrouping
                0x0000000008001910       0x16 ./Drivers/STM32F4xx_HAL_Driver/Src/stm32f4xx_hal_cortex.o
                0x0000000008001910                HAL_NVIC_SetPriorityGrouping
 .text.HAL_NVIC_SetPriority
                0x0000000008001926       0x38 ./Drivers/STM32F4xx_HAL_Driver/Src/stm32f4xx_hal_cortex.o
                0x0000000008001926                HAL_NVIC_SetPriority
 .text.HAL_NVIC_EnableIRQ
                0x000000000800195e       0x1c ./Drivers/STM32F4xx_HAL_Driver/Src/stm32f4xx_hal_cortex.o
                0x000000000800195e                HAL_NVIC_EnableIRQ
 .text.HAL_NVIC_DisableIRQ
                0x000000000800197a       0x1c ./Drivers/STM32F4xx_HAL_Driver/Src/stm32f4xx_hal_cortex.o
                0x000000000800197a                HAL_NVIC_DisableIRQ
 .text.HAL_SYSTICK_Config
                0x0000000008001996       0x18 ./Drivers/STM32F4xx_HAL_Driver/Src/stm32f4xx_hal_cortex.o
                0x0000000008001996                HAL_SYSTICK_Config
 .text.HAL_NVIC_GetPendingIRQ
                0x00000000080019ae       0x1e ./Drivers/STM32F4xx_HAL_Driver/Src/stm32f4xx_hal_cortex.o
                0x00000000080019ae                HAL_NVIC_GetPendingIRQ
 .text.HAL_NVIC_ClearPendingIRQ
                0x00000000080019cc       0x1c ./Drivers/STM32F4xx_HAL_Driver/Src/stm32f4xx_hal_cortex.o
                0x00000000080019cc                HAL_NVIC_ClearPendingIRQ
 .text.HAL_DMA_Abort
                0x00000000080019e8       0xe0 ./Drivers/STM32F4xx_HAL_Driver/Src/stm32f4xx_hal_dma.o
                0x00000000080019e8                HAL_DMA_Abort
 .text.HAL_DMA_Abort_IT
                0x0000000008001ac8       0x44 ./Drivers/STM32F4xx_HAL_Driver/Src/stm32f4xx_hal_dma.o
                0x0000000008001ac8                HAL_DMA_Abort_IT
 .text.HAL_GPIO_Init
                0x0000000008001b0c      0x338 ./Drivers/STM32F4xx_HAL_Driver/Src/stm32f4xx_hal_gpio.o
                0x0000000008001b0c                HAL_GPIO_Init
 .text.HAL_GPIO_WritePin
                0x0000000008001e44       0x32 ./Drivers/STM32F4xx_HAL_Driver/Src/stm32f4xx_hal_gpio.o
                0x0000000008001e44                HAL_GPIO_WritePin
 .text.HAL_GPIO_TogglePin
                0x0000000008001e76       0x34 ./Drivers/STM32F4xx_HAL_Driver/Src/stm32f4xx_hal_gpio.o
                0x0000000008001e76                HAL_GPIO_TogglePin
 .text.HAL_GPIO_LockPin
                0x0000000008001eaa       0x50 ./Drivers/STM32F4xx_HAL_Driver/Src/stm32f4xx_hal_gpio.o
                0x0000000008001eaa                HAL_GPIO_LockPin
 *fill*         0x0000000008001efa        0x2 
 .text.HAL_GPIO_EXTI_IRQHandler
                0x0000000008001efc       0x30 ./Drivers/STM32F4xx_HAL_Driver/Src/stm32f4xx_hal_gpio.o
                0x0000000008001efc                HAL_GPIO_EXTI_IRQHandler
 .text.HAL_RCC_OscConfig
                0x0000000008001f2c      0x4f0 ./Drivers/STM32F4xx_HAL_Driver/Src/stm32f4xx_hal_rcc.o
                0x0000000008001f2c                HAL_RCC_OscConfig
 .text.HAL_RCC_ClockConfig
                0x000000000800241c      0x1cc ./Drivers/STM32F4xx_HAL_Driver/Src/stm32f4xx_hal_rcc.o
                0x000000000800241c                HAL_RCC_ClockConfig
 .text.HAL_RCC_EnableCSS
                0x00000000080025e8       0x18 ./Drivers/STM32F4xx_HAL_Driver/Src/stm32f4xx_hal_rcc.o
                0x00000000080025e8                HAL_RCC_EnableCSS
 .text.HAL_RCC_GetSysClockFreq
                0x0000000008002600      0x18c ./Drivers/STM32F4xx_HAL_Driver/Src/stm32f4xx_hal_rcc.o
                0x0000000008002600                HAL_RCC_GetSysClockFreq
 .text.HAL_RCC_GetHCLKFreq
                0x000000000800278c       0x18 ./Drivers/STM32F4xx_HAL_Driver/Src/stm32f4xx_hal_rcc.o
                0x000000000800278c                HAL_RCC_GetHCLKFreq
 .text.HAL_RCC_GetPCLK1Freq
                0x00000000080027a4       0x28 ./Drivers/STM32F4xx_HAL_Driver/Src/stm32f4xx_hal_rcc.o
                0x00000000080027a4                HAL_RCC_GetPCLK1Freq
 .text.HAL_RCC_GetPCLK2Freq
                0x00000000080027cc       0x28 ./Drivers/STM32F4xx_HAL_Driver/Src/stm32f4xx_hal_rcc.o
                0x00000000080027cc                HAL_RCC_GetPCLK2Freq
 .text.HAL_RCC_NMI_IRQHandler
                0x00000000080027f4       0x28 ./Drivers/STM32F4xx_HAL_Driver/Src/stm32f4xx_hal_rcc.o
                0x00000000080027f4                HAL_RCC_NMI_IRQHandler
 .text.HAL_RCC_CSSCallback
                0x000000000800281c        0xe ./Drivers/STM32F4xx_HAL_Driver/Src/stm32f4xx_hal_rcc.o
                0x000000000800281c                HAL_RCC_CSSCallback
 .text.HAL_TIM_Base_Init
                0x000000000800282a       0x9e ./Drivers/STM32F4xx_HAL_Driver/Src/stm32f4xx_hal_tim.o
                0x000000000800282a                HAL_TIM_Base_Init
 .text.HAL_TIM_Base_Start_IT
                0x00000000080028c8       0xe0 ./Drivers/STM32F4xx_HAL_Driver/Src/stm32f4xx_hal_tim.o
                0x00000000080028c8                HAL_TIM_Base_Start_IT
 .text.HAL_TIM_Base_Stop_IT
                0x00000000080029a8       0x5e ./Drivers/STM32F4xx_HAL_Driver/Src/stm32f4xx_hal_tim.o
                0x00000000080029a8                HAL_TIM_Base_Stop_IT
 .text.HAL_TIM_IRQHandler
                0x0000000008002a06      0x210 ./Drivers/STM32F4xx_HAL_Driver/Src/stm32f4xx_hal_tim.o
                0x0000000008002a06                HAL_TIM_IRQHandler
 .text.HAL_TIM_ConfigClockSource
                0x0000000008002c16      0x18e ./Drivers/STM32F4xx_HAL_Driver/Src/stm32f4xx_hal_tim.o
                0x0000000008002c16                HAL_TIM_ConfigClockSource
 .text.HAL_TIM_OC_DelayElapsedCallback
                0x0000000008002da4       0x14 ./Drivers/STM32F4xx_HAL_Driver/Src/stm32f4xx_hal_tim.o
                0x0000000008002da4                HAL_TIM_OC_DelayElapsedCallback
 .text.HAL_TIM_IC_CaptureCallback
                0x0000000008002db8       0x14 ./Drivers/STM32F4xx_HAL_Driver/Src/stm32f4xx_hal_tim.o
                0x0000000008002db8                HAL_TIM_IC_CaptureCallback
 .text.HAL_TIM_PWM_PulseFinishedCallback
                0x0000000008002dcc       0x14 ./Drivers/STM32F4xx_HAL_Driver/Src/stm32f4xx_hal_tim.o
                0x0000000008002dcc                HAL_TIM_PWM_PulseFinishedCallback
 .text.HAL_TIM_TriggerCallback
                0x0000000008002de0       0x14 ./Drivers/STM32F4xx_HAL_Driver/Src/stm32f4xx_hal_tim.o
                0x0000000008002de0                HAL_TIM_TriggerCallback
 .text.TIM_Base_SetConfig
                0x0000000008002df4      0x140 ./Drivers/STM32F4xx_HAL_Driver/Src/stm32f4xx_hal_tim.o
                0x0000000008002df4                TIM_Base_SetConfig
 .text.TIM_TI1_ConfigInputStage
                0x0000000008002f34       0x5e ./Drivers/STM32F4xx_HAL_Driver/Src/stm32f4xx_hal_tim.o
 .text.TIM_TI2_ConfigInputStage
                0x0000000008002f92       0x60 ./Drivers/STM32F4xx_HAL_Driver/Src/stm32f4xx_hal_tim.o
 .text.TIM_ITRx_SetConfig
                0x0000000008002ff2       0x36 ./Drivers/STM32F4xx_HAL_Driver/Src/stm32f4xx_hal_tim.o
 .text.TIM_ETR_SetConfig
                0x0000000008003028       0x40 ./Drivers/STM32F4xx_HAL_Driver/Src/stm32f4xx_hal_tim.o
                0x0000000008003028                TIM_ETR_SetConfig
 .text.HAL_TIMEx_MasterConfigSynchronization
                0x0000000008003068       0xf8 ./Drivers/STM32F4xx_HAL_Driver/Src/stm32f4xx_hal_tim_ex.o
                0x0000000008003068                HAL_TIMEx_MasterConfigSynchronization
 .text.HAL_TIMEx_CommutCallback
                0x0000000008003160       0x14 ./Drivers/STM32F4xx_HAL_Driver/Src/stm32f4xx_hal_tim_ex.o
                0x0000000008003160                HAL_TIMEx_CommutCallback
 .text.HAL_TIMEx_BreakCallback
                0x0000000008003174       0x14 ./Drivers/STM32F4xx_HAL_Driver/Src/stm32f4xx_hal_tim_ex.o
                0x0000000008003174                HAL_TIMEx_BreakCallback
 .text.HAL_UART_Init
                0x0000000008003188       0x9a ./Drivers/STM32F4xx_HAL_Driver/Src/stm32f4xx_hal_uart.o
                0x0000000008003188                HAL_UART_Init
 .text.HAL_UART_Transmit_IT
                0x0000000008003222       0x8a ./Drivers/STM32F4xx_HAL_Driver/Src/stm32f4xx_hal_uart.o
                0x0000000008003222                HAL_UART_Transmit_IT
 .text.HAL_UART_Receive_IT
                0x00000000080032ac       0x60 ./Drivers/STM32F4xx_HAL_Driver/Src/stm32f4xx_hal_uart.o
                0x00000000080032ac                HAL_UART_Receive_IT
 .text.HAL_UART_AbortTransmit_IT
                0x000000000800330c       0xe8 ./Drivers/STM32F4xx_HAL_Driver/Src/stm32f4xx_hal_uart.o
                0x000000000800330c                HAL_UART_AbortTransmit_IT
 .text.HAL_UART_AbortReceive_IT
                0x00000000080033f4      0x164 ./Drivers/STM32F4xx_HAL_Driver/Src/stm32f4xx_hal_uart.o
                0x00000000080033f4                HAL_UART_AbortReceive_IT
 .text.HAL_UART_IRQHandler
                0x0000000008003558      0x51c ./Drivers/STM32F4xx_HAL_Driver/Src/stm32f4xx_hal_uart.o
                0x0000000008003558                HAL_UART_IRQHandler
 .text.HAL_UART_ErrorCallback
                0x0000000008003a74       0x14 ./Drivers/STM32F4xx_HAL_Driver/Src/stm32f4xx_hal_uart.o
                0x0000000008003a74                HAL_UART_ErrorCallback
 .text.HAL_UART_AbortTransmitCpltCallback
                0x0000000008003a88       0x14 ./Drivers/STM32F4xx_HAL_Driver/Src/stm32f4xx_hal_uart.o
                0x0000000008003a88                HAL_UART_AbortTransmitCpltCallback
 .text.HAL_UART_AbortReceiveCpltCallback
                0x0000000008003a9c       0x14 ./Drivers/STM32F4xx_HAL_Driver/Src/stm32f4xx_hal_uart.o
                0x0000000008003a9c                HAL_UART_AbortReceiveCpltCallback
 .text.HAL_UARTEx_RxEventCallback
                0x0000000008003ab0       0x18 ./Drivers/STM32F4xx_HAL_Driver/Src/stm32f4xx_hal_uart.o
                0x0000000008003ab0                HAL_UARTEx_RxEventCallback
 .text.UART_Start_Receive_IT
                0x0000000008003ac8       0x7c ./Drivers/STM32F4xx_HAL_Driver/Src/stm32f4xx_hal_uart.o
                0x0000000008003ac8                UART_Start_Receive_IT
 .text.UART_EndRxTransfer
                0x0000000008003b44       0xc6 ./Drivers/STM32F4xx_HAL_Driver/Src/stm32f4xx_hal_uart.o
 .text.UART_DMAAbortOnError
                0x0000000008003c0a       0x28 ./Drivers/STM32F4xx_HAL_Driver/Src/stm32f4xx_hal_uart.o
 .text.UART_DMATxOnlyAbortCallback
                0x0000000008003c32       0x2a ./Drivers/STM32F4xx_HAL_Driver/Src/stm32f4xx_hal_uart.o
 .text.UART_DMARxOnlyAbortCallback
                0x0000000008003c5c       0x30 ./Drivers/STM32F4xx_HAL_Driver/Src/stm32f4xx_hal_uart.o
 .text.UART_Transmit_IT
                0x0000000008003c8c       0xa0 ./Drivers/STM32F4xx_HAL_Driver/Src/stm32f4xx_hal_uart.o
 .text.UART_EndTransmit_IT
                0x0000000008003d2c       0x30 ./Drivers/STM32F4xx_HAL_Driver/Src/stm32f4xx_hal_uart.o
 .text.UART_Receive_IT
                0x0000000008003d5c      0x176 ./Drivers/STM32F4xx_HAL_Driver/Src/stm32f4xx_hal_uart.o
 *fill*         0x0000000008003ed2        0x2 
 .text.UART_SetConfig
                0x0000000008003ed4      0x4e8 ./Drivers/STM32F4xx_HAL_Driver/Src/stm32f4xx_hal_uart.o
 .text.eMBFuncReadCoils
                0x00000000080043bc       0xfe ./Modules/modbus/functions/mbfunccoils.o
                0x00000000080043bc                eMBFuncReadCoils
 .text.eMBFuncWriteCoil
                0x00000000080044ba       0xa6 ./Modules/modbus/functions/mbfunccoils.o
                0x00000000080044ba                eMBFuncWriteCoil
 .text.eMBFuncWriteMultipleCoils
                0x0000000008004560       0xce ./Modules/modbus/functions/mbfunccoils.o
                0x0000000008004560                eMBFuncWriteMultipleCoils
 .text.eMBFuncReadDiscreteInputs
                0x000000000800462e       0xfe ./Modules/modbus/functions/mbfuncdisc.o
                0x000000000800462e                eMBFuncReadDiscreteInputs
 .text.eMBFuncWriteHoldingRegister
                0x000000000800472c       0x6a ./Modules/modbus/functions/mbfuncholding.o
                0x000000000800472c                eMBFuncWriteHoldingRegister
 .text.eMBFuncWriteMultipleHoldingRegister
                0x0000000008004796       0xb2 ./Modules/modbus/functions/mbfuncholding.o
                0x0000000008004796                eMBFuncWriteMultipleHoldingRegister
 .text.eMBFuncReadHoldingRegister
                0x0000000008004848       0xde ./Modules/modbus/functions/mbfuncholding.o
                0x0000000008004848                eMBFuncReadHoldingRegister
 .text.eMBFuncReadWriteMultipleHoldingRegister
                0x0000000008004926      0x154 ./Modules/modbus/functions/mbfuncholding.o
                0x0000000008004926                eMBFuncReadWriteMultipleHoldingRegister
 .text.eMBFuncReadInputRegister
                0x0000000008004a7a       0xe4 ./Modules/modbus/functions/mbfuncinput.o
                0x0000000008004a7a                eMBFuncReadInputRegister
 *fill*         0x0000000008004b5e        0x2 
 .text.eMBFuncReportSlaveID
                0x0000000008004b60       0x38 ./Modules/modbus/functions/mbfuncother.o
                0x0000000008004b60                eMBFuncReportSlaveID
 .text.xMBUtilSetBits
                0x0000000008004b98       0xd8 ./Modules/modbus/functions/mbutils.o
                0x0000000008004b98                xMBUtilSetBits
 .text.xMBUtilGetBits
                0x0000000008004c70       0x74 ./Modules/modbus/functions/mbutils.o
                0x0000000008004c70                xMBUtilGetBits
 .text.prveMBError2Exception
                0x0000000008004ce4       0x44 ./Modules/modbus/functions/mbutils.o
                0x0000000008004ce4                prveMBError2Exception
 .text.eMBInit  0x0000000008004d28       0xf8 ./Modules/modbus/mb.o
                0x0000000008004d28                eMBInit
 .text.eMBEnable
                0x0000000008004e20       0x38 ./Modules/modbus/mb.o
                0x0000000008004e20                eMBEnable
 .text.eMBPoll  0x0000000008004e58      0x174 ./Modules/modbus/mb.o
                0x0000000008004e58                eMBPoll
 .text.EnterCriticalSection
                0x0000000008004fcc       0x20 ./Modules/modbus/port/mt_port.o
                0x0000000008004fcc                EnterCriticalSection
 .text.ExitCriticalSection
                0x0000000008004fec       0x28 ./Modules/modbus/port/mt_port.o
                0x0000000008004fec                ExitCriticalSection
 .text.MT_PORT_SetTimerModule
                0x0000000008005014       0x20 ./Modules/modbus/port/mt_port.o
                0x0000000008005014                MT_PORT_SetTimerModule
 .text.MT_PORT_SetUartModule
                0x0000000008005034       0x20 ./Modules/modbus/port/mt_port.o
                0x0000000008005034                MT_PORT_SetUartModule
 .text.xMBPortEventInit
                0x0000000008005054       0x1c ./Modules/modbus/port/portevent.o
                0x0000000008005054                xMBPortEventInit
 .text.xMBPortEventPost
                0x0000000008005070       0x2c ./Modules/modbus/port/portevent.o
                0x0000000008005070                xMBPortEventPost
 .text.xMBPortEventGet
                0x000000000800509c       0x3c ./Modules/modbus/port/portevent.o
                0x000000000800509c                xMBPortEventGet
 .text.vMBPortSerialEnable
                0x00000000080050d8       0x6c ./Modules/modbus/port/portserial.o
                0x00000000080050d8                vMBPortSerialEnable
 .text.xMBPortSerialInit
                0x0000000008005144       0x26 ./Modules/modbus/port/portserial.o
                0x0000000008005144                xMBPortSerialInit
 *fill*         0x000000000800516a        0x2 
 .text.xMBPortSerialPutByte
                0x000000000800516c       0x30 ./Modules/modbus/port/portserial.o
                0x000000000800516c                xMBPortSerialPutByte
 .text.xMBPortSerialGetByte
                0x000000000800519c       0x30 ./Modules/modbus/port/portserial.o
                0x000000000800519c                xMBPortSerialGetByte
 .text.prvvUARTTxReadyISR
                0x00000000080051cc       0x14 ./Modules/modbus/port/portserial.o
 .text.prvvUARTRxISR
                0x00000000080051e0       0x14 ./Modules/modbus/port/portserial.o
 .text.HAL_UART_TxCpltCallback_modbus
                0x00000000080051f4       0x28 ./Modules/modbus/port/portserial.o
                0x00000000080051f4                HAL_UART_TxCpltCallback_modbus
 .text.HAL_UART_RxCpltCallback_modbus
                0x000000000800521c       0x28 ./Modules/modbus/port/portserial.o
                0x000000000800521c                HAL_UART_RxCpltCallback_modbus
 .text.xMBPortTimersInit
                0x0000000008005244       0x24 ./Modules/modbus/port/porttimer.o
                0x0000000008005244                xMBPortTimersInit
 .text.vMBPortTimersEnable
                0x0000000008005268       0x20 ./Modules/modbus/port/porttimer.o
                0x0000000008005268                vMBPortTimersEnable
 .text.vMBPortTimersDisable
                0x0000000008005288       0x18 ./Modules/modbus/port/porttimer.o
                0x0000000008005288                vMBPortTimersDisable
 .text.prvvTIMERExpiredISR
                0x00000000080052a0       0x14 ./Modules/modbus/port/porttimer.o
 .text.HAL_TIM_PeriodElapsedCallback_Modbus
                0x00000000080052b4       0x48 ./Modules/modbus/port/porttimer.o
                0x00000000080052b4                HAL_TIM_PeriodElapsedCallback_Modbus
 .text.usMBCRC16
                0x00000000080052fc       0x6c ./Modules/modbus/rtu/mbcrc.o
                0x00000000080052fc                usMBCRC16
 .text.eMBRTUInit
                0x0000000008005368       0x78 ./Modules/modbus/rtu/mbrtu.o
                0x0000000008005368                eMBRTUInit
 .text.eMBRTUStart
                0x00000000080053e0       0x28 ./Modules/modbus/rtu/mbrtu.o
                0x00000000080053e0                eMBRTUStart
 .text.eMBRTUStop
                0x0000000008005408       0x1c ./Modules/modbus/rtu/mbrtu.o
                0x0000000008005408                eMBRTUStop
 .text.eMBRTUReceive
                0x0000000008005424       0x94 ./Modules/modbus/rtu/mbrtu.o
                0x0000000008005424                eMBRTUReceive
 .text.eMBRTUSend
                0x00000000080054b8       0xc8 ./Modules/modbus/rtu/mbrtu.o
                0x00000000080054b8                eMBRTUSend
 .text.xMBRTUReceiveFSM
                0x0000000008005580       0xd0 ./Modules/modbus/rtu/mbrtu.o
                0x0000000008005580                xMBRTUReceiveFSM
 .text.xMBRTUTransmitFSM
                0x0000000008005650       0xb0 ./Modules/modbus/rtu/mbrtu.o
                0x0000000008005650                xMBRTUTransmitFSM
 .text.xMBRTUTimerT35Expired
                0x0000000008005700       0x8c ./Modules/modbus/rtu/mbrtu.o
                0x0000000008005700                xMBRTUTimerT35Expired
 .text.__assert_func
                0x000000000800578c       0x3c C:/ST/STM32CubeIDE_1.12.1/STM32CubeIDE/plugins/com.st.stm32cube.ide.mcu.externaltools.gnu-tools-for-stm32.11.3.rel1.win32_1.1.0.202305231506/tools/bin/../lib/gcc/arm-none-eabi/11.3.1/../../../../arm-none-eabi/lib/thumb/v7e-m+fp/hard\libc_nano.a(libc_a-assert.o)
                0x000000000800578c                __assert_func
 .text.std      0x00000000080057c8       0x48 C:/ST/STM32CubeIDE_1.12.1/STM32CubeIDE/plugins/com.st.stm32cube.ide.mcu.externaltools.gnu-tools-for-stm32.11.3.rel1.win32_1.1.0.202305231506/tools/bin/../lib/gcc/arm-none-eabi/11.3.1/../../../../arm-none-eabi/lib/thumb/v7e-m+fp/hard\libc_nano.a(libc_a-findfp.o)
 .text.stdio_exit_handler
                0x0000000008005810       0x18 C:/ST/STM32CubeIDE_1.12.1/STM32CubeIDE/plugins/com.st.stm32cube.ide.mcu.externaltools.gnu-tools-for-stm32.11.3.rel1.win32_1.1.0.202305231506/tools/bin/../lib/gcc/arm-none-eabi/11.3.1/../../../../arm-none-eabi/lib/thumb/v7e-m+fp/hard\libc_nano.a(libc_a-findfp.o)
 .text.cleanup_stdio
                0x0000000008005828       0x40 C:/ST/STM32CubeIDE_1.12.1/STM32CubeIDE/plugins/com.st.stm32cube.ide.mcu.externaltools.gnu-tools-for-stm32.11.3.rel1.win32_1.1.0.202305231506/tools/bin/../lib/gcc/arm-none-eabi/11.3.1/../../../../arm-none-eabi/lib/thumb/v7e-m+fp/hard\libc_nano.a(libc_a-findfp.o)
 .text.global_stdio_init.part.0
                0x0000000008005868       0x3c C:/ST/STM32CubeIDE_1.12.1/STM32CubeIDE/plugins/com.st.stm32cube.ide.mcu.externaltools.gnu-tools-for-stm32.11.3.rel1.win32_1.1.0.202305231506/tools/bin/../lib/gcc/arm-none-eabi/11.3.1/../../../../arm-none-eabi/lib/thumb/v7e-m+fp/hard\libc_nano.a(libc_a-findfp.o)
 .text.__sfp_lock_acquire
                0x00000000080058a4        0xc C:/ST/STM32CubeIDE_1.12.1/STM32CubeIDE/plugins/com.st.stm32cube.ide.mcu.externaltools.gnu-tools-for-stm32.11.3.rel1.win32_1.1.0.202305231506/tools/bin/../lib/gcc/arm-none-eabi/11.3.1/../../../../arm-none-eabi/lib/thumb/v7e-m+fp/hard\libc_nano.a(libc_a-findfp.o)
                0x00000000080058a4                __sfp_lock_acquire
 .text.__sfp_lock_release
                0x00000000080058b0        0xc C:/ST/STM32CubeIDE_1.12.1/STM32CubeIDE/plugins/com.st.stm32cube.ide.mcu.externaltools.gnu-tools-for-stm32.11.3.rel1.win32_1.1.0.202305231506/tools/bin/../lib/gcc/arm-none-eabi/11.3.1/../../../../arm-none-eabi/lib/thumb/v7e-m+fp/hard\libc_nano.a(libc_a-findfp.o)
                0x00000000080058b0                __sfp_lock_release
 .text.__sinit  0x00000000080058bc       0x30 C:/ST/STM32CubeIDE_1.12.1/STM32CubeIDE/plugins/com.st.stm32cube.ide.mcu.externaltools.gnu-tools-for-stm32.11.3.rel1.win32_1.1.0.202305231506/tools/bin/../lib/gcc/arm-none-eabi/11.3.1/../../../../arm-none-eabi/lib/thumb/v7e-m+fp/hard\libc_nano.a(libc_a-findfp.o)
                0x00000000080058bc                __sinit
 .text.fprintf  0x00000000080058ec       0x24 C:/ST/STM32CubeIDE_1.12.1/STM32CubeIDE/plugins/com.st.stm32cube.ide.mcu.externaltools.gnu-tools-for-stm32.11.3.rel1.win32_1.1.0.202305231506/tools/bin/../lib/gcc/arm-none-eabi/11.3.1/../../../../arm-none-eabi/lib/thumb/v7e-m+fp/hard\libc_nano.a(libc_a-fprintf.o)
                0x00000000080058ec                fiprintf
                0x00000000080058ec                fprintf
 .text._fwalk_sglue
                0x0000000008005910       0x3c C:/ST/STM32CubeIDE_1.12.1/STM32CubeIDE/plugins/com.st.stm32cube.ide.mcu.externaltools.gnu-tools-for-stm32.11.3.rel1.win32_1.1.0.202305231506/tools/bin/../lib/gcc/arm-none-eabi/11.3.1/../../../../arm-none-eabi/lib/thumb/v7e-m+fp/hard\libc_nano.a(libc_a-fwalk.o)
                0x0000000008005910                _fwalk_sglue
 .text.__sread  0x000000000800594c       0x22 C:/ST/STM32CubeIDE_1.12.1/STM32CubeIDE/plugins/com.st.stm32cube.ide.mcu.externaltools.gnu-tools-for-stm32.11.3.rel1.win32_1.1.0.202305231506/tools/bin/../lib/gcc/arm-none-eabi/11.3.1/../../../../arm-none-eabi/lib/thumb/v7e-m+fp/hard\libc_nano.a(libc_a-stdio.o)
                0x000000000800594c                __sread
 .text.__swrite
                0x000000000800596e       0x38 C:/ST/STM32CubeIDE_1.12.1/STM32CubeIDE/plugins/com.st.stm32cube.ide.mcu.externaltools.gnu-tools-for-stm32.11.3.rel1.win32_1.1.0.202305231506/tools/bin/../lib/gcc/arm-none-eabi/11.3.1/../../../../arm-none-eabi/lib/thumb/v7e-m+fp/hard\libc_nano.a(libc_a-stdio.o)
                0x000000000800596e                __swrite
 .text.__sseek  0x00000000080059a6       0x24 C:/ST/STM32CubeIDE_1.12.1/STM32CubeIDE/plugins/com.st.stm32cube.ide.mcu.externaltools.gnu-tools-for-stm32.11.3.rel1.win32_1.1.0.202305231506/tools/bin/../lib/gcc/arm-none-eabi/11.3.1/../../../../arm-none-eabi/lib/thumb/v7e-m+fp/hard\libc_nano.a(libc_a-stdio.o)
                0x00000000080059a6                __sseek
 .text.__sclose
                0x00000000080059ca        0x8 C:/ST/STM32CubeIDE_1.12.1/STM32CubeIDE/plugins/com.st.stm32cube.ide.mcu.externaltools.gnu-tools-for-stm32.11.3.rel1.win32_1.1.0.202305231506/tools/bin/../lib/gcc/arm-none-eabi/11.3.1/../../../../arm-none-eabi/lib/thumb/v7e-m+fp/hard\libc_nano.a(libc_a-stdio.o)
                0x00000000080059ca                __sclose
 .text.memset   0x00000000080059d2       0x10 C:/ST/STM32CubeIDE_1.12.1/STM32CubeIDE/plugins/com.st.stm32cube.ide.mcu.externaltools.gnu-tools-for-stm32.11.3.rel1.win32_1.1.0.202305231506/tools/bin/../lib/gcc/arm-none-eabi/11.3.1/../../../../arm-none-eabi/lib/thumb/v7e-m+fp/hard\libc_nano.a(libc_a-memset.o)
                0x00000000080059d2                memset
 *fill*         0x00000000080059e2        0x2 
 .text._close_r
                0x00000000080059e4       0x20 C:/ST/STM32CubeIDE_1.12.1/STM32CubeIDE/plugins/com.st.stm32cube.ide.mcu.externaltools.gnu-tools-for-stm32.11.3.rel1.win32_1.1.0.202305231506/tools/bin/../lib/gcc/arm-none-eabi/11.3.1/../../../../arm-none-eabi/lib/thumb/v7e-m+fp/hard\libc_nano.a(libc_a-closer.o)
                0x00000000080059e4                _close_r
 .text._lseek_r
                0x0000000008005a04       0x24 C:/ST/STM32CubeIDE_1.12.1/STM32CubeIDE/plugins/com.st.stm32cube.ide.mcu.externaltools.gnu-tools-for-stm32.11.3.rel1.win32_1.1.0.202305231506/tools/bin/../lib/gcc/arm-none-eabi/11.3.1/../../../../arm-none-eabi/lib/thumb/v7e-m+fp/hard\libc_nano.a(libc_a-lseekr.o)
                0x0000000008005a04                _lseek_r
 .text._read_r  0x0000000008005a28       0x24 C:/ST/STM32CubeIDE_1.12.1/STM32CubeIDE/plugins/com.st.stm32cube.ide.mcu.externaltools.gnu-tools-for-stm32.11.3.rel1.win32_1.1.0.202305231506/tools/bin/../lib/gcc/arm-none-eabi/11.3.1/../../../../arm-none-eabi/lib/thumb/v7e-m+fp/hard\libc_nano.a(libc_a-readr.o)
                0x0000000008005a28                _read_r
 .text._write_r
                0x0000000008005a4c       0x24 C:/ST/STM32CubeIDE_1.12.1/STM32CubeIDE/plugins/com.st.stm32cube.ide.mcu.externaltools.gnu-tools-for-stm32.11.3.rel1.win32_1.1.0.202305231506/tools/bin/../lib/gcc/arm-none-eabi/11.3.1/../../../../arm-none-eabi/lib/thumb/v7e-m+fp/hard\libc_nano.a(libc_a-writer.o)
                0x0000000008005a4c                _write_r
 .text.__errno  0x0000000008005a70        0xc C:/ST/STM32CubeIDE_1.12.1/STM32CubeIDE/plugins/com.st.stm32cube.ide.mcu.externaltools.gnu-tools-for-stm32.11.3.rel1.win32_1.1.0.202305231506/tools/bin/../lib/gcc/arm-none-eabi/11.3.1/../../../../arm-none-eabi/lib/thumb/v7e-m+fp/hard\libc_nano.a(libc_a-errno.o)
                0x0000000008005a70                __errno
 .text.__libc_init_array
                0x0000000008005a7c       0x48 C:/ST/STM32CubeIDE_1.12.1/STM32CubeIDE/plugins/com.st.stm32cube.ide.mcu.externaltools.gnu-tools-for-stm32.11.3.rel1.win32_1.1.0.202305231506/tools/bin/../lib/gcc/arm-none-eabi/11.3.1/../../../../arm-none-eabi/lib/thumb/v7e-m+fp/hard\libc_nano.a(libc_a-init.o)
                0x0000000008005a7c                __libc_init_array
 .text.__retarget_lock_acquire_recursive
                0x0000000008005ac4        0x2 C:/ST/STM32CubeIDE_1.12.1/STM32CubeIDE/plugins/com.st.stm32cube.ide.mcu.externaltools.gnu-tools-for-stm32.11.3.rel1.win32_1.1.0.202305231506/tools/bin/../lib/gcc/arm-none-eabi/11.3.1/../../../../arm-none-eabi/lib/thumb/v7e-m+fp/hard\libc_nano.a(libc_a-lock.o)
                0x0000000008005ac4                __retarget_lock_acquire_recursive
 .text.__retarget_lock_release_recursive
                0x0000000008005ac6        0x2 C:/ST/STM32CubeIDE_1.12.1/STM32CubeIDE/plugins/com.st.stm32cube.ide.mcu.externaltools.gnu-tools-for-stm32.11.3.rel1.win32_1.1.0.202305231506/tools/bin/../lib/gcc/arm-none-eabi/11.3.1/../../../../arm-none-eabi/lib/thumb/v7e-m+fp/hard\libc_nano.a(libc_a-lock.o)
                0x0000000008005ac6                __retarget_lock_release_recursive
 .text.memcpy   0x0000000008005ac8       0x1c C:/ST/STM32CubeIDE_1.12.1/STM32CubeIDE/plugins/com.st.stm32cube.ide.mcu.externaltools.gnu-tools-for-stm32.11.3.rel1.win32_1.1.0.202305231506/tools/bin/../lib/gcc/arm-none-eabi/11.3.1/../../../../arm-none-eabi/lib/thumb/v7e-m+fp/hard\libc_nano.a(libc_a-memcpy-stub.o)
                0x0000000008005ac8                memcpy
 .text.abort    0x0000000008005ae4        0xe C:/ST/STM32CubeIDE_1.12.1/STM32CubeIDE/plugins/com.st.stm32cube.ide.mcu.externaltools.gnu-tools-for-stm32.11.3.rel1.win32_1.1.0.202305231506/tools/bin/../lib/gcc/arm-none-eabi/11.3.1/../../../../arm-none-eabi/lib/thumb/v7e-m+fp/hard\libc_nano.a(libc_a-abort.o)
                0x0000000008005ae4                abort
 *fill*         0x0000000008005af2        0x2 
 .text._free_r  0x0000000008005af4       0x98 C:/ST/STM32CubeIDE_1.12.1/STM32CubeIDE/plugins/com.st.stm32cube.ide.mcu.externaltools.gnu-tools-for-stm32.11.3.rel1.win32_1.1.0.202305231506/tools/bin/../lib/gcc/arm-none-eabi/11.3.1/../../../../arm-none-eabi/lib/thumb/v7e-m+fp/hard\libc_nano.a(libc_a-freer.o)
                0x0000000008005af4                _free_r
 .text.sbrk_aligned
                0x0000000008005b8c       0x40 C:/ST/STM32CubeIDE_1.12.1/STM32CubeIDE/plugins/com.st.stm32cube.ide.mcu.externaltools.gnu-tools-for-stm32.11.3.rel1.win32_1.1.0.202305231506/tools/bin/../lib/gcc/arm-none-eabi/11.3.1/../../../../arm-none-eabi/lib/thumb/v7e-m+fp/hard\libc_nano.a(libc_a-mallocr.o)
 .text._malloc_r
                0x0000000008005bcc      0x100 C:/ST/STM32CubeIDE_1.12.1/STM32CubeIDE/plugins/com.st.stm32cube.ide.mcu.externaltools.gnu-tools-for-stm32.11.3.rel1.win32_1.1.0.202305231506/tools/bin/../lib/gcc/arm-none-eabi/11.3.1/../../../../arm-none-eabi/lib/thumb/v7e-m+fp/hard\libc_nano.a(libc_a-mallocr.o)
                0x0000000008005bcc                _malloc_r
 .text.__malloc_lock
                0x0000000008005ccc        0xc C:/ST/STM32CubeIDE_1.12.1/STM32CubeIDE/plugins/com.st.stm32cube.ide.mcu.externaltools.gnu-tools-for-stm32.11.3.rel1.win32_1.1.0.202305231506/tools/bin/../lib/gcc/arm-none-eabi/11.3.1/../../../../arm-none-eabi/lib/thumb/v7e-m+fp/hard\libc_nano.a(libc_a-mlock.o)
                0x0000000008005ccc                __malloc_lock
 .text.__malloc_unlock
                0x0000000008005cd8        0xc C:/ST/STM32CubeIDE_1.12.1/STM32CubeIDE/plugins/com.st.stm32cube.ide.mcu.externaltools.gnu-tools-for-stm32.11.3.rel1.win32_1.1.0.202305231506/tools/bin/../lib/gcc/arm-none-eabi/11.3.1/../../../../arm-none-eabi/lib/thumb/v7e-m+fp/hard\libc_nano.a(libc_a-mlock.o)
                0x0000000008005cd8                __malloc_unlock
 .text.__sfputc_r
                0x0000000008005ce4       0x2e C:/ST/STM32CubeIDE_1.12.1/STM32CubeIDE/plugins/com.st.stm32cube.ide.mcu.externaltools.gnu-tools-for-stm32.11.3.rel1.win32_1.1.0.202305231506/tools/bin/../lib/gcc/arm-none-eabi/11.3.1/../../../../arm-none-eabi/lib/thumb/v7e-m+fp/hard\libc_nano.a(libc_a-nano-vfprintf.o)
 .text.__sfputs_r
                0x0000000008005d12       0x24 C:/ST/STM32CubeIDE_1.12.1/STM32CubeIDE/plugins/com.st.stm32cube.ide.mcu.externaltools.gnu-tools-for-stm32.11.3.rel1.win32_1.1.0.202305231506/tools/bin/../lib/gcc/arm-none-eabi/11.3.1/../../../../arm-none-eabi/lib/thumb/v7e-m+fp/hard\libc_nano.a(libc_a-nano-vfprintf.o)
                0x0000000008005d12                __sfputs_r
 *fill*         0x0000000008005d36        0x2 
 .text._vfprintf_r
                0x0000000008005d38      0x234 C:/ST/STM32CubeIDE_1.12.1/STM32CubeIDE/plugins/com.st.stm32cube.ide.mcu.externaltools.gnu-tools-for-stm32.11.3.rel1.win32_1.1.0.202305231506/tools/bin/../lib/gcc/arm-none-eabi/11.3.1/../../../../arm-none-eabi/lib/thumb/v7e-m+fp/hard\libc_nano.a(libc_a-nano-vfprintf.o)
                0x0000000008005d38                _vfprintf_r
                0x0000000008005d38                _vfiprintf_r
 .text._printf_common
                0x0000000008005f6c       0xda C:/ST/STM32CubeIDE_1.12.1/STM32CubeIDE/plugins/com.st.stm32cube.ide.mcu.externaltools.gnu-tools-for-stm32.11.3.rel1.win32_1.1.0.202305231506/tools/bin/../lib/gcc/arm-none-eabi/11.3.1/../../../../arm-none-eabi/lib/thumb/v7e-m+fp/hard\libc_nano.a(libc_a-nano-vfprintf_i.o)
                0x0000000008005f6c                _printf_common
 *fill*         0x0000000008006046        0x2 
 .text._printf_i
                0x0000000008006048      0x244 C:/ST/STM32CubeIDE_1.12.1/STM32CubeIDE/plugins/com.st.stm32cube.ide.mcu.externaltools.gnu-tools-for-stm32.11.3.rel1.win32_1.1.0.202305231506/tools/bin/../lib/gcc/arm-none-eabi/11.3.1/../../../../arm-none-eabi/lib/thumb/v7e-m+fp/hard\libc_nano.a(libc_a-nano-vfprintf_i.o)
                0x0000000008006048                _printf_i
 .text.__sflush_r
                0x000000000800628c      0x10c C:/ST/STM32CubeIDE_1.12.1/STM32CubeIDE/plugins/com.st.stm32cube.ide.mcu.externaltools.gnu-tools-for-stm32.11.3.rel1.win32_1.1.0.202305231506/tools/bin/../lib/gcc/arm-none-eabi/11.3.1/../../../../arm-none-eabi/lib/thumb/v7e-m+fp/hard\libc_nano.a(libc_a-fflush.o)
                0x000000000800628c                __sflush_r
 .text._fflush_r
                0x0000000008006398       0x50 C:/ST/STM32CubeIDE_1.12.1/STM32CubeIDE/plugins/com.st.stm32cube.ide.mcu.externaltools.gnu-tools-for-stm32.11.3.rel1.win32_1.1.0.202305231506/tools/bin/../lib/gcc/arm-none-eabi/11.3.1/../../../../arm-none-eabi/lib/thumb/v7e-m+fp/hard\libc_nano.a(libc_a-fflush.o)
                0x0000000008006398                _fflush_r
 .text.__swbuf_r
                0x00000000080063e8       0x7a C:/ST/STM32CubeIDE_1.12.1/STM32CubeIDE/plugins/com.st.stm32cube.ide.mcu.externaltools.gnu-tools-for-stm32.11.3.rel1.win32_1.1.0.202305231506/tools/bin/../lib/gcc/arm-none-eabi/11.3.1/../../../../arm-none-eabi/lib/thumb/v7e-m+fp/hard\libc_nano.a(libc_a-wbuf.o)
                0x00000000080063e8                __swbuf_r
 *fill*         0x0000000008006462        0x2 
 .text.__swsetup_r
                0x0000000008006464       0xb0 C:/ST/STM32CubeIDE_1.12.1/STM32CubeIDE/plugins/com.st.stm32cube.ide.mcu.externaltools.gnu-tools-for-stm32.11.3.rel1.win32_1.1.0.202305231506/tools/bin/../lib/gcc/arm-none-eabi/11.3.1/../../../../arm-none-eabi/lib/thumb/v7e-m+fp/hard\libc_nano.a(libc_a-wsetup.o)
                0x0000000008006464                __swsetup_r
 .text._raise_r
                0x0000000008006514       0x50 C:/ST/STM32CubeIDE_1.12.1/STM32CubeIDE/plugins/com.st.stm32cube.ide.mcu.externaltools.gnu-tools-for-stm32.11.3.rel1.win32_1.1.0.202305231506/tools/bin/../lib/gcc/arm-none-eabi/11.3.1/../../../../arm-none-eabi/lib/thumb/v7e-m+fp/hard\libc_nano.a(libc_a-signal.o)
                0x0000000008006514                _raise_r
 .text.raise    0x0000000008006564       0x10 C:/ST/STM32CubeIDE_1.12.1/STM32CubeIDE/plugins/com.st.stm32cube.ide.mcu.externaltools.gnu-tools-for-stm32.11.3.rel1.win32_1.1.0.202305231506/tools/bin/../lib/gcc/arm-none-eabi/11.3.1/../../../../arm-none-eabi/lib/thumb/v7e-m+fp/hard\libc_nano.a(libc_a-signal.o)
                0x0000000008006564                raise
 .text._kill_r  0x0000000008006574       0x24 C:/ST/STM32CubeIDE_1.12.1/STM32CubeIDE/plugins/com.st.stm32cube.ide.mcu.externaltools.gnu-tools-for-stm32.11.3.rel1.win32_1.1.0.202305231506/tools/bin/../lib/gcc/arm-none-eabi/11.3.1/../../../../arm-none-eabi/lib/thumb/v7e-m+fp/hard\libc_nano.a(libc_a-signalr.o)
                0x0000000008006574                _kill_r
 .text._getpid_r
                0x0000000008006598        0x4 C:/ST/STM32CubeIDE_1.12.1/STM32CubeIDE/plugins/com.st.stm32cube.ide.mcu.externaltools.gnu-tools-for-stm32.11.3.rel1.win32_1.1.0.202305231506/tools/bin/../lib/gcc/arm-none-eabi/11.3.1/../../../../arm-none-eabi/lib/thumb/v7e-m+fp/hard\libc_nano.a(libc_a-signalr.o)
                0x0000000008006598                _getpid_r
 .text._sbrk_r  0x000000000800659c       0x20 C:/ST/STM32CubeIDE_1.12.1/STM32CubeIDE/plugins/com.st.stm32cube.ide.mcu.externaltools.gnu-tools-for-stm32.11.3.rel1.win32_1.1.0.202305231506/tools/bin/../lib/gcc/arm-none-eabi/11.3.1/../../../../arm-none-eabi/lib/thumb/v7e-m+fp/hard\libc_nano.a(libc_a-sbrkr.o)
                0x000000000800659c                _sbrk_r
 .text.__swhatbuf_r
                0x00000000080065bc       0x4c C:/ST/STM32CubeIDE_1.12.1/STM32CubeIDE/plugins/com.st.stm32cube.ide.mcu.externaltools.gnu-tools-for-stm32.11.3.rel1.win32_1.1.0.202305231506/tools/bin/../lib/gcc/arm-none-eabi/11.3.1/../../../../arm-none-eabi/lib/thumb/v7e-m+fp/hard\libc_nano.a(libc_a-makebuf.o)
                0x00000000080065bc                __swhatbuf_r
 .text.__smakebuf_r
                0x0000000008006608       0x78 C:/ST/STM32CubeIDE_1.12.1/STM32CubeIDE/plugins/com.st.stm32cube.ide.mcu.externaltools.gnu-tools-for-stm32.11.3.rel1.win32_1.1.0.202305231506/tools/bin/../lib/gcc/arm-none-eabi/11.3.1/../../../../arm-none-eabi/lib/thumb/v7e-m+fp/hard\libc_nano.a(libc_a-makebuf.o)
                0x0000000008006608                __smakebuf_r
 .text._fstat_r
                0x0000000008006680       0x24 C:/ST/STM32CubeIDE_1.12.1/STM32CubeIDE/plugins/com.st.stm32cube.ide.mcu.externaltools.gnu-tools-for-stm32.11.3.rel1.win32_1.1.0.202305231506/tools/bin/../lib/gcc/arm-none-eabi/11.3.1/../../../../arm-none-eabi/lib/thumb/v7e-m+fp/hard\libc_nano.a(libc_a-fstatr.o)
                0x0000000008006680                _fstat_r
 .text._isatty_r
                0x00000000080066a4       0x20 C:/ST/STM32CubeIDE_1.12.1/STM32CubeIDE/plugins/com.st.stm32cube.ide.mcu.externaltools.gnu-tools-for-stm32.11.3.rel1.win32_1.1.0.202305231506/tools/bin/../lib/gcc/arm-none-eabi/11.3.1/../../../../arm-none-eabi/lib/thumb/v7e-m+fp/hard\libc_nano.a(libc_a-isattyr.o)
                0x00000000080066a4                _isatty_r
 *(.glue_7)
 .glue_7        0x00000000080066c4        0x0 linker stubs
 *(.glue_7t)
 .glue_7t       0x00000000080066c4        0x0 linker stubs
 *(.eh_frame)
 .eh_frame      0x00000000080066c4        0x0 C:/ST/STM32CubeIDE_1.12.1/STM32CubeIDE/plugins/com.st.stm32cube.ide.mcu.externaltools.gnu-tools-for-stm32.11.3.rel1.win32_1.1.0.202305231506/tools/bin/../lib/gcc/arm-none-eabi/11.3.1/thumb/v7e-m+fp/hard/crtbegin.o
 *(.init)
 .init          0x00000000080066c4        0x4 C:/ST/STM32CubeIDE_1.12.1/STM32CubeIDE/plugins/com.st.stm32cube.ide.mcu.externaltools.gnu-tools-for-stm32.11.3.rel1.win32_1.1.0.202305231506/tools/bin/../lib/gcc/arm-none-eabi/11.3.1/thumb/v7e-m+fp/hard/crti.o
                0x00000000080066c4                _init
 .init          0x00000000080066c8        0x8 C:/ST/STM32CubeIDE_1.12.1/STM32CubeIDE/plugins/com.st.stm32cube.ide.mcu.externaltools.gnu-tools-for-stm32.11.3.rel1.win32_1.1.0.202305231506/tools/bin/../lib/gcc/arm-none-eabi/11.3.1/thumb/v7e-m+fp/hard/crtn.o
 *(.fini)
 .fini          0x00000000080066d0        0x4 C:/ST/STM32CubeIDE_1.12.1/STM32CubeIDE/plugins/com.st.stm32cube.ide.mcu.externaltools.gnu-tools-for-stm32.11.3.rel1.win32_1.1.0.202305231506/tools/bin/../lib/gcc/arm-none-eabi/11.3.1/thumb/v7e-m+fp/hard/crti.o
                0x00000000080066d0                _fini
 .fini          0x00000000080066d4        0x8 C:/ST/STM32CubeIDE_1.12.1/STM32CubeIDE/plugins/com.st.stm32cube.ide.mcu.externaltools.gnu-tools-for-stm32.11.3.rel1.win32_1.1.0.202305231506/tools/bin/../lib/gcc/arm-none-eabi/11.3.1/thumb/v7e-m+fp/hard/crtn.o
                0x00000000080066dc                . = ALIGN (0x4)
                0x00000000080066dc                _etext = .

.vfp11_veneer   0x00000000080066dc        0x0
 .vfp11_veneer  0x00000000080066dc        0x0 linker stubs

.v4_bx          0x00000000080066dc        0x0
 .v4_bx         0x00000000080066dc        0x0 linker stubs

.iplt           0x00000000080066dc        0x0
 .iplt          0x00000000080066dc        0x0 C:/ST/STM32CubeIDE_1.12.1/STM32CubeIDE/plugins/com.st.stm32cube.ide.mcu.externaltools.gnu-tools-for-stm32.11.3.rel1.win32_1.1.0.202305231506/tools/bin/../lib/gcc/arm-none-eabi/11.3.1/thumb/v7e-m+fp/hard/crtbegin.o

.rodata         0x00000000080066dc      0x404
                0x00000000080066dc                . = ALIGN (0x4)
 *(.rodata)
 .rodata        0x00000000080066dc       0x36 ./Modules/modbus/functions/mbutils.o
 *fill*         0x0000000008006712        0x2 
 .rodata        0x0000000008006714       0xe3 ./Modules/modbus/rtu/mbrtu.o
 *(.rodata*)
 *fill*         0x00000000080067f7        0x1 
 .rodata.AHBPrescTable
                0x00000000080067f8       0x10 ./Core/Src/system_stm32f4xx.o
                0x00000000080067f8                AHBPrescTable
 .rodata.APBPrescTable
                0x0000000008006808        0x8 ./Core/Src/system_stm32f4xx.o
                0x0000000008006808                APBPrescTable
 .rodata.__func__.0
                0x0000000008006810        0xf ./Modules/modbus/functions/mbutils.o
 *fill*         0x000000000800681f        0x1 
 .rodata.aucCRCHi
                0x0000000008006820      0x100 ./Modules/modbus/rtu/mbcrc.o
 .rodata.aucCRCLo
                0x0000000008006920      0x100 ./Modules/modbus/rtu/mbcrc.o
 .rodata.__func__.3
                0x0000000008006a20        0xe ./Modules/modbus/rtu/mbrtu.o
 *fill*         0x0000000008006a2e        0x2 
 .rodata.__func__.2
                0x0000000008006a30       0x11 ./Modules/modbus/rtu/mbrtu.o
 *fill*         0x0000000008006a41        0x3 
 .rodata.__func__.1
                0x0000000008006a44       0x12 ./Modules/modbus/rtu/mbrtu.o
 *fill*         0x0000000008006a56        0x2 
 .rodata.__func__.0
                0x0000000008006a58       0x16 ./Modules/modbus/rtu/mbrtu.o
 .rodata.__assert_func.str1.1
                0x0000000008006a6e       0x3c C:/ST/STM32CubeIDE_1.12.1/STM32CubeIDE/plugins/com.st.stm32cube.ide.mcu.externaltools.gnu-tools-for-stm32.11.3.rel1.win32_1.1.0.202305231506/tools/bin/../lib/gcc/arm-none-eabi/11.3.1/../../../../arm-none-eabi/lib/thumb/v7e-m+fp/hard\libc_nano.a(libc_a-assert.o)
                                         0x3d (size before relaxing)
 .rodata._vfprintf_r.str1.1
                0x0000000008006aaa       0x11 C:/ST/STM32CubeIDE_1.12.1/STM32CubeIDE/plugins/com.st.stm32cube.ide.mcu.externaltools.gnu-tools-for-stm32.11.3.rel1.win32_1.1.0.202305231506/tools/bin/../lib/gcc/arm-none-eabi/11.3.1/../../../../arm-none-eabi/lib/thumb/v7e-m+fp/hard\libc_nano.a(libc_a-nano-vfprintf.o)
 .rodata._printf_i.str1.1
                0x0000000008006abb       0x22 C:/ST/STM32CubeIDE_1.12.1/STM32CubeIDE/plugins/com.st.stm32cube.ide.mcu.externaltools.gnu-tools-for-stm32.11.3.rel1.win32_1.1.0.202305231506/tools/bin/../lib/gcc/arm-none-eabi/11.3.1/../../../../arm-none-eabi/lib/thumb/v7e-m+fp/hard\libc_nano.a(libc_a-nano-vfprintf_i.o)
                0x0000000008006ae0                . = ALIGN (0x4)
 *fill*         0x0000000008006add        0x3 

.ARM.extab      0x0000000008006ae0        0x0
                0x0000000008006ae0                . = ALIGN (0x4)
 *(.ARM.extab* .gnu.linkonce.armextab.*)
                0x0000000008006ae0                . = ALIGN (0x4)

.ARM            0x0000000008006ae0        0x8
                0x0000000008006ae0                . = ALIGN (0x4)
                0x0000000008006ae0                __exidx_start = .
 *(.ARM.exidx*)
 .ARM.exidx     0x0000000008006ae0        0x8 C:/ST/STM32CubeIDE_1.12.1/STM32CubeIDE/plugins/com.st.stm32cube.ide.mcu.externaltools.gnu-tools-for-stm32.11.3.rel1.win32_1.1.0.202305231506/tools/bin/../lib/gcc/arm-none-eabi/11.3.1/thumb/v7e-m+fp/hard\libgcc.a(_udivmoddi4.o)
                0x0000000008006ae8                __exidx_end = .
                0x0000000008006ae8                . = ALIGN (0x4)

.rel.dyn        0x0000000008006ae8        0x0
 .rel.iplt      0x0000000008006ae8        0x0 C:/ST/STM32CubeIDE_1.12.1/STM32CubeIDE/plugins/com.st.stm32cube.ide.mcu.externaltools.gnu-tools-for-stm32.11.3.rel1.win32_1.1.0.202305231506/tools/bin/../lib/gcc/arm-none-eabi/11.3.1/thumb/v7e-m+fp/hard/crtbegin.o

.preinit_array  0x0000000008006ae8        0x0
                0x0000000008006ae8                . = ALIGN (0x4)
                0x0000000008006ae8                PROVIDE (__preinit_array_start = .)
 *(.preinit_array*)
                0x0000000008006ae8                PROVIDE (__preinit_array_end = .)
                0x0000000008006ae8                . = ALIGN (0x4)

.init_array     0x0000000008006ae8        0x4
                0x0000000008006ae8                . = ALIGN (0x4)
                0x0000000008006ae8                PROVIDE (__init_array_start = .)
 *(SORT_BY_NAME(.init_array.*))
 *(.init_array*)
 .init_array    0x0000000008006ae8        0x4 C:/ST/STM32CubeIDE_1.12.1/STM32CubeIDE/plugins/com.st.stm32cube.ide.mcu.externaltools.gnu-tools-for-stm32.11.3.rel1.win32_1.1.0.202305231506/tools/bin/../lib/gcc/arm-none-eabi/11.3.1/thumb/v7e-m+fp/hard/crtbegin.o
                0x0000000008006aec                PROVIDE (__init_array_end = .)
                0x0000000008006aec                . = ALIGN (0x4)

.fini_array     0x0000000008006aec        0x4
                0x0000000008006aec                . = ALIGN (0x4)
                [!provide]                        PROVIDE (__fini_array_start = .)
 *(SORT_BY_NAME(.fini_array.*))
 *(.fini_array*)
 .fini_array    0x0000000008006aec        0x4 C:/ST/STM32CubeIDE_1.12.1/STM32CubeIDE/plugins/com.st.stm32cube.ide.mcu.externaltools.gnu-tools-for-stm32.11.3.rel1.win32_1.1.0.202305231506/tools/bin/../lib/gcc/arm-none-eabi/11.3.1/thumb/v7e-m+fp/hard/crtbegin.o
                [!provide]                        PROVIDE (__fini_array_end = .)
                0x0000000008006af0                . = ALIGN (0x4)
                0x0000000008006af0                _sidata = LOADADDR (.data)

.data           0x0000000020000000       0xf8 load address 0x0000000008006af0
                0x0000000020000000                . = ALIGN (0x4)
                0x0000000020000000                _sdata = .
 *(.data)
 *(.data*)
 .data.Modbus_Data_Array
                0x0000000020000000       0x10 ./Core/Src/main.o
                0x0000000020000000                Modbus_Data_Array
 .data.SystemCoreClock
                0x0000000020000010        0x4 ./Core/Src/system_stm32f4xx.o
                0x0000000020000010                SystemCoreClock
 .data.uwTickPrio
                0x0000000020000014        0x4 ./Drivers/STM32F4xx_HAL_Driver/Src/stm32f4xx_hal.o
                0x0000000020000014                uwTickPrio
 .data.uwTickFreq
                0x0000000020000018        0x1 ./Drivers/STM32F4xx_HAL_Driver/Src/stm32f4xx_hal.o
                0x0000000020000018                uwTickFreq
 .data.eMBState
                0x0000000020000019        0x1 ./Modules/modbus/mb.o
 *fill*         0x000000002000001a        0x2 
 .data.xFuncHandlers
                0x000000002000001c       0x80 ./Modules/modbus/mb.o
 .data.__sglue  0x000000002000009c        0xc C:/ST/STM32CubeIDE_1.12.1/STM32CubeIDE/plugins/com.st.stm32cube.ide.mcu.externaltools.gnu-tools-for-stm32.11.3.rel1.win32_1.1.0.202305231506/tools/bin/../lib/gcc/arm-none-eabi/11.3.1/../../../../arm-none-eabi/lib/thumb/v7e-m+fp/hard\libc_nano.a(libc_a-findfp.o)
                0x000000002000009c                __sglue
 .data._impure_data
                0x00000000200000a8       0x4c C:/ST/STM32CubeIDE_1.12.1/STM32CubeIDE/plugins/com.st.stm32cube.ide.mcu.externaltools.gnu-tools-for-stm32.11.3.rel1.win32_1.1.0.202305231506/tools/bin/../lib/gcc/arm-none-eabi/11.3.1/../../../../arm-none-eabi/lib/thumb/v7e-m+fp/hard\libc_nano.a(libc_a-impure.o)
                0x00000000200000a8                _impure_data
 .data._impure_ptr
                0x00000000200000f4        0x4 C:/ST/STM32CubeIDE_1.12.1/STM32CubeIDE/plugins/com.st.stm32cube.ide.mcu.externaltools.gnu-tools-for-stm32.11.3.rel1.win32_1.1.0.202305231506/tools/bin/../lib/gcc/arm-none-eabi/11.3.1/../../../../arm-none-eabi/lib/thumb/v7e-m+fp/hard\libc_nano.a(libc_a-impure.o)
                0x00000000200000f4                _impure_ptr
 *(.RamFunc)
 *(.RamFunc*)
                0x00000000200000f8                . = ALIGN (0x4)
                0x00000000200000f8                _edata = .
                0x0000000008006be8                _siccmram = LOADADDR (.ccmram)

.igot.plt       0x00000000200000f8        0x0 load address 0x0000000008006be8
 .igot.plt      0x00000000200000f8        0x0 C:/ST/STM32CubeIDE_1.12.1/STM32CubeIDE/plugins/com.st.stm32cube.ide.mcu.externaltools.gnu-tools-for-stm32.11.3.rel1.win32_1.1.0.202305231506/tools/bin/../lib/gcc/arm-none-eabi/11.3.1/thumb/v7e-m+fp/hard/crtbegin.o

.ccmram         0x0000000010000000        0x0 load address 0x0000000008006be8
                0x0000000010000000                . = ALIGN (0x4)
                0x0000000010000000                _sccmram = .
 *(.ccmram)
 *(.ccmram*)
                0x0000000010000000                . = ALIGN (0x4)
                0x0000000010000000                _eccmram = .
                0x0000000010000000                . = ALIGN (0x4)

.bss            0x00000000200000f8      0x410
                0x00000000200000f8                _sbss = .
                0x00000000200000f8                __bss_start__ = _sbss
 *(.bss)
 .bss           0x00000000200000f8       0x1c C:/ST/STM32CubeIDE_1.12.1/STM32CubeIDE/plugins/com.st.stm32cube.ide.mcu.externaltools.gnu-tools-for-stm32.11.3.rel1.win32_1.1.0.202305231506/tools/bin/../lib/gcc/arm-none-eabi/11.3.1/thumb/v7e-m+fp/hard/crtbegin.o
 *(.bss*)
 .bss.htim3     0x0000000020000114       0x48 ./Core/Src/main.o
                0x0000000020000114                htim3
 .bss.htim10    0x000000002000015c       0x48 ./Core/Src/main.o
                0x000000002000015c                htim10
 .bss.huart4    0x00000000200001a4       0x44 ./Core/Src/main.o
                0x00000000200001a4                huart4
 .bss.huart1    0x00000000200001e8       0x44 ./Core/Src/main.o
                0x00000000200001e8                huart1
 .bss.tim10_elapsed_cnt
                0x000000002000022c        0x4 ./Core/Src/main.o
                0x000000002000022c                tim10_elapsed_cnt
 .bss.tim10_reminder
                0x0000000020000230        0x4 ./Core/Src/main.o
                0x0000000020000230                tim10_reminder
 .bss.f_calc    0x0000000020000234        0x1 ./Core/Src/main.o
                0x0000000020000234                f_calc
 .bss.f_error   0x0000000020000235        0x1 ./Core/Src/main.o
                0x0000000020000235                f_error
 .bss.f_start   0x0000000020000236        0x1 ./Core/Src/main.o
                0x0000000020000236                f_start
 *fill*         0x0000000020000237        0x1 
 .bss.object_speed
                0x0000000020000238        0x2 ./Core/Src/main.o
                0x0000000020000238                object_speed
 *fill*         0x000000002000023a        0x2 
 .bss.object_time_us
                0x000000002000023c        0x4 ./Core/Src/main.o
                0x000000002000023c                object_time_us
 .bss.measure_cnt
                0x0000000020000240        0x2 ./Core/Src/main.o
                0x0000000020000240                measure_cnt
 .bss.Modbus_Ctrl_Reg
                0x0000000020000242        0x1 ./Core/Src/main.o
                0x0000000020000242                Modbus_Ctrl_Reg
 *fill*         0x0000000020000243        0x1 
 .bss.__sbrk_heap_end
                0x0000000020000244        0x4 ./Core/Src/sysmem.o
 .bss.uwTick    0x0000000020000248        0x4 ./Drivers/STM32F4xx_HAL_Driver/Src/stm32f4xx_hal.o
                0x0000000020000248                uwTick
 .bss.ucMBSlaveID
                0x000000002000024c       0x20 ./Modules/modbus/functions/mbfuncother.o
 .bss.usMBSlaveIDLen
                0x000000002000026c        0x2 ./Modules/modbus/functions/mbfuncother.o
 .bss.ucMBAddress
                0x000000002000026e        0x1 ./Modules/modbus/mb.o
 .bss.eMBCurrentMode
                0x000000002000026f        0x1 ./Modules/modbus/mb.o
 .bss.peMBFrameSendCur
                0x0000000020000270        0x4 ./Modules/modbus/mb.o
 .bss.pvMBFrameStartCur
                0x0000000020000274        0x4 ./Modules/modbus/mb.o
 .bss.pvMBFrameStopCur
                0x0000000020000278        0x4 ./Modules/modbus/mb.o
 .bss.peMBFrameReceiveCur
                0x000000002000027c        0x4 ./Modules/modbus/mb.o
 .bss.pvMBFrameCloseCur
                0x0000000020000280        0x4 ./Modules/modbus/mb.o
 .bss.pxMBFrameCBByteReceived
                0x0000000020000284        0x4 ./Modules/modbus/mb.o
                0x0000000020000284                pxMBFrameCBByteReceived
 .bss.pxMBFrameCBTransmitterEmpty
                0x0000000020000288        0x4 ./Modules/modbus/mb.o
                0x0000000020000288                pxMBFrameCBTransmitterEmpty
 .bss.pxMBPortCBTimerExpired
                0x000000002000028c        0x4 ./Modules/modbus/mb.o
                0x000000002000028c                pxMBPortCBTimerExpired
 .bss.ucRcvAddress.4
                0x0000000020000290        0x1 ./Modules/modbus/mb.o
 *fill*         0x0000000020000291        0x3 
 .bss.ucMBFrame.3
                0x0000000020000294        0x4 ./Modules/modbus/mb.o
 .bss.usLength.2
                0x0000000020000298        0x2 ./Modules/modbus/mb.o
 .bss.ucFunctionCode.1
                0x000000002000029a        0x1 ./Modules/modbus/mb.o
 .bss.eException.0
                0x000000002000029b        0x1 ./Modules/modbus/mb.o
 .bss.lockCounter
                0x000000002000029c        0x4 ./Modules/modbus/port/mt_port.o
 .bss.modbusUart
                0x00000000200002a0        0x4 ./Modules/modbus/port/mt_port.o
                0x00000000200002a0                modbusUart
 .bss.modbusTimer
                0x00000000200002a4        0x4 ./Modules/modbus/port/mt_port.o
                0x00000000200002a4                modbusTimer
 .bss.eQueuedEvent
                0x00000000200002a8        0x1 ./Modules/modbus/port/portevent.o
 .bss.xEventInQueue
                0x00000000200002a9        0x1 ./Modules/modbus/port/portevent.o
 .bss.txByte    0x00000000200002aa        0x1 ./Modules/modbus/port/portserial.o
                0x00000000200002aa                txByte
 .bss.rxByte    0x00000000200002ab        0x1 ./Modules/modbus/port/portserial.o
                0x00000000200002ab                rxByte
 .bss.timerPeriod
                0x00000000200002ac        0x2 ./Modules/modbus/port/porttimer.o
                0x00000000200002ac                timerPeriod
 .bss.timerCounter
                0x00000000200002ae        0x2 ./Modules/modbus/port/porttimer.o
                0x00000000200002ae                timerCounter
 .bss.eSndState
                0x00000000200002b0        0x1 ./Modules/modbus/rtu/mbrtu.o
 .bss.eRcvState
                0x00000000200002b1        0x1 ./Modules/modbus/rtu/mbrtu.o
 *fill*         0x00000000200002b2        0x2 
 .bss.ucRTUBuf  0x00000000200002b4      0x100 ./Modules/modbus/rtu/mbrtu.o
                0x00000000200002b4                ucRTUBuf
 .bss.pucSndBufferCur
                0x00000000200003b4        0x4 ./Modules/modbus/rtu/mbrtu.o
 .bss.usSndBufferCount
                0x00000000200003b8        0x2 ./Modules/modbus/rtu/mbrtu.o
 .bss.usRcvBufferPos
                0x00000000200003ba        0x2 ./Modules/modbus/rtu/mbrtu.o
 .bss.__sf      0x00000000200003bc      0x138 C:/ST/STM32CubeIDE_1.12.1/STM32CubeIDE/plugins/com.st.stm32cube.ide.mcu.externaltools.gnu-tools-for-stm32.11.3.rel1.win32_1.1.0.202305231506/tools/bin/../lib/gcc/arm-none-eabi/11.3.1/../../../../arm-none-eabi/lib/thumb/v7e-m+fp/hard\libc_nano.a(libc_a-findfp.o)
                0x00000000200003bc                __sf
 .bss.__stdio_exit_handler
                0x00000000200004f4        0x4 C:/ST/STM32CubeIDE_1.12.1/STM32CubeIDE/plugins/com.st.stm32cube.ide.mcu.externaltools.gnu-tools-for-stm32.11.3.rel1.win32_1.1.0.202305231506/tools/bin/../lib/gcc/arm-none-eabi/11.3.1/../../../../arm-none-eabi/lib/thumb/v7e-m+fp/hard\libc_nano.a(libc_a-findfp.o)
                0x00000000200004f4                __stdio_exit_handler
 .bss.errno     0x00000000200004f8        0x4 C:/ST/STM32CubeIDE_1.12.1/STM32CubeIDE/plugins/com.st.stm32cube.ide.mcu.externaltools.gnu-tools-for-stm32.11.3.rel1.win32_1.1.0.202305231506/tools/bin/../lib/gcc/arm-none-eabi/11.3.1/../../../../arm-none-eabi/lib/thumb/v7e-m+fp/hard\libc_nano.a(libc_a-reent.o)
                0x00000000200004f8                errno
 .bss.__lock___malloc_recursive_mutex
                0x00000000200004fc        0x1 C:/ST/STM32CubeIDE_1.12.1/STM32CubeIDE/plugins/com.st.stm32cube.ide.mcu.externaltools.gnu-tools-for-stm32.11.3.rel1.win32_1.1.0.202305231506/tools/bin/../lib/gcc/arm-none-eabi/11.3.1/../../../../arm-none-eabi/lib/thumb/v7e-m+fp/hard\libc_nano.a(libc_a-lock.o)
                0x00000000200004fc                __lock___malloc_recursive_mutex
 .bss.__lock___sfp_recursive_mutex
                0x00000000200004fd        0x1 C:/ST/STM32CubeIDE_1.12.1/STM32CubeIDE/plugins/com.st.stm32cube.ide.mcu.externaltools.gnu-tools-for-stm32.11.3.rel1.win32_1.1.0.202305231506/tools/bin/../lib/gcc/arm-none-eabi/11.3.1/../../../../arm-none-eabi/lib/thumb/v7e-m+fp/hard\libc_nano.a(libc_a-lock.o)
                0x00000000200004fd                __lock___sfp_recursive_mutex
 *fill*         0x00000000200004fe        0x2 
 .bss.__malloc_free_list
                0x0000000020000500        0x4 C:/ST/STM32CubeIDE_1.12.1/STM32CubeIDE/plugins/com.st.stm32cube.ide.mcu.externaltools.gnu-tools-for-stm32.11.3.rel1.win32_1.1.0.202305231506/tools/bin/../lib/gcc/arm-none-eabi/11.3.1/../../../../arm-none-eabi/lib/thumb/v7e-m+fp/hard\libc_nano.a(libc_a-mallocr.o)
                0x0000000020000500                __malloc_free_list
 .bss.__malloc_sbrk_start
                0x0000000020000504        0x4 C:/ST/STM32CubeIDE_1.12.1/STM32CubeIDE/plugins/com.st.stm32cube.ide.mcu.externaltools.gnu-tools-for-stm32.11.3.rel1.win32_1.1.0.202305231506/tools/bin/../lib/gcc/arm-none-eabi/11.3.1/../../../../arm-none-eabi/lib/thumb/v7e-m+fp/hard\libc_nano.a(libc_a-mallocr.o)
                0x0000000020000504                __malloc_sbrk_start
 *(COMMON)
                0x0000000020000508                . = ALIGN (0x4)
                0x0000000020000508                _ebss = .
                0x0000000020000508                __bss_end__ = _ebss

._user_heap_stack
                0x0000000020000508      0x600
                0x0000000020000508                . = ALIGN (0x8)
                [!provide]                        PROVIDE (end = .)
                0x0000000020000508                PROVIDE (_end = .)
                0x0000000020000708                . = (. + _Min_Heap_Size)
 *fill*         0x0000000020000508      0x200 
                0x0000000020000b08                . = (. + _Min_Stack_Size)
 *fill*         0x0000000020000708      0x400 
                0x0000000020000b08                . = ALIGN (0x8)

/DISCARD/
 libc.a(*)
 libm.a(*)
 libgcc.a(*)

.ARM.attributes
                0x0000000000000000       0x30
 *(.ARM.attributes)
 .ARM.attributes
                0x0000000000000000       0x1e C:/ST/STM32CubeIDE_1.12.1/STM32CubeIDE/plugins/com.st.stm32cube.ide.mcu.externaltools.gnu-tools-for-stm32.11.3.rel1.win32_1.1.0.202305231506/tools/bin/../lib/gcc/arm-none-eabi/11.3.1/thumb/v7e-m+fp/hard/crti.o
 .ARM.attributes
                0x000000000000001e       0x34 C:/ST/STM32CubeIDE_1.12.1/STM32CubeIDE/plugins/com.st.stm32cube.ide.mcu.externaltools.gnu-tools-for-stm32.11.3.rel1.win32_1.1.0.202305231506/tools/bin/../lib/gcc/arm-none-eabi/11.3.1/thumb/v7e-m+fp/hard/crtbegin.o
 .ARM.attributes
                0x0000000000000052       0x34 ./Core/Src/main.o
 .ARM.attributes
                0x0000000000000086       0x34 ./Core/Src/stm32f4xx_hal_msp.o
 .ARM.attributes
                0x00000000000000ba       0x34 ./Core/Src/stm32f4xx_it.o
 .ARM.attributes
                0x00000000000000ee       0x34 ./Core/Src/syscalls.o
 .ARM.attributes
                0x0000000000000122       0x34 ./Core/Src/sysmem.o
 .ARM.attributes
                0x0000000000000156       0x34 ./Core/Src/system_stm32f4xx.o
 .ARM.attributes
                0x000000000000018a       0x21 ./Core/Startup/startup_stm32f407ighx.o
 .ARM.attributes
                0x00000000000001ab       0x34 ./Drivers/STM32F4xx_HAL_Driver/Src/stm32f4xx_hal.o
 .ARM.attributes
                0x00000000000001df       0x34 ./Drivers/STM32F4xx_HAL_Driver/Src/stm32f4xx_hal_cortex.o
 .ARM.attributes
                0x0000000000000213       0x34 ./Drivers/STM32F4xx_HAL_Driver/Src/stm32f4xx_hal_dma.o
 .ARM.attributes
                0x0000000000000247       0x34 ./Drivers/STM32F4xx_HAL_Driver/Src/stm32f4xx_hal_gpio.o
 .ARM.attributes
                0x000000000000027b       0x34 ./Drivers/STM32F4xx_HAL_Driver/Src/stm32f4xx_hal_rcc.o
 .ARM.attributes
                0x00000000000002af       0x34 ./Drivers/STM32F4xx_HAL_Driver/Src/stm32f4xx_hal_tim.o
 .ARM.attributes
                0x00000000000002e3       0x34 ./Drivers/STM32F4xx_HAL_Driver/Src/stm32f4xx_hal_tim_ex.o
 .ARM.attributes
                0x0000000000000317       0x34 ./Drivers/STM32F4xx_HAL_Driver/Src/stm32f4xx_hal_uart.o
 .ARM.attributes
                0x000000000000034b       0x34 ./Modules/modbus/functions/mbfunccoils.o
 .ARM.attributes
                0x000000000000037f       0x34 ./Modules/modbus/functions/mbfuncdisc.o
 .ARM.attributes
                0x00000000000003b3       0x34 ./Modules/modbus/functions/mbfuncholding.o
 .ARM.attributes
                0x00000000000003e7       0x34 ./Modules/modbus/functions/mbfuncinput.o
 .ARM.attributes
                0x000000000000041b       0x34 ./Modules/modbus/functions/mbfuncother.o
 .ARM.attributes
                0x000000000000044f       0x34 ./Modules/modbus/functions/mbutils.o
 .ARM.attributes
                0x0000000000000483       0x34 ./Modules/modbus/mb.o
 .ARM.attributes
                0x00000000000004b7       0x34 ./Modules/modbus/port/mt_port.o
 .ARM.attributes
                0x00000000000004eb       0x34 ./Modules/modbus/port/portevent.o
 .ARM.attributes
                0x000000000000051f       0x34 ./Modules/modbus/port/portserial.o
 .ARM.attributes
                0x0000000000000553       0x34 ./Modules/modbus/port/porttimer.o
 .ARM.attributes
                0x0000000000000587       0x34 ./Modules/modbus/rtu/mbcrc.o
 .ARM.attributes
                0x00000000000005bb       0x34 ./Modules/modbus/rtu/mbrtu.o
 .ARM.attributes
                0x00000000000005ef       0x34 C:/ST/STM32CubeIDE_1.12.1/STM32CubeIDE/plugins/com.st.stm32cube.ide.mcu.externaltools.gnu-tools-for-stm32.11.3.rel1.win32_1.1.0.202305231506/tools/bin/../lib/gcc/arm-none-eabi/11.3.1/../../../../arm-none-eabi/lib/thumb/v7e-m+fp/hard\libc_nano.a(libc_a-assert.o)
 .ARM.attributes
                0x0000000000000623       0x34 C:/ST/STM32CubeIDE_1.12.1/STM32CubeIDE/plugins/com.st.stm32cube.ide.mcu.externaltools.gnu-tools-for-stm32.11.3.rel1.win32_1.1.0.202305231506/tools/bin/../lib/gcc/arm-none-eabi/11.3.1/../../../../arm-none-eabi/lib/thumb/v7e-m+fp/hard\libc_nano.a(libc_a-findfp.o)
 .ARM.attributes
                0x0000000000000657       0x34 C:/ST/STM32CubeIDE_1.12.1/STM32CubeIDE/plugins/com.st.stm32cube.ide.mcu.externaltools.gnu-tools-for-stm32.11.3.rel1.win32_1.1.0.202305231506/tools/bin/../lib/gcc/arm-none-eabi/11.3.1/../../../../arm-none-eabi/lib/thumb/v7e-m+fp/hard\libc_nano.a(libc_a-fprintf.o)
 .ARM.attributes
                0x000000000000068b       0x34 C:/ST/STM32CubeIDE_1.12.1/STM32CubeIDE/plugins/com.st.stm32cube.ide.mcu.externaltools.gnu-tools-for-stm32.11.3.rel1.win32_1.1.0.202305231506/tools/bin/../lib/gcc/arm-none-eabi/11.3.1/../../../../arm-none-eabi/lib/thumb/v7e-m+fp/hard\libc_nano.a(libc_a-fwalk.o)
 .ARM.attributes
                0x00000000000006bf       0x34 C:/ST/STM32CubeIDE_1.12.1/STM32CubeIDE/plugins/com.st.stm32cube.ide.mcu.externaltools.gnu-tools-for-stm32.11.3.rel1.win32_1.1.0.202305231506/tools/bin/../lib/gcc/arm-none-eabi/11.3.1/../../../../arm-none-eabi/lib/thumb/v7e-m+fp/hard\libc_nano.a(libc_a-stdio.o)
 .ARM.attributes
                0x00000000000006f3       0x34 C:/ST/STM32CubeIDE_1.12.1/STM32CubeIDE/plugins/com.st.stm32cube.ide.mcu.externaltools.gnu-tools-for-stm32.11.3.rel1.win32_1.1.0.202305231506/tools/bin/../lib/gcc/arm-none-eabi/11.3.1/../../../../arm-none-eabi/lib/thumb/v7e-m+fp/hard\libc_nano.a(libc_a-memset.o)
 .ARM.attributes
                0x0000000000000727       0x34 C:/ST/STM32CubeIDE_1.12.1/STM32CubeIDE/plugins/com.st.stm32cube.ide.mcu.externaltools.gnu-tools-for-stm32.11.3.rel1.win32_1.1.0.202305231506/tools/bin/../lib/gcc/arm-none-eabi/11.3.1/../../../../arm-none-eabi/lib/thumb/v7e-m+fp/hard\libc_nano.a(libc_a-closer.o)
 .ARM.attributes
                0x000000000000075b       0x34 C:/ST/STM32CubeIDE_1.12.1/STM32CubeIDE/plugins/com.st.stm32cube.ide.mcu.externaltools.gnu-tools-for-stm32.11.3.rel1.win32_1.1.0.202305231506/tools/bin/../lib/gcc/arm-none-eabi/11.3.1/../../../../arm-none-eabi/lib/thumb/v7e-m+fp/hard\libc_nano.a(libc_a-reent.o)
 .ARM.attributes
                0x000000000000078f       0x34 C:/ST/STM32CubeIDE_1.12.1/STM32CubeIDE/plugins/com.st.stm32cube.ide.mcu.externaltools.gnu-tools-for-stm32.11.3.rel1.win32_1.1.0.202305231506/tools/bin/../lib/gcc/arm-none-eabi/11.3.1/../../../../arm-none-eabi/lib/thumb/v7e-m+fp/hard\libc_nano.a(libc_a-impure.o)
 .ARM.attributes
                0x00000000000007c3       0x34 C:/ST/STM32CubeIDE_1.12.1/STM32CubeIDE/plugins/com.st.stm32cube.ide.mcu.externaltools.gnu-tools-for-stm32.11.3.rel1.win32_1.1.0.202305231506/tools/bin/../lib/gcc/arm-none-eabi/11.3.1/../../../../arm-none-eabi/lib/thumb/v7e-m+fp/hard\libc_nano.a(libc_a-lseekr.o)
 .ARM.attributes
                0x00000000000007f7       0x34 C:/ST/STM32CubeIDE_1.12.1/STM32CubeIDE/plugins/com.st.stm32cube.ide.mcu.externaltools.gnu-tools-for-stm32.11.3.rel1.win32_1.1.0.202305231506/tools/bin/../lib/gcc/arm-none-eabi/11.3.1/../../../../arm-none-eabi/lib/thumb/v7e-m+fp/hard\libc_nano.a(libc_a-readr.o)
 .ARM.attributes
                0x000000000000082b       0x34 C:/ST/STM32CubeIDE_1.12.1/STM32CubeIDE/plugins/com.st.stm32cube.ide.mcu.externaltools.gnu-tools-for-stm32.11.3.rel1.win32_1.1.0.202305231506/tools/bin/../lib/gcc/arm-none-eabi/11.3.1/../../../../arm-none-eabi/lib/thumb/v7e-m+fp/hard\libc_nano.a(libc_a-writer.o)
 .ARM.attributes
                0x000000000000085f       0x34 C:/ST/STM32CubeIDE_1.12.1/STM32CubeIDE/plugins/com.st.stm32cube.ide.mcu.externaltools.gnu-tools-for-stm32.11.3.rel1.win32_1.1.0.202305231506/tools/bin/../lib/gcc/arm-none-eabi/11.3.1/../../../../arm-none-eabi/lib/thumb/v7e-m+fp/hard\libc_nano.a(libc_a-errno.o)
 .ARM.attributes
                0x0000000000000893       0x34 C:/ST/STM32CubeIDE_1.12.1/STM32CubeIDE/plugins/com.st.stm32cube.ide.mcu.externaltools.gnu-tools-for-stm32.11.3.rel1.win32_1.1.0.202305231506/tools/bin/../lib/gcc/arm-none-eabi/11.3.1/../../../../arm-none-eabi/lib/thumb/v7e-m+fp/hard\libc_nano.a(libc_a-init.o)
 .ARM.attributes
                0x00000000000008c7       0x34 C:/ST/STM32CubeIDE_1.12.1/STM32CubeIDE/plugins/com.st.stm32cube.ide.mcu.externaltools.gnu-tools-for-stm32.11.3.rel1.win32_1.1.0.202305231506/tools/bin/../lib/gcc/arm-none-eabi/11.3.1/../../../../arm-none-eabi/lib/thumb/v7e-m+fp/hard\libc_nano.a(libc_a-lock.o)
 .ARM.attributes
                0x00000000000008fb       0x34 C:/ST/STM32CubeIDE_1.12.1/STM32CubeIDE/plugins/com.st.stm32cube.ide.mcu.externaltools.gnu-tools-for-stm32.11.3.rel1.win32_1.1.0.202305231506/tools/bin/../lib/gcc/arm-none-eabi/11.3.1/../../../../arm-none-eabi/lib/thumb/v7e-m+fp/hard\libc_nano.a(libc_a-memcpy-stub.o)
 .ARM.attributes
                0x000000000000092f       0x34 C:/ST/STM32CubeIDE_1.12.1/STM32CubeIDE/plugins/com.st.stm32cube.ide.mcu.externaltools.gnu-tools-for-stm32.11.3.rel1.win32_1.1.0.202305231506/tools/bin/../lib/gcc/arm-none-eabi/11.3.1/../../../../arm-none-eabi/lib/thumb/v7e-m+fp/hard\libc_nano.a(libc_a-abort.o)
 .ARM.attributes
                0x0000000000000963       0x34 C:/ST/STM32CubeIDE_1.12.1/STM32CubeIDE/plugins/com.st.stm32cube.ide.mcu.externaltools.gnu-tools-for-stm32.11.3.rel1.win32_1.1.0.202305231506/tools/bin/../lib/gcc/arm-none-eabi/11.3.1/../../../../arm-none-eabi/lib/thumb/v7e-m+fp/hard\libc_nano.a(libc_a-freer.o)
 .ARM.attributes
                0x0000000000000997       0x34 C:/ST/STM32CubeIDE_1.12.1/STM32CubeIDE/plugins/com.st.stm32cube.ide.mcu.externaltools.gnu-tools-for-stm32.11.3.rel1.win32_1.1.0.202305231506/tools/bin/../lib/gcc/arm-none-eabi/11.3.1/../../../../arm-none-eabi/lib/thumb/v7e-m+fp/hard\libc_nano.a(libc_a-mallocr.o)
 .ARM.attributes
                0x00000000000009cb       0x34 C:/ST/STM32CubeIDE_1.12.1/STM32CubeIDE/plugins/com.st.stm32cube.ide.mcu.externaltools.gnu-tools-for-stm32.11.3.rel1.win32_1.1.0.202305231506/tools/bin/../lib/gcc/arm-none-eabi/11.3.1/../../../../arm-none-eabi/lib/thumb/v7e-m+fp/hard\libc_nano.a(libc_a-mlock.o)
 .ARM.attributes
                0x00000000000009ff       0x34 C:/ST/STM32CubeIDE_1.12.1/STM32CubeIDE/plugins/com.st.stm32cube.ide.mcu.externaltools.gnu-tools-for-stm32.11.3.rel1.win32_1.1.0.202305231506/tools/bin/../lib/gcc/arm-none-eabi/11.3.1/../../../../arm-none-eabi/lib/thumb/v7e-m+fp/hard\libc_nano.a(libc_a-nano-vfprintf.o)
 .ARM.attributes
                0x0000000000000a33       0x34 C:/ST/STM32CubeIDE_1.12.1/STM32CubeIDE/plugins/com.st.stm32cube.ide.mcu.externaltools.gnu-tools-for-stm32.11.3.rel1.win32_1.1.0.202305231506/tools/bin/../lib/gcc/arm-none-eabi/11.3.1/../../../../arm-none-eabi/lib/thumb/v7e-m+fp/hard\libc_nano.a(libc_a-nano-vfprintf_i.o)
 .ARM.attributes
                0x0000000000000a67       0x34 C:/ST/STM32CubeIDE_1.12.1/STM32CubeIDE/plugins/com.st.stm32cube.ide.mcu.externaltools.gnu-tools-for-stm32.11.3.rel1.win32_1.1.0.202305231506/tools/bin/../lib/gcc/arm-none-eabi/11.3.1/../../../../arm-none-eabi/lib/thumb/v7e-m+fp/hard\libc_nano.a(libc_a-fflush.o)
 .ARM.attributes
                0x0000000000000a9b       0x34 C:/ST/STM32CubeIDE_1.12.1/STM32CubeIDE/plugins/com.st.stm32cube.ide.mcu.externaltools.gnu-tools-for-stm32.11.3.rel1.win32_1.1.0.202305231506/tools/bin/../lib/gcc/arm-none-eabi/11.3.1/../../../../arm-none-eabi/lib/thumb/v7e-m+fp/hard\libc_nano.a(libc_a-wbuf.o)
 .ARM.attributes
                0x0000000000000acf       0x34 C:/ST/STM32CubeIDE_1.12.1/STM32CubeIDE/plugins/com.st.stm32cube.ide.mcu.externaltools.gnu-tools-for-stm32.11.3.rel1.win32_1.1.0.202305231506/tools/bin/../lib/gcc/arm-none-eabi/11.3.1/../../../../arm-none-eabi/lib/thumb/v7e-m+fp/hard\libc_nano.a(libc_a-wsetup.o)
 .ARM.attributes
                0x0000000000000b03       0x34 C:/ST/STM32CubeIDE_1.12.1/STM32CubeIDE/plugins/com.st.stm32cube.ide.mcu.externaltools.gnu-tools-for-stm32.11.3.rel1.win32_1.1.0.202305231506/tools/bin/../lib/gcc/arm-none-eabi/11.3.1/../../../../arm-none-eabi/lib/thumb/v7e-m+fp/hard\libc_nano.a(libc_a-signal.o)