../Core/Src/main.c:189:6:SystemClock_Config	88	static,ignoring_inline_asm
../Core/Src/main.c:96:5:main	112	static,ignoring_inline_asm
../Core/Src/main.c:492:6:HAL_GPIO_EXTI_Callback	24	static,ignoring_inline_asm
../Core/Src/main.c:544:6:HAL_UART_RxCpltCallback	0	static
../Core/Src/main.c:553:6:HAL_UART_TxCpltCallback	0	static
../Core/Src/main.c:562:6:HAL_TIM_PeriodElapsedCallback	16	static,ignoring_inline_asm
../Core/Src/main.c:644:14:eMBRegInputCB	0	static
../Core/Src/main.c:673:14:eMBRegHoldingCB	12	static
../Core/Src/main.c:718:14:eMBRegCoilsCB	64	static,ignoring_inline_asm
../Core/Src/main.c:768:14:eMBRegDiscreteCB	0	static
../Core/Src/main.c:820:6:LTC2870_RX485_En_Rx	8	static
../Core/Src/main.c:830:6:LTC2870_RX485_En_Tx	8	static
../Core/Src/main.c:842:6:Error_Handler	0	static,ignoring_inline_asm
