../Core/Src/main.c:96:5:main	24	static,ignoring_inline_asm
../Core/Src/main.c:188:6:SystemClock_Config	88	static
../Core/Src/main.c:232:13:MX_NVIC_Init	8	static
../Core/Src/main.c:253:13:MX_TIM3_Init	32	static
../Core/Src/main.c:298:13:MX_TIM10_Init	8	static
../Core/Src/main.c:329:13:MX_UART4_Init	8	static
../Core/Src/main.c:362:13:MX_USART1_UART_Init	8	static
../Core/Src/main.c:395:13:MX_GPIO_Init	56	static
../Core/Src/main.c:491:6:HAL_GPIO_EXTI_Callback	16	static,ignoring_inline_asm
../Core/Src/main.c:543:6:HAL_UART_RxCpltCallback	16	static
../Core/Src/main.c:552:6:HAL_UART_TxCpltCallback	16	static
../Core/Src/main.c:561:6:HAL_TIM_PeriodElapsedCallback	16	static,ignoring_inline_asm
../Core/Src/main.c:596:13:Init_SpeedMeasure	8	static,ignoring_inline_asm
../Core/Src/main.c:615:13:Calculate_Speed	16	static
../Core/Src/main.c:643:14:eMBRegInputCB	24	static
../Core/Src/main.c:672:14:eMBRegHoldingCB	32	static
../Core/Src/main.c:717:14:eMBRegCoilsCB	40	static
../Core/Src/main.c:767:14:eMBRegDiscreteCB	16	static
../Core/Src/main.c:777:13:CtrlRegister_Handler	40	static
../Core/Src/main.c:821:6:Error_Handler	4	static,ignoring_inline_asm
