../Core/Src/main.c:96:5:main	24	static,ignoring_inline_asm
../Core/Src/main.c:189:6:SystemClock_Config	88	static
../Core/Src/main.c:233:13:MX_NVIC_Init	8	static
../Core/Src/main.c:254:13:MX_TIM3_Init	32	static
../Core/Src/main.c:299:13:MX_TIM10_Init	8	static
../Core/Src/main.c:330:13:MX_UART4_Init	8	static
../Core/Src/main.c:363:13:MX_USART1_UART_Init	8	static
../Core/Src/main.c:396:13:MX_GPIO_Init	56	static
../Core/Src/main.c:492:6:HAL_GPIO_EXTI_Callback	16	static,ignoring_inline_asm
../Core/Src/main.c:544:6:HAL_UART_RxCpltCallback	16	static
../Core/Src/main.c:553:6:HAL_UART_TxCpltCallback	16	static
../Core/Src/main.c:562:6:HAL_TIM_PeriodElapsedCallback	16	static,ignoring_inline_asm
../Core/Src/main.c:597:13:Init_SpeedMeasure	8	static,ignoring_inline_asm
../Core/Src/main.c:616:13:Calculate_Speed	16	static
../Core/Src/main.c:644:14:eMBRegInputCB	24	static
../Core/Src/main.c:673:14:eMBRegHoldingCB	32	static
../Core/Src/main.c:718:14:eMBRegCoilsCB	40	static
../Core/Src/main.c:768:14:eMBRegDiscreteCB	16	static
../Core/Src/main.c:778:13:CtrlRegister_Handler	40	static
../Core/Src/main.c:820:6:LTC2870_RX485_En_Rx	8	static
../Core/Src/main.c:830:6:LTC2870_RX485_En_Tx	8	static
../Core/Src/main.c:842:6:Error_Handler	4	static,ignoring_inline_asm
