../Modules/modbus/port/portserial.c:40:1:vMBPortSerialEnable	16	static
../Modules/modbus/port/portserial.c:64:1:xMBPortSerialInit	16	static
../Modules/modbus/port/portserial.c:70:1:xMBPortSerialPutByte	16	static
../Modules/modbus/port/portserial.c:78:1:xMBPortSerialGetByte	16	static
../Modules/modbus/port/portserial.c:91:13:prvvUARTTxReadyISR	8	static
../Modules/modbus/port/portserial.c:101:13:prvvUARTRxISR	8	static
../Modules/modbus/port/portserial.c:107:6:HAL_UART_TxCpltCallback_modbus	16	static
../Modules/modbus/port/portserial.c:115:6:HAL_UART_RxCpltCallback_modbus	16	static
